               .deffile adi_defs.asm
               .deffile ddi_defs.asm
               .deffile reg_defs.asm
               .deffile sce_defs.asm
               
               ; Number of supported tasks
               .define TASK_COUNT      1
               
               ; Resource-specified definitions, if any
               .define AUXIO_I2C_SCL           9
               .define AUXIO_I2C_SDA           8
               .define I2C_BASE_DELAY          9
               .define I2C_EXT_DELAY           4
               .define I2C_STRETCH_TIMEOUT_US  1
               .define I2C_WAIT_STRETCH_DELAY  5
               .alias  i2cTaskName             i2c
               
               
               .segment begin "Framework"
               
               
               VectorTable:
0000 ---- 1408                         jsr         PowerUp
0001 ---- 040c                         jmp         TaskCtrlReqVector
0002 ---- 1408                         jsr         PowerUp
0003 ---- 042c                         jmp         AonRtcCh2Vector
0004 ---- 1408                         jsr         PowerUp
0005 ---- 0447                         jmp         Event0Vector
0006 ---- 1408                         jsr         PowerUp
0007 ---- 044d                         jmp         TaskAlertAckVector
               
               
               
               
               PowerUp:
                                       ; Deassert the power-down request
0008 ---- 4436                         iobclr      #0, [#IOP_WUC_PWRDWNREQ]
               
                                       ; Wait for it to take effect
0009 ---- 2437 /waitForPdAck:          iobtst      #0, [#IOP_WUC_PWRDWNACK]
000a ---- aefe                         biob1       /waitForPdAck
               
               FwEmptyFunc:            ; Done
000b ---- adb7                         rts
               
               
               
               
               TaskCtrlReqVector:
                                       ; Clear the vector flag
000c ---- 6442                         iobset      #0, [#IOP_EVCTL_VECFLAGSCLR]
               
                                       ; For each task ...
000d ---- 7000                         ld          R7, #0
               /loop:
                                           ; Save the task ID
000e ---- 7c6b                             st          R7, [#fwCtrlInt/taskId]
               
                                           ; Handle initialize request, if any
000f ---- 6871                             ld          R6, [#fwCtrlExt/bvTaskInitializeReq]
0010 ---- 0068                             ld          R0, #pFwTaskInitializeFuncTable
0011 ---- 1425                             jsr         /handleReq
               
                                           ; Handle execute request, if any
0012 ---- 6872                             ld          R6, [#fwCtrlExt/bvTaskExecuteReq]
0013 ---- 0069                             ld          R0, #pFwTaskExecuteFuncTable
0014 ---- 1425                             jsr         /handleReq
               
                                           ; Handle terminate request, if any
0015 ---- 6873                             ld          R6, [#fwCtrlExt/bvTaskTerminateReq]
0016 ---- 006a                             ld          R0, #pFwTaskTerminateFuncTable
0017 ---- 1425                             jsr         /handleReq
               
                                           ; Move on to the next task
0018 ---- 786b                             ld          R7, [#fwCtrlInt/taskId]
0019 ---- f801                             add         R7, #1
               
001a ---- fa01                         cmp         R7, #TASK_COUNT
001b ---- bef2                         bneq        /loop
               
                                       ; Update which tasks are ...
001c ---- 786f                         ld          R7, [#fwCtrlExt/bvActiveTasks]
                                       ; ... currently active ...
001d ---- 6871                         ld          R6, [#fwCtrlExt/bvTaskInitializeReq]
001e ---- fd0e                         or          R7, R6
                                       ; ... and inactive ...
001f ---- 6873                         ld          R6, [#fwCtrlExt/bvTaskTerminateReq]
0020 ---- ed92                         inv         R6
0021 ---- fd06                         and         R7, R6
0022 ---- 7c6f                         st          R7, [#fwCtrlExt/bvActiveTasks]
               
                                       ; We're READY for another request
0023 ---- 642d                         iobset      #IOB_EVCTL_SWEV_READY, [#IOP_EVCTL_SWEVSET]
               
                                       ; Generate an ALERT interrupt if needed before powering back down
0024 ---- 0450                         jmp         GenAlertInterrupt;
               
               /handleReq:
                                       ; Restore the task ID, and load the function pointer (here to avoid pipeline hazard)
0025 ---- 786b                         ld          R7, [#fwCtrlInt/taskId]
0026 ---- 8f1f                         ld          R0, [R7+R0]
               
                                       ; Skip this request?
0027 ---- ed8f                         lsr         R6, R7
0028 ---- ec01                         tst         R6, #0x0001
0029 ---- be01                         bnz         /noSkip
002a ---- adb7                             rts
               /noSkip:
                                       ; Make the call by jump, with return (rts) in the "called" function
002b ---- 8db7                         jmp         R0
               
               
               
               
               AonRtcCh2Vector:
                                       ; Start clearing the RTC event
002c ---- 6630                         iobset      #IOB_WUC_WUEV_RTC, [#IOP_WUC_WUEVCLR]
               
                                       ; Clear the vector flag
002d ---- 6542                         iobset      #1, [#IOP_EVCTL_VECFLAGSCLR]
               
                                       ; For each task (R0 is the current task ID) ...
002e ---- 0000                         ld          R0, #0
               /loop:
                                           ; ... that is active ...
002f ---- 186f                             ld          R1, [#fwCtrlExt/bvActiveTasks]
0030 ---- 9d88                             lsr         R1, R0
0031 ---- 9c01                             tst         R1, #0x0001
0032 ---- b60d                             bz          /skip
               
                                               ; Fetch number of RTC intervals until next execution
0033 ---- 1067                                 ld          R1, #pFwTaskExecuteScheduleTable
0034 ---- af19                                 ld          R2, [R1+R0]
               
                                               ; If not already 0, decrement and store. If then 0 ...
0035 ---- aa00                                 cmp         R2, #0
0036 ---- b609                                 beq         /skip
0037 ---- a8ff                                 add         R2, #-1
0038 ---- af39                                 st          R2, [R1+R0]
0039 ---- be06                                 bnz         /skip
               
                                                   ; ... execute the task
003a ---- 0c6b                                     st          R0, [#fwCtrlInt/taskId]
003b ---- 8869                                     add         R0, #pFwTaskExecuteFuncTable
003c ---- 8f08                                     ld          R0, [R0]
                                                   ; Insert NOP to avoid pipeline hazard
003d ---- fd47                                     nop
003e ---- 9db7                                     jsr         R0
003f ---- 086b                                     ld          R0, [#fwCtrlInt/taskId]
               /skip:
                                           ; Move on to the next task
0040 ---- 8801                             add         R0, #1
               
0041 ---- 8a01                         cmp         R0, #TASK_COUNT
0042 ---- beec                         bneq        /loop
               
                                       ; Wait for the ACK event to be cleared
0043 ---- 262f /waitOnRtcClearing:     iobtst      #IOB_WUC_WUEV_RTC, [#IOP_WUC_WUEVFLAGS]
0044 ---- aefe                         biob1       /waitOnRtcClearing
0045 ---- 4630                         iobclr      #IOB_WUC_WUEV_RTC, [#IOP_WUC_WUEVCLR]
               
                                       ; Generate an ALERT interrupt if needed
0046 ---- 0450                         jmp         GenAlertInterrupt;
               
               
               
               
               Event0Vector:
                                       ; Disable and clear the vector flag
0047 ---- 5527                         iobclr      #IOB_EVCTL_VECCFG1_VEC2_EN, [#IOP_EVCTL_VECCFG1]
0048 ---- 6642                         iobset      #2, [#IOP_EVCTL_VECFLAGSCLR]
               
                                       ; Set the task ID
0049 ---- 0000                         ld          R0, #0
004a ---- 0c6b                         st          R0, [#fwCtrlInt/taskId]
               
                                       ; Jump to the event task code
004b ---- 140b                         jsr         FwEmptyFunc
               
                                       ; Generate an ALERT interrupt if needed
004c ---- 0450                         jmp         GenAlertInterrupt;
               
               
               
               
               TaskAlertAckVector:
                                       ; Clear the vector flag
004d ---- 6742                         iobset      #3, [#IOP_EVCTL_VECFLAGSCLR]
               
                                       ; Re-enable generation of ALERT interrupts
004e ---- 03ff                         ld          R0, #-1
004f ---- 0c6d                         st          R0, [#fwCtrlInt/alertGenMask]
               
                                       ; Fall through to GenAlertInterrupt to generate another ALERT interrupt if needed
               
               
               
               
               GenAlertInterrupt:
                                       ; Do we have any ALERT-generating flags pending?
0050 ---- 786c                         ld          R7, [#fwCtrlInt/bvTaskIoAlert]
               
                                       ; Skip if the last I/O ALERT interrupt has not been acknowledged
0051 ---- 686d                         ld          R6, [#fwCtrlInt/alertGenMask]
0052 ---- ed37                         tst         R6, R7
0053 ---- b605                         bz          /skip
               
                                           ; Transfer I/O flags from internal to external
0054 ---- 0000                             ld          R0, #0
0055 ---- 0c6c                             st          R0, [#fwCtrlInt/bvTaskIoAlert]
0056 ---- 7c70                             st          R7, [#fwCtrlExt/bvTaskIoAlert]
               
                                           ; Generate the ALERT interrupt, and clear the generation mask
0057 ---- 652d                             iobset      #IOB_EVCTL_SWEV_ALERT, [#IOP_EVCTL_SWEVSET]
0058 ---- 0c6d                             st          R0, [#fwCtrlInt/alertGenMask]
               /skip:
                                       ; Fall through to PowerDown ...
               
               
               
               
               PowerDown:
                                       ; If there are no unacknowledged ALERTs and no vectors pending ...
0059 ---- 786d                         ld          R7, [#fwCtrlInt/alertGenMask]
005a ---- 686e                         ld          R6, [#fwCtrlInt/alertCanPdAuxMask]
005b ---- fd0e                         or          R7, R6
005c ---- f801                         add         R7, #1 ; 0xFFFF -> 0x0000
005d ---- e92b                         in          R6, [#IOP_EVCTL_VECFLAGS]
005e ---- fd0e                         or          R7, R6
005f ---- be01                         bnz         /noPowerDown
               
                                           ; Assert the power-down request. We'll make sure that it has taken effect
                                           ; or been completely ignored when waking up again
0060 ---- 6436                             iobset      #0, [#IOP_WUC_PWRDWNREQ]
               /noPowerDown:
                                       ; Sleep until the next event
0061 ---- bdb7 sleepInstr:             sleep
               
               
               
               
0062 ---- 241a AdiDdiAcquire:          iobtst      #0, [#IOP_SMPH_SMPH0]
0063 ---- a6fe                         biob0       AdiDdiAcquire
0064 ---- adb7                         rts
               
0065 ---- 641a AdiDdiRelease:          iobset      #0, [#IOP_SMPH_SMPH0]
0066 ---- adb7                         rts
               
               
               
               
               pFwTaskExecuteScheduleTable:
0067 ---- 0000                         dw          #0
               pFwTaskInitializeFuncTable:
0068 ---- 007b                         dw          #i2c/initialize
               pFwTaskExecuteFuncTable:
0069 ---- 007f                         dw          #i2c/execute
               pFwTaskTerminateFuncTable:
006a ---- 0094                         dw          #i2c/terminate
               
               
               ; Internal control data
               fwCtrlInt:
006b ---- 0000 /taskId:                dw          #0      ; ID of the currently running task
006c ---- 0000 /bvTaskIoAlert:         dw          #0x0000 ; LSB = Normal data exchange, MSB = Overflow or underflow
006d ---- ffff /alertGenMask:          dw          #0xFFFF ; Can generate an ALERT interrupt now? (0xFFFF = yes, 0x0000 = no)
006e ---- 0000 /alertCanPdAuxMask:     dw          #0x0000 ; Can power down AUX domain after ALERT interrupt generation? (0xFFFF = yes, 0x0000 = no)
               
               ; External control data, shared with the driver
               fwCtrlExt:
006f ---- 0000 /bvActiveTasks:         dw          #0x0000 ; Indicates which tasks are currently active
0070 ---- 0000 /bvTaskIoAlert:         dw          #0x0000 ; LSB = Normal data exchange, MSB = Overflow or underflow
0071 ---- 0000 /bvTaskInitializeReq:   dw          #0x0000 ; Requests tasks to start
0072 ---- 0000 /bvTaskExecuteReq:      dw          #0x0000 ; Requests tasks to execute once immediately
0073 ---- 0000 /bvTaskTerminateReq:    dw          #0x0000 ; Requests tasks to stop
               
               
               .segment end "Framework"
               
               
               fwTaskDataStructures:
               .segment begin "Task: I2C"
               i2c/cfg:
               i2c/input:
               i2c/output:
               i2c/output/highX:
0074 ---- 0000                         dw          #0
               i2c/output/highY:
0075 ---- 0000                         dw          #0
               i2c/output/highZ:
0076 ---- 0000                         dw          #0
               i2c/output/lowX:
0077 ---- 0000                         dw          #0
               i2c/output/lowY:
0078 ---- 0000                         dw          #0
               i2c/output/lowZ:
0079 ---- 0000                         dw          #0
               i2c/state:
               i2c/state/i2cStatus:
007a ---- 0000                         dw          #0
               .segment end "Task: I2C"
               
               
               .segment begin "Task: I2C"
               i2c/initialize:
               ;? gpioSetOutput(AUXIO_O_LED1);
007b ---- 750e                         iobset      #(5 & 0x7), [#(IOP_AIODIO0_GPIODOUT + (5 >> 3))]
               ;? 
               ;? //i2cStart();
               ;? //i2cTx(AUXIO_I2C_BASE_ADDR | I2C_OP_WRITE);
               ;? //i2cTx(0x0f);
               ;? //i2cStop();
               ;? 
               ;? //if(state.i2cStatus == 0x0000)
               ;? //{
               ;? //    gpioClearOutput(AUXIO_O_LED1);
               ;? //}
               ;? 
               ;? fwScheduleTask(1);
007c ---- 0001                         ld          R0, #1
007d ---- 0c67                         st          R0, [#(pFwTaskExecuteScheduleTable + 0)]
               i2c/initializeDone:
007e ---- adb7                         rts         
               
               
               
               
               i2c/execute:
               ;? i2cStart();
007f ---- 6000                         ld          R6, #0x0000
0080 ---- 149b                         jsr         I2cStart
0081 ---- 6c7a                         st          R6, [#i2c/state/i2cStatus]
               ;? i2cTx(AUXIO_I2C_BASE_ADDR | I2C_OP_WRITE);
0082 ---- 7038                         ld          R7, #56
0083 ---- 687a                         ld          R6, [#i2c/state/i2cStatus]
0084 ---- 14b2                         jsr         I2cTxByte
0085 ---- 6c7a                         st          R6, [#i2c/state/i2cStatus]
               ;? i2cStop();
0086 ---- 687a                         ld          R6, [#i2c/state/i2cStatus]
0087 ---- 14d0                         jsr         I2cStop
0088 ---- 6c7a                         st          R6, [#i2c/state/i2cStatus]
               ;? 
               ;? if(state.i2cStatus == 0x0000){
0089 ---- 087a                         ld          R0, [#i2c/state/i2cStatus]
008a ---- 8a00                         cmp         R0, #0
008b ---- be01                         bneq        /id0058
               ;?     gpioClearOutput(AUXIO_O_LED1);
008c ---- 550e                             iobclr      #(5 & 0x7), [#(IOP_AIODIO0_GPIODOUT + (5 >> 3))]
               ;? }
               /id0058:
               ;? if(state.i2cStatus != 0x0000){
008d ---- 087a                         ld          R0, [#i2c/state/i2cStatus]
008e ---- 8a00                         cmp         R0, #0
008f ---- b601                         beq         /id0060
               ;?     gpioSetOutput(AUXIO_O_LED1);
0090 ---- 750e                             iobset      #(5 & 0x7), [#(IOP_AIODIO0_GPIODOUT + (5 >> 3))]
               ;? }
               /id0060:
               ;? 
               ;? fwScheduleTask(1);
0091 ---- 0001                         ld          R0, #1
0092 ---- 0c67                         st          R0, [#(pFwTaskExecuteScheduleTable + 0)]
               i2c/executeDone:
0093 ---- adb7                         rts         
               
               
               
               
               i2c/terminate:
               i2c/terminateDone:
0094 ---- adb7                         rts         
               .segment end "Task: I2C"
               
               
               .segment begin "Procedure Libary"
               ; CLOBBERS:
               ;     R5
               I2cRepeatedStart:
                                       ; Wait T_LOW (SDA is already pull-up)
0095 ---- 53f4                         ld          R5, #-((I2C_BASE_DELAY + I2C_EXT_DELAY) - (1))
0096 ---- 14a0                         jsr         I2cWaitDelay
               
                                       ; SCL = pull-up
0097 ---- 650f                         iobset      #(AUXIO_I2C_SCL & 0x7), [#(IOP_AIODIO0_GPIODOUT + (AUXIO_I2C_SCL >> 3))]
               
                                       ; Wait for SCL stretching to end or time out
0098 ---- 14a3                         jsr         I2cWaitSclStretch
               
                                       ; Wait T_SU_STA
0099 ---- 53f4                         ld          R5, #-((I2C_BASE_DELAY + I2C_EXT_DELAY) - (1))
009a ---- 14a0                         jsr         I2cWaitDelay
               I2cStart:
                                       ; SDA = driven low
009b ---- 440f                         iobclr      #(AUXIO_I2C_SDA & 0x7), [#(IOP_AIODIO0_GPIODOUT + (AUXIO_I2C_SDA >> 3))]
               
                                       ; Wait T_HD_STA
009c ---- 53f8                         ld          R5, #-((I2C_BASE_DELAY) - (1))
009d ---- 14a0                         jsr         I2cWaitDelay
               
                                       ; SCL = driven low
009e ---- 450f                         iobclr      #(AUXIO_I2C_SCL & 0x7), [#(IOP_AIODIO0_GPIODOUT + (AUXIO_I2C_SCL >> 3))]
               
                                       ; Done
009f ---- adb7                         rts
               
               
               
               
               ; PARAMETERS
               ;     R5 = Delay excluding the I2cWaitDelay() call, in instruction cycles
               ;
               ; CLOBBERS:
               ;     R5
               I2cWaitDelay:
                                       ; Wait for the specified number of cycles
00a0 ---- d802 /waitLoop:                  add         R5, #2
00a1 ---- defe                         bneg        /waitLoop
               
                                       ; Done
00a2 ---- adb7                         rts
               
               
               
               
               ; PARAMETERS:
               ;     R6 = Status flags
               ;
               ; RETURN VALUES:
               ;     R6 = Updated status flags
               ;
               ; CLOBBERS:
               ;     R5
               I2cWaitSclStretch:
                                       ; Load the timeout (up to 20 ms) loop counter = configured number of us
00a3 ---- 53ff                         ld          R5, #(-I2C_STRETCH_TIMEOUT_US)
               /waitLoop:
                                           ; If SCL is high, we're done
00a4 ---- 2513                             iobtst      #(AUXIO_I2C_SCL & 0x7), [#(IOP_AIODIO0_GPIODIN + (AUXIO_I2C_SCL >> 3))]
00a5 ---- ae0b                             biob1       /done
                                           ; Unroll the loop to 12 instructions = 1 per loop for faster response
00a6 ---- 2513                             iobtst      #(AUXIO_I2C_SCL & 0x7), [#(IOP_AIODIO0_GPIODIN + (AUXIO_I2C_SCL >> 3))]
00a7 ---- ae09                             biob1       /done
00a8 ---- 2513                             iobtst      #(AUXIO_I2C_SCL & 0x7), [#(IOP_AIODIO0_GPIODIN + (AUXIO_I2C_SCL >> 3))]
00a9 ---- ae07                             biob1       /done
00aa ---- 2513                             iobtst      #(AUXIO_I2C_SCL & 0x7), [#(IOP_AIODIO0_GPIODIN + (AUXIO_I2C_SCL >> 3))]
00ab ---- ae05                             biob1       /done
00ac ---- 2513                             iobtst      #(AUXIO_I2C_SCL & 0x7), [#(IOP_AIODIO0_GPIODIN + (AUXIO_I2C_SCL >> 3))]
00ad ---- ae03                             biob1       /done
               
00ae ---- d801                         add         R5, #1;
00af ---- bef4                         bnz         /waitLoop
               
               /timeout:               ; Timeout has occurred, so OR it into the flags and bail out
00b0 ---- e202                         or          R6, #0x0002
               
               /done:                  ; Done
00b1 ---- adb7                         rts
               
               
               
               
               ; PARAMETERS:
               ;     R7 = TX byte shift register
               ;     R6 = Status flags
               ;
               ; RETURN VALUES:
               ;     R7 = Updated TX byte shift register
               ;     R6 = Updated status flags
               ;
               ; CLOBBERS:
               ;     R5
               I2cTxByte:
                                       ; Bail out if an error has occurred
00b2 ---- ea00                         cmp         R6, #0
00b3 ---- be1b                         bnz         /done
               
               
                                       ; Transmit each bit in the data byte ...
00b4 ---- b50e                         loop        #8, /byteLoopEnd
               
                                           ; Output the bit to SDA
00b5 ---- fda1                             lsl         R7, #1
00b6 8601 fc00                             tst         R7, #0x0100
00b8 ---- b602                             bz          /dataSdaLow
00b9 ---- 640f /dataSdaHigh:                   iobset      #(AUXIO_I2C_SDA & 0x7), [#(IOP_AIODIO0_GPIODOUT + (AUXIO_I2C_SDA >> 3))]
00ba ---- 8e02                             bra         /dataSdaDone
00bb ---- 440f /dataSdaLow:                    iobclr      #(AUXIO_I2C_SDA & 0x7), [#(IOP_AIODIO0_GPIODOUT + (AUXIO_I2C_SDA >> 3))]
00bc ---- fd47                             nop
               /dataSdaDone:
                                           ; Wait T_LOW
00bd ---- 53fa                             ld          R5, #-((I2C_BASE_DELAY + I2C_EXT_DELAY) - (7))
00be ---- 14a0                             jsr         I2cWaitDelay
               
                                           ; SCL = pull-up
00bf ---- 650f                             iobset      #(AUXIO_I2C_SCL & 0x7), [#(IOP_AIODIO0_GPIODOUT + (AUXIO_I2C_SCL >> 3))]
               
                                           ; Wait for SCL stretching to end or time out
00c0 ---- 14a3                             jsr         I2cWaitSclStretch
               
                                           ; Wait T_HIGH
00c1 ---- 53fd                             ld          R5, #-(I2C_BASE_DELAY - (I2C_WAIT_STRETCH_DELAY + 1))
00c2 ---- 14a0                             jsr         I2cWaitDelay
               
                                           ; SCL = driven low
00c3 ---- 450f                             iobclr      #(AUXIO_I2C_SCL & 0x7), [#(IOP_AIODIO0_GPIODOUT + (AUXIO_I2C_SCL >> 3))]
               /byteLoopEnd:
               
                                       ; Receive the ACK bit
                                       ; SDA = pull-up
00c4 ---- 640f                         iobset      #(AUXIO_I2C_SDA & 0x7), [#(IOP_AIODIO0_GPIODOUT + (AUXIO_I2C_SDA >> 3))]
               
                                       ; Wait T_LOW
00c5 ---- 53f4                         ld          R5, #-((I2C_BASE_DELAY + I2C_EXT_DELAY) - (1))
00c6 ---- 14a0                         jsr         I2cWaitDelay
               
                                       ; SCL = pull-up
00c7 ---- 650f                         iobset      #(AUXIO_I2C_SCL & 0x7), [#(IOP_AIODIO0_GPIODOUT + (AUXIO_I2C_SCL >> 3))]
               
                                       ; Wait for SCL stretching to end or time out
00c8 ---- 14a3                         jsr         I2cWaitSclStretch
               
                                       ; Wait T_HIGH
00c9 ---- 53fa                         ld          R5, #-((I2C_BASE_DELAY) - (3))
00ca ---- 14a0                         jsr         I2cWaitDelay
               
                                       ; Read and store the SDA value in the status word
00cb ---- 2413                         iobtst      #(AUXIO_I2C_SDA & 0x7), [#(IOP_AIODIO0_GPIODIN + (AUXIO_I2C_SDA >> 3))]
00cc ---- a601                         biob0       /ackSdaLow
00cd ---- e201                             or          R6, #0x01
               /ackSdaLow:
                                       ; SCL = driven low
00ce ---- 450f                         iobclr      #(AUXIO_I2C_SCL & 0x7), [#(IOP_AIODIO0_GPIODOUT + (AUXIO_I2C_SCL >> 3))]
               
               
               /done:                  ; Done
00cf ---- adb7                         rts
               
               
               
               
               ; CLOBBERS:
               ;     R5
               I2cStop:
                                       ; SDA = driven low
00d0 ---- 440f                         iobclr      #(AUXIO_I2C_SDA & 0x7), [#(IOP_AIODIO0_GPIODOUT + (AUXIO_I2C_SDA >> 3))]
               
                                       ; Wait T_LOW
00d1 ---- 53f4                         ld          R5, #-((I2C_BASE_DELAY + I2C_EXT_DELAY) - (1))
00d2 ---- 14a0                         jsr         I2cWaitDelay
               
                                       ; SCL = pull-up
00d3 ---- 650f                         iobset      #(AUXIO_I2C_SCL & 0x7), [#(IOP_AIODIO0_GPIODOUT + (AUXIO_I2C_SCL >> 3))]
               
                                       ; Wait for SCL stretching to end or time out
00d4 ---- 14a3                         jsr         I2cWaitSclStretch
               
                                       ; Wait T_SU_STO
00d5 ---- 53fd                         ld          R5, #-((I2C_BASE_DELAY) - (I2C_WAIT_STRETCH_DELAY + 1))
00d6 ---- 14a0                         jsr         I2cWaitDelay
               
                                       ; SDA = pull-up
00d7 ---- 640f                         iobset      #(AUXIO_I2C_SDA & 0x7), [#(IOP_AIODIO0_GPIODOUT + (AUXIO_I2C_SDA >> 3))]
               
                                       ; Wait T_BUF
00d8 ---- 53f5                         ld          R5, #-((I2C_BASE_DELAY + I2C_EXT_DELAY) - (2))
00d9 ---- 14a0                         jsr         I2cWaitDelay
               
                                       ; Done
00da ---- adb7                         rts
               .segment end "Procedure Libary"
               

; Generated by DESKTOP-GI5BCAT at 2018-02-19 01:57:05.212
