******************************************************************************
                  TI ARM Linker PC v16.9.4                     
******************************************************************************
>> Linked Thu Nov 23 09:09:31 2017

OUTPUT FILE NAME:   <rfPacketRx_CC1310DK_7XD_TI.out>
ENTRY POINT SYMBOL: "ResetISR"  address: 000052f1


MEMORY CONFIGURATION

         name            origin    length      used     unused   attr    fill
----------------------  --------  ---------  --------  --------  ----  --------
  FLASH                 00000000   00020000  00005dd8  0001a228  R  X
  SRAM                  20000000   00005000  00002156  00002eaa  RW X


SEGMENT ALLOCATION MAP

run origin  load origin   length   init length attrs members
----------  ----------- ---------- ----------- ----- -------
00000000    00000000    00000dd0   00000dd0    r--
  00000000    00000000    0000003c   0000003c    r-- .resetVecs
  0000003c    0000003c    00000aa0   00000aa0    r-- .const
  00000ae0    00000ae0    000002f0   000002f0    r-- .cinit
00001000    00001000    00004fc0   00004fc0    r-x
  00001000    00001000    0000003c   0000003c    r-- .const:ti_sysbios_knl_Task_Object__PARAMS__C
  0000103c    0000103c    00000034   00000034    r-- .const:ti_sysbios_knl_Mailbox_Object__PARAMS__C
  00001070    00001070    00000030   00000030    r-- .const:ti_sysbios_family_arm_m3_Hwi_Object__PARAMS__C
  000010a0    000010a0    0000002c   0000002c    r-- .const:ti_sysbios_hal_Hwi_Object__PARAMS__C
  000010cc    000010cc    00000028   00000028    r-- .const:ti_sysbios_heaps_HeapMem_Module__FXNS__C
  000010f4    000010f4    00000028   00000028    r-- .const:ti_sysbios_knl_Swi_Object__PARAMS__C
  0000111c    0000111c    00000024   00000024    r-- .const:ti_sysbios_gates_GateHwi_Module__FXNS__C
  00001140    00001140    00000024   00000024    r-- .const:ti_sysbios_gates_GateMutex_Module__FXNS__C
  00001164    00001164    00000024   00000024    r-- .const:ti_sysbios_heaps_HeapMem_Object__PARAMS__C
  00001188    00001188    00000024   00000024    r-- .const:ti_sysbios_knl_Clock_Object__PARAMS__C
  000011ac    000011ac    00000024   00000024    r-- .const:ti_sysbios_knl_Semaphore_Object__PARAMS__C
  000011d0    000011d0    00000020   00000020    r-- .const:ti_sysbios_family_arm_m3_Hwi_Object__DESC__C
  000011f0    000011f0    00000020   00000020    r-- .const:ti_sysbios_gates_GateHwi_Object__DESC__C
  00001210    00001210    00000020   00000020    r-- .const:ti_sysbios_gates_GateMutex_Object__DESC__C
  00001230    00001230    00000020   00000020    r-- .const:ti_sysbios_hal_Hwi_Object__DESC__C
  00001250    00001250    00000020   00000020    r-- .const:ti_sysbios_heaps_HeapMem_Object__DESC__C
  00001270    00001270    00000020   00000020    r-- .const:ti_sysbios_knl_Clock_Object__DESC__C
  00001290    00001290    00000020   00000020    r-- .const:ti_sysbios_knl_Mailbox_Object__DESC__C
  000012b0    000012b0    00000020   00000020    r-- .const:ti_sysbios_knl_Queue_Object__DESC__C
  000012d0    000012d0    00000020   00000020    r-- .const:ti_sysbios_knl_Semaphore_Object__DESC__C
  000012f0    000012f0    00000020   00000020    r-- .const:ti_sysbios_knl_Swi_Object__DESC__C
  00001310    00001310    00000020   00000020    r-- .const:ti_sysbios_knl_Task_Object__DESC__C
  00001330    00001330    00000018   00000018    r-- .const:ti_sysbios_gates_GateHwi_Object__PARAMS__C
  00001348    00001348    00000018   00000018    r-- .const:ti_sysbios_gates_GateMutex_Object__PARAMS__C
  00001360    00001360    00000018   00000018    r-- .const:ti_sysbios_knl_Queue_Object__PARAMS__C
  00001378    00001378    00000008   00000008    r-- .const:ti_sysbios_knl_Idle_funcList__C
  00001384    00001384    00000004   00000004    r-- .const:ti_sysbios_family_arm_cc26xx_Timer_startupNeeded__C
  00001388    00001388    00000004   00000004    r-- .const:ti_sysbios_family_arm_m3_Hwi_E_alreadyDefined__C
  0000138c    0000138c    00000004   00000004    r-- .const:ti_sysbios_family_arm_m3_Hwi_E_hwiLimitExceeded__C
  00001390    00001390    00000004   00000004    r-- .const:ti_sysbios_family_arm_m3_Hwi_NUM_INTERRUPTS__C
  00001394    00001394    00000004   00000004    r-- .const:ti_sysbios_family_arm_m3_Hwi_Object__count__C
  00001398    00001398    00000004   00000004    r-- .const:ti_sysbios_family_arm_m3_Hwi_Object__table__C
  0000139c    0000139c    00000004   00000004    r-- .const:ti_sysbios_family_arm_m3_Hwi_ccr__C
  000013a0    000013a0    00000004   00000004    r-- .const:ti_sysbios_family_arm_m3_Hwi_excHandlerFunc__C
  000013a4    000013a4    00000004   00000004    r-- .const:ti_sysbios_family_arm_m3_Hwi_nullIsrFunc__C
  000013a8    000013a8    00000004   00000004    r-- .const:ti_sysbios_family_arm_m3_Hwi_numSparseInterrupts__C
  000013ac    000013ac    00000004   00000004    r-- .const:ti_sysbios_family_arm_m3_Hwi_priGroup__C
  000013b0    000013b0    00000004   00000004    r-- .const:ti_sysbios_family_arm_m3_TaskSupport_stackAlignment__C
  000013b4    000013b4    00000004   00000004    r-- .const:ti_sysbios_heaps_HeapMem_E_memory__C
  000013b8    000013b8    00000004   00000004    r-- .const:ti_sysbios_heaps_HeapMem_Module__gateObj__C
  000013bc    000013bc    00000004   00000004    r-- .const:ti_sysbios_heaps_HeapMem_Object__count__C
  000013c0    000013c0    00000004   00000004    r-- .const:ti_sysbios_heaps_HeapMem_Object__table__C
  000013c4    000013c4    00000004   00000004    r-- .const:ti_sysbios_heaps_HeapMem_reqAlign__C
  000013c8    000013c8    00000004   00000004    r-- .const:ti_sysbios_knl_Clock_serviceMargin__C
  000013cc    000013cc    00000004   00000004    r-- .const:ti_sysbios_knl_Mailbox_Object__count__C
  000013d0    000013d0    00000004   00000004    r-- .const:ti_sysbios_knl_Mailbox_Object__table__C
  000013d4    000013d4    00000004   00000004    r-- .const:ti_sysbios_knl_Mailbox_maxTypeAlign__C
  000013d8    000013d8    00000004   00000004    r-- .const:ti_sysbios_knl_Queue_Object__count__C
  000013dc    000013dc    00000004   00000004    r-- .const:ti_sysbios_knl_Queue_Object__table__C
  000013e0    000013e0    00000004   00000004    r-- .const:ti_sysbios_knl_Swi_Object__count__C
  000013e4    000013e4    00000004   00000004    r-- .const:ti_sysbios_knl_Swi_Object__table__C
  000013e8    000013e8    00000004   00000004    r-- .const:ti_sysbios_knl_Swi_numPriorities__C
  000013ec    000013ec    00000004   00000004    r-- .const:ti_sysbios_knl_Task_Object__count__C
  000013f0    000013f0    00000004   00000004    r-- .const:ti_sysbios_knl_Task_Object__table__C
  000013f4    000013f4    00000004   00000004    r-- .const:ti_sysbios_knl_Task_allBlockedFunc__C
  000013f8    000013f8    00000004   00000004    r-- .const:ti_sysbios_knl_Task_defaultStackHeap__C
  000013fc    000013fc    00000004   00000004    r-- .const:ti_sysbios_knl_Task_defaultStackSize__C
  00001400    00001400    00000004   00000004    r-- .const:ti_sysbios_knl_Task_numConstructedTasks__C
  00001406    00001406    00000002   00000002    r-- .const:ti_sysbios_family_arm_cc26xx_Timer_Module__id__C
  00001408    00001408    00000002   00000002    r-- .const:ti_sysbios_family_arm_cc26xx_TimestampProvider_useClockTimer__C
  0000140a    0000140a    00000002   00000002    r-- .const:ti_sysbios_family_arm_m3_Hwi_Module__id__C
  0000140c    0000140c    00000002   00000002    r-- .const:ti_sysbios_gates_GateHwi_Module__id__C
  0000140e    0000140e    00000002   00000002    r-- .const:ti_sysbios_gates_GateMutex_Module__id__C
  00001410    00001410    00000002   00000002    r-- .const:ti_sysbios_heaps_HeapMem_Module__id__C
  00001412    00001412    00000002   00000002    r-- .const:ti_sysbios_knl_Task_initStackFlag__C
  00001414    00001414    00000001   00000001    r-- .const:ti_sysbios_knl_Clock_tickMode__C
  00001418    00001418    00000008   00000008    r-- .const:xdc_runtime_Startup_firstFxns__C
  00001420    00001420    00000008   00000008    r-- .const:xdc_runtime_Startup_lastFxns__C
  00001428    00001428    00000004   00000004    r-- .const:xdc_runtime_Assert_E_assertFailed__C
  0000142c    0000142c    00000004   00000004    r-- .const:xdc_runtime_Error_E_memory__C
  00001430    00001430    00000004   00000004    r-- .const:xdc_runtime_Error_policyFxn__C
  00001434    00001434    00000004   00000004    r-- .const:xdc_runtime_IGateProvider_Interface__BASE__C
  00001438    00001438    00000004   00000004    r-- .const:xdc_runtime_IHeap_Interface__BASE__C
  0000143c    0000143c    00000004   00000004    r-- .const:xdc_runtime_IModule_Interface__BASE__C
  00001440    00001440    00000004   00000004    r-- .const:xdc_runtime_Main_Module__diagsEnabled__C
  00001444    00001444    00000004   00000004    r-- .const:xdc_runtime_Main_Module__diagsIncluded__C
  00001448    00001448    00000004   00000004    r-- .const:xdc_runtime_Main_Module__diagsMask__C
  0000144c    0000144c    00000004   00000004    r-- .const:xdc_runtime_Memory_defaultHeapInstance__C
  00001450    00001450    00000004   00000004    r-- .const:xdc_runtime_Startup_execImpl__C
  00001454    00001454    00000004   00000004    r-- .const:xdc_runtime_Startup_maxPasses__C
  00001458    00001458    00000004   00000004    r-- .const:xdc_runtime_Startup_sfxnRts__C
  0000145c    0000145c    00000004   00000004    r-- .const:xdc_runtime_Startup_sfxnTab__C
  00001460    00001460    00000004   00000004    r-- .const:xdc_runtime_Startup_startModsFxn__C
  00001464    00001464    00000004   00000004    r-- .const:xdc_runtime_SysCallback_abortFxn__C
  00001468    00001468    00000004   00000004    r-- .const:xdc_runtime_SysCallback_exitFxn__C
  0000146c    0000146c    00000004   00000004    r-- .const:xdc_runtime_System_abortFxn__C
  00001470    00001470    00000004   00000004    r-- .const:xdc_runtime_System_exitFxn__C
  00001474    00001474    00000004   00000004    r-- .const:xdc_runtime_System_maxAtexitHandlers__C
  00001478    00001478    00000004   00000004    r-- .const:xdc_runtime_Text_charTab__C
  0000147c    0000147c    00000004   00000004    r-- .const:xdc_runtime_Text_nameEmpty__C
  00001480    00001480    00000004   00000004    r-- .const:xdc_runtime_Text_nameStatic__C
  00001484    00001484    00000004   00000004    r-- .const:xdc_runtime_Text_nameUnknown__C
  00001488    00001488    00000002   00000002    r-- .const:xdc_runtime_Main_Module__id__C
  0000148a    0000148a    00000002   00000002    r-- .const:xdc_runtime_Memory_Module__id__C
  0000148c    0000148c    00000002   00000002    r-- .const:xdc_runtime_Text_charCnt__C
  0000148e    0000148e    00000002   00000002    r-- .const:xdc_runtime_Text_isLoaded__C
  00001490    00001490    00000001   00000001    r-- .const:xdc_runtime_Error_policy__C
  00001494    00001494    00000004   00000004    r-- .const:ti_sysbios_rom_ROM_AONRTCChannelEnable
  00001498    00001498    00000004   00000004    r-- .const:ti_sysbios_rom_ROM_AONRTCCompareValueSet
  0000149c    0000149c    00000004   00000004    r-- .const:ti_sysbios_rom_ROM_AONRTCCurrentCompareValueGet
  000014a0    000014a0    00000004   00000004    r-- .const:ti_sysbios_rom_ROM_AONRTCEventClear
  000014a4    000014a4    00000004   00000004    r-- .const:ti_sysbios_rom_ROM_ti_sysbios_family_arm_cc26xx_Timer_getCount64__E
  000014a8    000014a8    00000004   00000004    r-- .const:ti_sysbios_rom_ROM_ti_sysbios_family_arm_cc26xx_Timer_getCurrentTick__E
  000014ac    000014ac    00000004   00000004    r-- .const:ti_sysbios_rom_ROM_ti_sysbios_family_arm_cc26xx_Timer_getMaxTicks__E
  000014b0    000014b0    00000004   00000004    r-- .const:ti_sysbios_rom_ROM_ti_sysbios_family_arm_cc26xx_Timer_initDevice__I
  000014b4    000014b4    00000004   00000004    r-- .const:ti_sysbios_rom_ROM_ti_sysbios_family_arm_cc26xx_Timer_setNextTick__E
  000014b8    000014b8    00000004   00000004    r-- .const:ti_sysbios_rom_ROM_ti_sysbios_family_arm_cc26xx_Timer_setThreshold__I
  000014bc    000014bc    00000004   00000004    r-- .const:ti_sysbios_rom_ROM_ti_sysbios_family_arm_cc26xx_Timer_start__E
  000014c0    000014c0    00000004   00000004    r-- .const:ti_sysbios_rom_ROM_ti_sysbios_family_arm_cc26xx_TimestampProvider_get32__E
  000014c4    000014c4    00000004   00000004    r-- .const:ti_sysbios_rom_ROM_xdc_runtime_Startup_getState__I
  000014c8    000014c8    00000004   00000004    r-- .const:ti_sysbios_rom_ROM_xdc_runtime_System_SupportProxy_abort__E
  000014cc    000014cc    00000004   00000004    r-- .const:ti_sysbios_rom_ROM_xdc_runtime_System_SupportProxy_exit__E
  000014d0    000014d0    00000004   00000004    r-- .const:ti_sysbios_gates_GateMutex_Instance_State_sem__O
  000014d4    000014d4    00000004   00000004    r-- .const:ti_sysbios_knl_Clock_Module_State_clockQ__O
  000014d8    000014d8    00000004   00000004    r-- .const:ti_sysbios_knl_Mailbox_Instance_State_dataQue__O
  000014dc    000014dc    00000004   00000004    r-- .const:ti_sysbios_knl_Mailbox_Instance_State_dataSem__O
  000014e0    000014e0    00000004   00000004    r-- .const:ti_sysbios_knl_Mailbox_Instance_State_freeQue__O
  000014e4    000014e4    00000004   00000004    r-- .const:ti_sysbios_knl_Mailbox_Instance_State_freeSem__O
  000014e8    000014e8    00000004   00000004    r-- .const:ti_sysbios_knl_Semaphore_Instance_State_pendQ__O
  000014ec    000014ec    00000004   00000004    r-- .const:ti_sysbios_knl_Task_Module_State_inactiveQ__O
  000014f0    000014f0    00004ad0   00004ad0    r-x .text
0001ffa8    0001ffa8    00000058   00000058    r--
  0001ffa8    0001ffa8    00000058   00000058    r-- .ccfg
20000100    20000100    00001d95   00000000    rw-
  20000100    20000100    00000044   00000000    rw- .data:ti_sysbios_knl_Task_Module__state__V
  20000144    20000144    00000034   00000000    rw- .data:ti_sysbios_family_arm_m3_Hwi_Module__state__V
  20000178    20000178    0000002c   00000000    rw- .data:ti_sysbios_knl_Clock_Module__state__V
  200001a4    200001a4    00000024   00000000    rw- .data:ti_sysbios_BIOS_Module__state__V
  200001c8    200001c8    0000001c   00000000    rw- .data:ti_sysbios_knl_Swi_Module__state__V
  200001e4    200001e4    00000008   00000000    rw- .data:ti_sysbios_family_arm_cc26xx_Timer_Module__state__V
  200001ec    200001ec    00000004   00000000    rw- .data:ti_sysbios_family_arm_cc26xx_TimestampProvider_Module__state__V
  200001f0    200001f0    00000008   00000000    rw- .data:xdc_runtime_Startup_Module__state__V
  200001f8    200001f8    00000008   00000000    rw- .data:xdc_runtime_System_Module__state__V
  20000200    20000200    00000004   00000000    rw- .data:xdc_runtime_Memory_Module__state__V
  20000208    20000208    00001855   00000000    rw- .bss
  20001a60    20001a60    00000435   00000000    rw- .data
20004d00    20004d00    00000300   00000000    rw-
  20004d00    20004d00    00000300   00000000    rw- .stack


SECTION ALLOCATION MAP

 output                                  attributes/
section   page    origin      length       input sections
--------  ----  ----------  ----------   ----------------
.const     0    0000003c    00000aa0     
                  0000003c    000006b4     smartrf_settings.obj (.const:patchGenfskRfe)
                  000006f0    0000028c     smartrf_settings.obj (.const:patchImageGenfsk)
                  0000097c    0000004c     CC1310DK_7XD.obj (.const:BoardGpioInitTable)
                  000009c8    0000004c     drivers_cc13xxware.aem3 : PowerCC26XX.oem3 (.const:resourceDB)
                  00000a14    00000048     rfExamples_pem3.oem3 (.const:.string)
                  00000a5c    00000024     rfExamples_pem3.oem3 (.const:xdc_runtime_Startup_sfxnTab__A)
                  00000a80    00000014     rf_singleMode_cc13xxware.aem3 : RFCC26XX_singleMode.oem3 (.const)
                  00000a94    00000012     rfExamples_pem3.oem3 (.const:xdc_runtime_Startup_sfxnRts__A)
                  00000aa6    00000001     rfExamples_pem3.oem3 (.const:xdc_runtime_Text_charTab__A)
                  00000aa7    00000001     --HOLE-- [fill = 0]
                  00000aa8    00000010     CC1310DK_7XD.obj (.const:PowerCC26XX_config)
                  00000ab8    0000000c     rfExamples_pem3.oem3 (.const:xdc_runtime_Startup_firstFxns__A)
                  00000ac4    00000008     CC1310DK_7XD.obj (.const:PINCC26XX_hwAttrs)
                  00000acc    00000004     CC1310DK_7XD.obj (.const:RFCC26XX_hwAttrs)
                  00000ad0    00000004     rfExamples_pem3.oem3 (.const:ti_sysbios_knl_Clock_tickPeriod__C)
                  00000ad4    00000004     rfExamples_pem3.oem3 (.const:ti_sysbios_knl_Clock_triggerClock__C)
                  00000ad8    00000004     rfExamples_pem3.oem3 (.const:ti_sysbios_knl_Idle_funcList__A)

.cinit     0    00000ae0    000002f0     
                  00000ae0    000001b9     (.cinit..data.load) [load image, compression = lzss]
                  00000c99    00000028     (.cinit..data:ti_sysbios_family_arm_m3_Hwi_Module__state__V.load) [load image, compression = lzss]
                  00000cc1    00000021     (.cinit..data:ti_sysbios_knl_Task_Module__state__V.load) [load image, compression = lzss]
                  00000ce2    0000001f     (.cinit..data:ti_sysbios_BIOS_Module__state__V.load) [load image, compression = lzss]
                  00000d01    0000001d     (.cinit..data:ti_sysbios_knl_Clock_Module__state__V.load) [load image, compression = lzss]
                  00000d1e    00000010     (.cinit..data:ti_sysbios_knl_Swi_Module__state__V.load) [load image, compression = lzss]
                  00000d2e    00000002     --HOLE-- [fill = 0]
                  00000d30    0000000c     (__TI_handler_table)
                  00000d3c    0000000b     (.cinit..data:ti_sysbios_family_arm_cc26xx_Timer_Module__state__V.load) [load image, compression = lzss]
                  00000d47    00000001     --HOLE-- [fill = 0]
                  00000d48    00000008     (.cinit..bss.load) [load image, compression = zero_init]
                  00000d50    00000008     (.cinit..data:xdc_runtime_Memory_Module__state__V.load) [load image, compression = lzss]
                  00000d58    00000007     (.cinit..data:ti_sysbios_family_arm_cc26xx_TimestampProvider_Module__state__V.load) [load image, compression = lzss]
                  00000d5f    00000007     (.cinit..data:xdc_runtime_Startup_Module__state__V.load) [load image, compression = lzss]
                  00000d66    00000007     (.cinit..data:xdc_runtime_System_Module__state__V.load) [load image, compression = lzss]
                  00000d6d    00000003     --HOLE-- [fill = 0]
                  00000d70    00000060     (__TI_cinit_table)

.text      0    000014f0    00004ad0     
                  000014f0    000003b8     rf_singleMode_cc13xxware.aem3 : RFCC26XX_singleMode.oem3 (.text:fsmActiveState)
                  000018a8    00000228     driverlib.lib : sys_ctrl.obj (.text:NOROM_SysCtrlSetRechargeBeforePowerDown)
                  00001ad0    00000228     drivers_cc13xxware.aem3 : PowerCC26XX.oem3 (.text:Power_sleep)
                  00001cf8    000001f4     rtsv7M3_T_le_eabi.lib : ull_div_t2.obj (.text)
                  00001eec    000001ec     drivers_cc13xxware.aem3 : PowerCC26XX_calibrateRCOSC.oem3 (.text:calibrateRcoscHf1)
                  000020d8    000001dc     rf_singleMode_cc13xxware.aem3 : RFCC26XX_singleMode.oem3 (.text:RF_postCmd)
                  000022b4    000001cc                                   : RFCC26XX_singleMode.oem3 (.text:abortCmd)
                  00002480    000001c4     drivers_cc13xxware.aem3 : PINCC26XX.oem3 (.text:PIN_init)
                  00002644    000001a0                             : PowerCC26XX_calibrateRCOSC.oem3 (.text:PowerCC26XX_doCalibrate)
                  000027e4    00000180     rfPacketRx.obj (.text:txTaskFunction)
                  00002964    00000168     rf_singleMode_cc13xxware.aem3 : RFCC26XX_singleMode.oem3 (.text:fsmSetupState)
                  00002acc    00000160     rfPacketRx.obj (.text:main)
                  00002c2c    00000130     driverlib.lib : setup_rom.obj (.text:NOROM_SetupAfterColdResetWakeupFromShutDownCfg3)
                  00002d5c    0000012c     drivers_cc13xxware.aem3 : PowerCC26XX.oem3 (.text:Power_init)
                  00002e88    00000128     rf_singleMode_cc13xxware.aem3 : RFCC26XX_singleMode.oem3 (.text:rf_init)
                  00002fb0    00000128     smartrf_settings.obj (.text:rf_patch_rfe_genfsk)
                  000030d8    00000124     rfPacketRx.obj (.text:rxTaskFunction)
                  000031fc    00000118     rf_singleMode_cc13xxware.aem3 : RFCC26XX_singleMode.oem3 (.text:hwiFxnCpe0Active)
                  00003314    00000108                                   : RFCC26XX_singleMode.oem3 (.text:RF_close)
                  0000341c    000000f0     driverlib.lib : setup_rom.obj (.text:NOROM_SetupAfterColdResetWakeupFromShutDownCfg2)
                  0000350c    000000e0     drivers_cc13xxware.aem3 : PINCC26XX.oem3 (.text:PINCC26XX_setIoCfg)
                  000035ec    000000e0     RFQueue.obj (.text:RFQueue_defineQueue)
                  000036cc    000000d8     driverlib.lib : rfc.obj (.text:NOROM_RFCRTrim)
                  000037a4    000000d4                   : rfc.obj (.text:NOROM_RFCRfTrimRead)
                  00003878    000000d4     power_cc13xx_tirtos.aem3 : PowerCC26XX_tirtos.oem3 (.text:PowerCC26XX_standbyPolicy)
                  0000394c    000000d4     drivers_cc13xxware.aem3 : PowerCC26XX.oem3 (.text:Power_releaseDependency)
                  00003a20    000000d0                             : PowerCC26XX.oem3 (.text:Power_setDependency)
                  00003af0    000000cc     rf_singleMode_cc13xxware.aem3 : RFCC26XX_singleMode.oem3 (.text:RF_open)
                  00003bbc    000000c4                                   : RFCC26XX_singleMode.oem3 (.text:fsmPowerUpState)
                  00003c80    000000c0     driverlib.lib : setup.obj (.text:TrimAfterColdResetWakeupFromShutDown)
                  00003d40    000000bc     rfPacketRx.obj (.text:callback)
                  00003dfc    000000a8     driverlib.lib : setup.obj (.text:NOROM_SetupTrimDevice)
                  00003ea4    000000a4                   : setup_rom.obj (.text:NOROM_SetupAfterColdResetWakeupFromShutDownCfg1)
                  00003f48    000000a0     auto_init.aem3 : auto_init.oem3 (.text)
                  00003fe8    0000009c     rtsv7M3_T_le_eabi.lib : memcpy_t2.obj (.text)
                  00004084    00000098     rom_sysbios.aem3 : rom_sysbios.obj (.text:ti_sysbios_knl_Clock_workFuncDynamic__E)
                  0000411c    00000094     drivers_cc13xxware.aem3 : PINCC26XX.oem3 (.text:PIN_open)
                  000041b0    00000090                             : PowerCC26XX.oem3 (.text:switchXOSCHFclockFunc)
                  00004240    00000090     rfPacketRx.obj (.text:taskFxn)
                  000042d0    0000008c     drivers_cc13xxware.aem3 : PowerCC26XX.oem3 (.text:disableLFClockQualifiers)
                  0000435c    00000088                             : PowerCC26XX_calibrateRCOSC.oem3 (.text:calibrateRcoscHf2)
                  000043e4    00000084     rf_singleMode_cc13xxware.aem3 : RFCC26XX_singleMode.oem3 (.text:swiFxnHw)
                  00004468    00000080                                   : RFCC26XX_singleMode.oem3 (.text:RF_pendCmd)
                  000044e8    0000007a     rtsv7M3_T_le_eabi.lib : memset_t2.obj (.text)
                  00004562    00000002     rf_singleMode_cc13xxware.aem3 : RFCC26XX_singleMode.oem3 (.text:defaultErrCb)
                  00004564    00000074     driverlib.lib : setup_rom.obj (.text:NOROM_SetupSetVddrLevel)
                  000045d8    00000074     drivers_cc13xxware.aem3 : PowerCC26XX_calibrateRCOSC.oem3 (.text:PowerCC26XX_auxISR)
                  0000464c    00000074     rf_singleMode_cc13xxware.aem3 : RFCC26XX_singleMode.oem3 (.text:decActiveClientCnt)
                  000046c0    00000074                                   : RFCC26XX_singleMode.oem3 (.text:fsmPowerDownState)
                  00004734    00000074     rom_sysbios.aem3 : rom_sysbios.obj (.text:ti_sysbios_family_arm_cc26xx_Timer_start__E)
                  000047a8    00000070     driverlib.lib : chipinfo.obj (.text:NOROM_ChipInfo_GetHwRevision)
                  00004818    0000006c                   : setup_rom.obj (.text:NOROM_SetupGetTrimForAmpcompCtrl)
                  00004884    0000006c     drivers_cc13xxware.aem3 : PowerCC26XX.oem3 (.text:PowerCC26XX_calibrate)
                  000048f0    0000006c     rfPacketRx.obj (.text:RxTask_init)
                  0000495c    0000006c     rfPacketRx.obj (.text:TxTask_init)
                  000049c8    00000068     driverlib.lib : setup_rom.obj (.text:NOROM_SetupGetTrimForAnabypassValue1)
                  00004a30    00000068                   : sys_ctrl.obj (.text:NOROM_SysCtrl_DCDC_VoltageConditionalControl)
                  00004a98    00000068     rf_singleMode_cc13xxware.aem3 : RFCC26XX_singleMode.oem3 (.text:RF_getCurrentTime)
                  00004b00    00000068     rtsv7M3_T_le_eabi.lib : copy_decompress_lzss.obj (.text:decompress:lzss)
                  00004b68    00000064     driverlib.lib : osc.obj (.text:NOROM_OSCHF_AttemptToSwitchToXosc)
                  00004bcc    00000060                   : osc.obj (.text:NOROM_OSCClockSourceSet)
                  00004c2c    00000060     drivers_cc13xxware.aem3 : PowerCC26XX_calibrateRCOSC.oem3 (.text:PowerCC26XX_RCOSC_clockFunc)
                  00004c8c    00000060     rf_singleMode_cc13xxware.aem3 : RFCC26XX_singleMode.oem3 (.text:fsmXOSCState)
                  00004cec    00000060     drivers_cc13xxware.aem3 : PowerCC26XX_calibrateRCOSC.oem3 (.text:updateSubSecInc)
                  00004d4c    0000005c     driverlib.lib : sys_ctrl.obj (.text:NOROM_SysCtrlAdjustRechargeAfterPowerDown)
                  00004da8    0000005c     smartrf_settings.obj (.text:configureGenfskPatch)
                  00004e04    0000005c     rfExamples_pem3.oem3 (.text:xdc_runtime_Startup_getState__I)
                  00004e60    00000058     drivers_cc13xxware.aem3 : PowerCC26XX_calibrateRCOSC.oem3 (.text:PowerCC26XX_initiateCalibration)
                  00004eb8    00000054                             : PowerCC26XX.oem3 (.text:configureXOSCHF)
                  00004f0c    00000054     rf_singleMode_cc13xxware.aem3 : RFCC26XX_singleMode.oem3 (.text:hwiFxnHw)
                  00004f60    00000054                                   : RFCC26XX_singleMode.oem3 (.text:ratChanFree)
                  00004fb4    00000050     driverlib.lib : setup_rom.obj (.text:NOROM_SetupSetCacheModeAccordingToCcfgSetting)
                  00005004    00000050     rf_singleMode_cc13xxware.aem3 : RFCC26XX_singleMode.oem3 (.text:dispatchOpWhen)
                  00005054    00000050                                   : RFCC26XX_singleMode.oem3 (.text:syncCb)
                  000050a4    0000004c                                   : RFCC26XX_singleMode.oem3 (.text:applyRfCorePatch)
                  000050f0    0000004c     rtsv7M3_T_le_eabi.lib : cpy_tbl.obj (.text)
                  0000513c    0000004c                           : rand.obj (.text)
                  00005188    00000048     driverlib.lib : chipinfo.obj (.text:NOROM_ChipInfo_GetChipFamily)
                  000051d0    00000048     drivers_cc13xxware.aem3 : PINCC26XX.oem3 (.text:PIN_swi)
                  00005218    00000048     rf_singleMode_cc13xxware.aem3 : RFCC26XX_singleMode.oem3 (.text:RF_runCmd)
                  00005260    00000048     rfPacketRx.obj (.text:buttonCallbackFxn)
                  000052a8    00000048     drivers_cc13xxware.aem3 : PowerCC26XX.oem3 (.text:notify)
                  000052f0    00000044     boot.aem3 : boot.oem3 (.text)
                  00005334    0000003c     driverlib.lib : osc.obj (.text:NOROM_OSC_HPOSCRelativeFrequencyOffsetGet)
                  00005370    0000003c                   : rfc.obj (.text:NOROM_RFCSynthPowerDown)
                  000053ac    0000003c     drivers_cc13xxware.aem3 : PINCC26XX.oem3 (.text:PIN_setOutputValue)
                  000053e8    00000038     rom_sysbios.aem3 : rom_sysbios.obj (.text:ti_sysbios_family_arm_cc26xx_Timer_getCurrentTick__E)
                  00005420    00000036     rf_singleMode_cc13xxware.aem3 : RFCC26XX_singleMode.oem3 (.text:updateImplicitState)
                  00005456    00000002     drivers_cc13xxware.aem3 : PowerCC26XX.oem3 (.text:emptyClockFunc)
                  00005458    00000034     driverlib.lib : osc.obj (.text:NOROM_OSCHF_SwitchToRcOscTurnOffXosc)
                  0000548c    00000034     drivers_cc13xxware.aem3 : PINCC26XX.oem3 (.text:PIN_setConfig)
                  000054c0    00000034     rf_singleMode_cc13xxware.aem3 : RFCC26XX_singleMode.oem3 (.text:Q_push)
                  000054f4    00000034     rom_sysbios.aem3 : rom_sysbios.obj (.text:ti_sysbios_family_arm_cc26xx_Timer_initDevice__I)
                  00005528    00000032                      : rom_sysbios.obj (.text:ti_sysbios_family_arm_cc26xx_Timer_setNextTick__E)
                  0000555a    00000002     smartrf_settings.obj (.text:enterGenfskSysPatch)
                  0000555c    00000030     driverlib.lib : setup_rom.obj (.text:NOROM_SetupSetAonRtcSubSecInc)
                  0000558c    00000030     drivers_cc13xxware.aem3 : PowerCC26XX.oem3 (.text:Power_releaseConstraint)
                  000055bc    00000030                             : PowerCC26XX.oem3 (.text:Power_setConstraint)
                  000055ec    00000030     rf_singleMode_cc13xxware.aem3 : RFCC26XX_singleMode.oem3 (.text:clkPowerUpFxn)
                  0000561c    00000030     rfExamples_pem3.oem3 (.text:ti_sysbios_BIOS_atExitFunc__I)
                  0000564c    00000030     rfExamples_pem3.oem3 (.text:ti_sysbios_BIOS_startFunc__I)
                  0000567c    00000030     rom_sysbios.aem3 : rom_sysbios.obj (.text:ti_sysbios_family_arm_cc26xx_Timer_setThreshold__I)
                  000056ac    0000002c     driverlib.lib : ddi.obj (.text:NOROM_DDI32RegWrite)
                  000056d8    0000002c                   : osc.obj (.text:NOROM_OSCClockSourceGet)
                  00005704    0000002c                   : setup_rom.obj (.text:NOROM_SetupGetTrimForRadcExtCfg)
                  00005730    0000002c     rf_singleMode_cc13xxware.aem3 : RFCC26XX_singleMode.oem3 (.text:getCmd)
                  0000575c    0000002c     rom_sysbios.aem3 : rom_sysbios.obj (.text:ti_sysbios_knl_Clock_getTicksUntilInterrupt__E)
                  00005788    00000028     driverlib.lib : aon_batmon.obj (.text:NOROM_AONBatMonTemperatureGetDegC)
                  000057b0    00000028     rf_singleMode_cc13xxware.aem3 : RFCC26XX_singleMode.oem3 (.text:Q_end)
                  000057d8    00000028     driverlib.lib : adi.obj (.text:SafeHapiVoid)
                  00005800    00000024     drivers_cc13xxware.aem3 : PINCC26XX.oem3 (.text:PINCC26XX_getPinCount)
                  00005824    00000024                             : PowerCC26XX_calibrateRCOSC.oem3 (.text:getTdcSemaphore)
                  00005848    00000024     rf_singleMode_cc13xxware.aem3 : RFCC26XX_singleMode.oem3 (.text:hwiFxnCpe0PowerFsm)
                  0000586c    00000024     rfExamples_pem3.oem3 (.text:ti_sysbios_BIOS_registerRTSLock__I)
                  00005890    00000024     rfExamples_pem3.oem3 (.text:ti_sysbios_BIOS_removeRTSLock__I)
                  000058b4    00000024     rom_sysbios.aem3 : rom_sysbios.obj (.text:ti_sysbios_family_arm_cc26xx_Timer_getMaxTicks__E)
                  000058d8    00000020     driverlib.lib : rfc.obj (.text:NOROM_RFCAdi3VcoLdoVoltageMode)
                  000058f8    00000020                   : rfc.obj (.text:NOROM_RFCDoorbellSendTo)
                  00005918    00000020                   : setup_rom.obj (.text:NOROM_SetupGetTrimForXoscHfCtl)
                  00005938    00000020     RFQueue.obj (.text:RFQueue_nextEntry)
                  00005958    00000020     rf_singleMode_cc13xxware.aem3 : RFCC26XX_singleMode.oem3 (.text:allocCmd)
                  00005978    00000020     rfExamples_pem3.oem3 (.text:ti_sysbios_BIOS_rtsLock__I)
                  00005998    00000020     rom_sysbios.aem3 : rom_sysbios.obj (.text:ti_sysbios_family_arm_cc26xx_Timer_dynamicStub__E)
                  000059b8    00000020                      : rom_sysbios.obj (.text:ti_sysbios_knl_Clock_stop__E)
                  000059d8    0000001e     drivers_cc13xxware.aem3 : PowerCC26XX.oem3 (.text:Power_getTransitionLatency)
                  000059f6    00000002     rom_sysbios.aem3 : rom_sysbios.obj (.text:ti_sysbios_BIOS_linkedWithIncorrectBootLibrary__E)
                  000059f8    0000001c     driverlib.lib : setup_rom.obj (.text:NOROM_SetupGetTrimForAmpcompTh2)
                  00005a14    0000001c                   : setup_rom.obj (.text:NOROM_SetupGetTrimForRcOscLfRtuneCtuneTrim)
                  00005a30    0000001c     drivers_cc13xxware.aem3 : PINCC26XX.oem3 (.text:PINCC26XX_setIoCfgMux)
                  00005a4c    0000001c                             : PINCC26XX.oem3 (.text:PIN_hwi)
                  00005a68    0000001c     smartrf_settings.obj (.text:enterGenfskCpePatch)
                  00005a84    00000018     driverlib.lib : aon_rtc.obj (.text:NOROM_AONRTCCurrentCompareValueGet)
                  00005a9c    00000018                   : chipinfo.obj (.text:NOROM_ChipInfo_GetPackageType)
                  00005ab4    00000018                   : osc.obj (.text:NOROM_OSCHF_TurnOnXosc)
                  00005acc    00000018                   : rfc.obj (.text:NOROM_RFCCpeIntGetAndClear)
                  00005ae4    00000018                   : setup_rom.obj (.text:NOROM_SetupGetTrimForAdcShModeEn)
                  00005afc    00000018                   : setup_rom.obj (.text:NOROM_SetupGetTrimForAdcShVbufEn)
                  00005b14    00000018                   : setup_rom.obj (.text:NOROM_SetupGetTrimForAmpcompTh1)
                  00005b2c    00000018                   : setup_rom.obj (.text:NOROM_SetupGetTrimForDblrLoopFilterResetVoltage)
                  00005b44    00000018                   : setup_rom.obj (.text:NOROM_SetupGetTrimForRcOscLfIBiasTrim)
                  00005b5c    00000018                   : setup_rom.obj (.text:NOROM_SetupGetTrimForXoscLfRegulatorAndCmirrwrRatio)
                  00005b74    00000018     drivers_cc13xxware.aem3 : PowerCC26XX.oem3 (.text:Power_idleFunc)
                  00005b8c    00000018     rf_singleMode_cc13xxware.aem3 : RFCC26XX_singleMode.oem3 (.text:Q_pop)
                  00005ba4    00000018     drivers_cc13xxware.aem3 : PowerCC26XX.oem3 (.text:configureRFCoreClocks)
                  00005bbc    00000018     rtsv7M3_T_le_eabi.lib : args_main.obj (.text)
                  00005bd4    00000018                           : ll_mul_t2.obj (.text)
                  00005bec    00000018     rf_singleMode_cc13xxware.aem3 : RFCC26XX_singleMode.oem3 (.text:swiFxnFsm)
                  00005c04    00000018     rfExamples_pem3.oem3 (.text:ti_sysbios_BIOS_rtsUnlock__I)
                  00005c1c    00000018     rom_sysbios.aem3 : rom_sysbios.obj (.text:ti_sysbios_knl_Swi_or__E)
                  00005c34    00000018     rfExamples_pem3.oem3 (.text:ti_sysbios_rom_cortexm_cc13xx_CC13xx_checkRevision__E)
                  00005c4c    00000016     driverlib.lib : chipinfo.obj (.text:NOROM_ThisCodeIsBuiltForCC13xxHwRev20AndLater_HaltIfViolated)
                  00005c62    00000016     rfExamples_pem3.oem3 (.text:ti_sysbios_BIOS_exitFunc__I)
                  00005c78    00000016     rfPacketRx.obj (.text:ti_sysbios_knl_Task_Params_init)
                  00005c8e    00000002     rfExamples_pem3.oem3 (.text:ti_sysbios_BIOS_nullFunc__I)
                  00005c90    00000014     driverlib.lib : aon_rtc.obj (.text:NOROM_AONRTCCurrent64BitValueGet)
                  00005ca4    00000014     drivers_cc13xxware.aem3 : PINCC26XX.oem3 (.text:PINCC26XX_getInputValue)
                  00005cb8    00000014                             : PINCC26XX.oem3 (.text:PINCC26XX_getOutputValue)
                  00005ccc    00000014     rf_singleMode_cc13xxware.aem3 : RFCC26XX_singleMode.oem3 (.text:RF_Params_init)
                  00005ce0    00000014     rtsv7M3_T_le_eabi.lib : _lock.obj (.text)
                  00005cf4    00000014     rfExamples_pem3.oem3 (.text:ti_sysbios_knl_Clock_doTick__I)
                  00005d08    00000012     rfExamples_pem3.oem3 (.text:xdc_runtime_Startup_exec__I)
                  00005d1a    00000002     rom_sysbios.aem3 : rom_sysbios.obj (.text:ti_sysbios_knl_Clock_triggerFunc__I)
                  00005d1c    00000010     rf_singleMode_cc13xxware.aem3 : RFCC26XX_singleMode.oem3 (.text:FsmDispatch)
                  00005d2c    00000010     driverlib.lib : rfc.obj (.text:NOROM_RFCRfTrimSet)
                  00005d3c    00000010                   : setup_rom.obj (.text:NOROM_SetupGetTrimForXoscHfFastStart)
                  00005d4c    00000010                   : setup_rom.obj (.text:NOROM_SetupGetTrimForXoscHfIbiastherm)
                  00005d5c    00000010     smartrf_settings.obj (.text:applyGenfskPatch)
                  00005d6c    00000010     rom_sysbios.aem3 : rom_sysbios.obj (.text:ti_sysbios_family_arm_m3_Hwi_post__E)
                  00005d7c    0000000e     driverlib.lib : vims.obj (.text:NOROM_VIMSModeGet)
                  00005d8a    0000000e     rtsv7M3_T_le_eabi.lib : copy_decompress_none.obj (.text:decompress:none)
                  00005d98    0000000e     rom_sysbios.aem3 : rom_sysbios.obj (.text:ti_sysbios_family_arm_cc26xx_TimestampProvider_get32__E)
                  00005da6    00000002     rfExamples_pem3.oem3 (.text:ti_sysbios_rom_cortexm_cc13xx_CC13xx_badRomRevision__E)
                  00005da8    0000000c     rf_singleMode_cc13xxware.aem3 : RFCC26XX_singleMode.oem3 (.text:FsmNextState)
                  00005db4    0000000c     driverlib.lib : cpu.obj (.text:NOROM_CPUcpsid)
                  00005dc0    0000000c                   : cpu.obj (.text:NOROM_CPUcpsie)
                  00005dcc    0000000c     drivers_cc13xxware.aem3 : PINCC26XX.oem3 (.text:PIN_registerIntCb)
                  00005dd8    0000000c                             : PowerCC26XX.oem3 (.text:Power_getConstraintMask)
                  00005de4    0000000c                             : PowerCC26XX.oem3 (.text:Power_getDependencyCount)
                  00005df0    0000000c     RFQueue.obj (.text:RFQueue_getDataEntry)
                  00005dfc    0000000c     rtsv7M3_T_le_eabi.lib : copy_zero_init.obj (.text:decompress:ZI)
                  00005e08    0000000c     rom_sysbios.aem3 : rom_sysbios.obj (.text:ti_sysbios_knl_Swi_getTrigger__E)
                  00005e14    0000000c     rfExamples_pem3.oem3 (.text:xdc_runtime_Startup_reset__I)
                  00005e20    0000000c     rom_sysbios.aem3 : rom_sysbios.obj (.text:xdc_runtime_Startup_rtsDone__E)
                  00005e2c    0000000a     drivers_cc13xxware.aem3 : List.oem3 (.text:List_empty)
                  00005e36    00000008     smartrf_settings.obj (.text:rf_patch_cpe_genfsk)
                  00005e3e    00000006     driverlib.lib : cpu.obj (.text:NOROM_CPUdelay)
                  00005e44    00000006     rf_singleMode_cc13xxware.aem3 : RFCC26XX_singleMode.oem3 (.text:clkInactivityFxn)
                  00005e4a    00000006     rom_sysbios.aem3 : rom_sysbios.obj (.text:ti_sysbios_family_arm_m3_Hwi_setFunc__E)
                  00005e50    00000004     drivers_cc13xxware.aem3 : List.oem3 (.text:List_head)
                  00005e54    00000004                             : List.oem3 (.text:List_next)
                  00005e58    00000004     rf_singleMode_cc13xxware.aem3 : RFCC26XX_singleMode.oem3 (.text:Q_peek)
                  00005e5c    00000004     drivers_cc13xxware.aem3 : PowerCC26XX.oem3 (.text:nopResourceHandler)
                  00005e60    00000004     rom_sysbios.aem3 : rom_sysbios.obj (.text:ti_sysbios_family_arm_cc26xx_Timer_getCount64__E)
                  00005e64    00000002                      : rom_sysbios.obj (.text:xdc_runtime_SysCallback_defaultAbort)
                  00005e66    00000002                      : rom_sysbios.obj (.text:xdc_runtime_SysCallback_defaultExit)
                  00005e68    00000008     (.tramp.xdc_runtime_Startup_startMods__I.1)
                  00005e70    00000008     (.tramp.ti_sysbios_knl_Clock_logTick__E.1)
                  00005e78    00000008     (.tramp.ti_sysbios_knl_Task_Params__init__S.1)
                  00005e80    00000008     (.tramp.ti_sysbios_knl_Swi_post__E.1)
                  00005e88    00000008     (.tramp.ti_sysbios_BIOS_RtsGateProxy_leave__E.1)
                  00005e90    00000008     (.tramp.ti_sysbios_BIOS_RtsGateProxy_enter__E.1)
                  00005e98    00000008     (.tramp.ti_sysbios_knl_Task_startup__E.1)
                  00005ea0    00000008     (.tramp.ti_sysbios_knl_Swi_startup__E.1)
                  00005ea8    00000008     (.tramp.ti_sysbios_hal_Hwi_startup__E.1)
                  00005eb0    00000008     (.tramp.ti_sysbios_family_arm_cc26xx_Timer_startup__E.1)
                  00005eb8    00000008     (.tramp.xdc_runtime_System_atexit__E.1)
                  00005ec0    00000008     (.tramp.ti_sysbios_BIOS_setThreadType__E.1)
                  00005ec8    00000008     (.tramp.xdc_runtime_System_exit__E.1)
                  00005ed0    00000008     (.tramp.ti_sysbios_knl_Semaphore_post__E.1)
                  00005ed8    00000008     (.tramp.ti_sysbios_knl_Clock_scheduleNextTick__E.1)
                  00005ee0    00000008     (.tramp.ti_sysbios_knl_Clock_walkQueueDynamic__E.1)
                  00005ee8    00000008     (.tramp.ti_sysbios_knl_Clock_TimerProxy_getCurrentTick__E.1)
                  00005ef0    00000008     (.tramp.ti_sysbios_family_arm_m3_Hwi_enableInterrupt__E.1)
                  00005ef8    00000008     (.tramp.ti_sysbios_family_arm_m3_Hwi_destruct.1)
                  00005f00    00000008     (.tramp.ti_sysbios_knl_Swi_destruct.1)
                  00005f08    00000008     (.tramp.ti_sysbios_knl_Clock_destruct.1)
                  00005f10    00000008     (.tramp.ti_sysbios_knl_Semaphore_destruct.1)
                  00005f18    00000008     (.tramp.ti_sysbios_knl_Semaphore_pend__E.1)
                  00005f20    00000008     (.tramp.ti_sysbios_knl_Clock_construct.1)
                  00005f28    00000008     (.tramp.ti_sysbios_knl_Clock_Params__init__S.1)
                  00005f30    00000008     (.tramp.ti_sysbios_BIOS_start__E.1)
                  00005f38    00000008     (.tramp.ti_sysbios_knl_Task_construct.1)
                  00005f40    00000008     (.tramp.xdc_runtime_System_abort__E.1)
                  00005f48    00000008     (.tramp.xdc_runtime_System_abortSpin__E.1)
                  00005f50    00000008     (.tramp.ti_sysbios_knl_Swi_construct.1)
                  00005f58    00000008     (.tramp.ti_sysbios_knl_Swi_Params__init__S.1)
                  00005f60    00000008     (.tramp.ti_sysbios_family_arm_m3_Hwi_construct.1)
                  00005f68    00000008     (.tramp.ti_sysbios_family_arm_m3_Hwi_Params__init__S.1)
                  00005f70    00000008     (.tramp.ti_sysbios_knl_Semaphore_construct.1)
                  00005f78    00000008     (.tramp.ti_sysbios_knl_Semaphore_Params__init__S.1)
                  00005f80    00000008     (.tramp.ti_sysbios_knl_Task_restore__E.1)
                  00005f88    00000008     (.tramp.ti_sysbios_knl_Swi_restore__E.1)
                  00005f90    00000008     (.tramp.ti_sysbios_knl_Swi_disable__E.1)
                  00005f98    00000008     (.tramp.ti_sysbios_knl_Task_disable__E.1)
                  00005fa0    00000008     (.tramp.ti_sysbios_knl_Clock_start__E.1)
                  00005fa8    00000008     (.tramp.ti_sysbios_knl_Clock_setTimeout__E.1)
                  00005fb0    00000008     (.tramp.ti_sysbios_family_arm_m3_Hwi_restoreFxn__E.1)
                  00005fb8    00000008     (.tramp.ti_sysbios_family_arm_m3_Hwi_disableFxn__E.1)

.init_array 
*          0    00000000    00000000     UNINITIALIZED

.resetVecs 
*          0    00000000    0000003c     
                  00000000    0000003c     rfExamples_pem3.oem3 (.resetVecs)

.binit     0    00000000    00000000     

.const:ti_sysbios_knl_Task_Object__PARAMS__C 
*          0    00001000    0000003c     
                  00001000    0000003c     rfExamples_pem3.oem3 (.const:ti_sysbios_knl_Task_Object__PARAMS__C)

.const:ti_sysbios_knl_Mailbox_Object__PARAMS__C 
*          0    0000103c    00000034     
                  0000103c    00000034     rfExamples_pem3.oem3 (.const:ti_sysbios_knl_Mailbox_Object__PARAMS__C)

.const:ti_sysbios_family_arm_m3_Hwi_Object__PARAMS__C 
*          0    00001070    00000030     
                  00001070    00000030     rfExamples_pem3.oem3 (.const:ti_sysbios_family_arm_m3_Hwi_Object__PARAMS__C)

.const:ti_sysbios_hal_Hwi_Object__PARAMS__C 
*          0    000010a0    0000002c     
                  000010a0    0000002c     rfExamples_pem3.oem3 (.const:ti_sysbios_hal_Hwi_Object__PARAMS__C)

.const:ti_sysbios_heaps_HeapMem_Module__FXNS__C 
*          0    000010cc    00000028     
                  000010cc    00000028     rfExamples_pem3.oem3 (.const:ti_sysbios_heaps_HeapMem_Module__FXNS__C)

.const:ti_sysbios_knl_Swi_Object__PARAMS__C 
*          0    000010f4    00000028     
                  000010f4    00000028     rfExamples_pem3.oem3 (.const:ti_sysbios_knl_Swi_Object__PARAMS__C)

.const:ti_sysbios_gates_GateHwi_Module__FXNS__C 
*          0    0000111c    00000024     
                  0000111c    00000024     rfExamples_pem3.oem3 (.const:ti_sysbios_gates_GateHwi_Module__FXNS__C)

.const:ti_sysbios_gates_GateMutex_Module__FXNS__C 
*          0    00001140    00000024     
                  00001140    00000024     rfExamples_pem3.oem3 (.const:ti_sysbios_gates_GateMutex_Module__FXNS__C)

.const:ti_sysbios_heaps_HeapMem_Object__PARAMS__C 
*          0    00001164    00000024     
                  00001164    00000024     rfExamples_pem3.oem3 (.const:ti_sysbios_heaps_HeapMem_Object__PARAMS__C)

.const:ti_sysbios_knl_Clock_Object__PARAMS__C 
*          0    00001188    00000024     
                  00001188    00000024     rfExamples_pem3.oem3 (.const:ti_sysbios_knl_Clock_Object__PARAMS__C)

.const:ti_sysbios_knl_Semaphore_Object__PARAMS__C 
*          0    000011ac    00000024     
                  000011ac    00000024     rfExamples_pem3.oem3 (.const:ti_sysbios_knl_Semaphore_Object__PARAMS__C)

.const:ti_sysbios_family_arm_m3_Hwi_Object__DESC__C 
*          0    000011d0    00000020     
                  000011d0    00000020     rfExamples_pem3.oem3 (.const:ti_sysbios_family_arm_m3_Hwi_Object__DESC__C)

.const:ti_sysbios_gates_GateHwi_Object__DESC__C 
*          0    000011f0    00000020     
                  000011f0    00000020     rfExamples_pem3.oem3 (.const:ti_sysbios_gates_GateHwi_Object__DESC__C)

.const:ti_sysbios_gates_GateMutex_Object__DESC__C 
*          0    00001210    00000020     
                  00001210    00000020     rfExamples_pem3.oem3 (.const:ti_sysbios_gates_GateMutex_Object__DESC__C)

.const:ti_sysbios_hal_Hwi_Object__DESC__C 
*          0    00001230    00000020     
                  00001230    00000020     rfExamples_pem3.oem3 (.const:ti_sysbios_hal_Hwi_Object__DESC__C)

.const:ti_sysbios_heaps_HeapMem_Object__DESC__C 
*          0    00001250    00000020     
                  00001250    00000020     rfExamples_pem3.oem3 (.const:ti_sysbios_heaps_HeapMem_Object__DESC__C)

.const:ti_sysbios_knl_Clock_Object__DESC__C 
*          0    00001270    00000020     
                  00001270    00000020     rfExamples_pem3.oem3 (.const:ti_sysbios_knl_Clock_Object__DESC__C)

.const:ti_sysbios_knl_Mailbox_Object__DESC__C 
*          0    00001290    00000020     
                  00001290    00000020     rfExamples_pem3.oem3 (.const:ti_sysbios_knl_Mailbox_Object__DESC__C)

.const:ti_sysbios_knl_Queue_Object__DESC__C 
*          0    000012b0    00000020     
                  000012b0    00000020     rfExamples_pem3.oem3 (.const:ti_sysbios_knl_Queue_Object__DESC__C)

.const:ti_sysbios_knl_Semaphore_Object__DESC__C 
*          0    000012d0    00000020     
                  000012d0    00000020     rfExamples_pem3.oem3 (.const:ti_sysbios_knl_Semaphore_Object__DESC__C)

.const:ti_sysbios_knl_Swi_Object__DESC__C 
*          0    000012f0    00000020     
                  000012f0    00000020     rfExamples_pem3.oem3 (.const:ti_sysbios_knl_Swi_Object__DESC__C)

.const:ti_sysbios_knl_Task_Object__DESC__C 
*          0    00001310    00000020     
                  00001310    00000020     rfExamples_pem3.oem3 (.const:ti_sysbios_knl_Task_Object__DESC__C)

.const:ti_sysbios_gates_GateHwi_Object__PARAMS__C 
*          0    00001330    00000018     
                  00001330    00000018     rfExamples_pem3.oem3 (.const:ti_sysbios_gates_GateHwi_Object__PARAMS__C)

.const:ti_sysbios_gates_GateMutex_Object__PARAMS__C 
*          0    00001348    00000018     
                  00001348    00000018     rfExamples_pem3.oem3 (.const:ti_sysbios_gates_GateMutex_Object__PARAMS__C)

.const:ti_sysbios_knl_Queue_Object__PARAMS__C 
*          0    00001360    00000018     
                  00001360    00000018     rfExamples_pem3.oem3 (.const:ti_sysbios_knl_Queue_Object__PARAMS__C)

.const:ti_sysbios_knl_Idle_funcList__C 
*          0    00001378    00000008     
                  00001378    00000008     rfExamples_pem3.oem3 (.const:ti_sysbios_knl_Idle_funcList__C)

.const:ti_sysbios_family_arm_cc26xx_Timer_startupNeeded__C 
*          0    00001384    00000004     
                  00001384    00000004     rfExamples_pem3.oem3 (.const:ti_sysbios_family_arm_cc26xx_Timer_startupNeeded__C)

.const:ti_sysbios_family_arm_m3_Hwi_E_alreadyDefined__C 
*          0    00001388    00000004     
                  00001388    00000004     rfExamples_pem3.oem3 (.const:ti_sysbios_family_arm_m3_Hwi_E_alreadyDefined__C)

.const:ti_sysbios_family_arm_m3_Hwi_E_hwiLimitExceeded__C 
*          0    0000138c    00000004     
                  0000138c    00000004     rfExamples_pem3.oem3 (.const:ti_sysbios_family_arm_m3_Hwi_E_hwiLimitExceeded__C)

.const:ti_sysbios_family_arm_m3_Hwi_NUM_INTERRUPTS__C 
*          0    00001390    00000004     
                  00001390    00000004     rfExamples_pem3.oem3 (.const:ti_sysbios_family_arm_m3_Hwi_NUM_INTERRUPTS__C)

.const:ti_sysbios_family_arm_m3_Hwi_Object__count__C 
*          0    00001394    00000004     
                  00001394    00000004     rfExamples_pem3.oem3 (.const:ti_sysbios_family_arm_m3_Hwi_Object__count__C)

.const:ti_sysbios_family_arm_m3_Hwi_Object__table__C 
*          0    00001398    00000004     
                  00001398    00000004     rfExamples_pem3.oem3 (.const:ti_sysbios_family_arm_m3_Hwi_Object__table__C)

.const:ti_sysbios_family_arm_m3_Hwi_ccr__C 
*          0    0000139c    00000004     
                  0000139c    00000004     rfExamples_pem3.oem3 (.const:ti_sysbios_family_arm_m3_Hwi_ccr__C)

.const:ti_sysbios_family_arm_m3_Hwi_excHandlerFunc__C 
*          0    000013a0    00000004     
                  000013a0    00000004     rfExamples_pem3.oem3 (.const:ti_sysbios_family_arm_m3_Hwi_excHandlerFunc__C)

.const:ti_sysbios_family_arm_m3_Hwi_nullIsrFunc__C 
*          0    000013a4    00000004     
                  000013a4    00000004     rfExamples_pem3.oem3 (.const:ti_sysbios_family_arm_m3_Hwi_nullIsrFunc__C)

.const:ti_sysbios_family_arm_m3_Hwi_numSparseInterrupts__C 
*          0    000013a8    00000004     
                  000013a8    00000004     rfExamples_pem3.oem3 (.const:ti_sysbios_family_arm_m3_Hwi_numSparseInterrupts__C)

.const:ti_sysbios_family_arm_m3_Hwi_priGroup__C 
*          0    000013ac    00000004     
                  000013ac    00000004     rfExamples_pem3.oem3 (.const:ti_sysbios_family_arm_m3_Hwi_priGroup__C)

.const:ti_sysbios_family_arm_m3_TaskSupport_stackAlignment__C 
*          0    000013b0    00000004     
                  000013b0    00000004     rfExamples_pem3.oem3 (.const:ti_sysbios_family_arm_m3_TaskSupport_stackAlignment__C)

.const:ti_sysbios_heaps_HeapMem_E_memory__C 
*          0    000013b4    00000004     
                  000013b4    00000004     rfExamples_pem3.oem3 (.const:ti_sysbios_heaps_HeapMem_E_memory__C)

.const:ti_sysbios_heaps_HeapMem_Module__gateObj__C 
*          0    000013b8    00000004     
                  000013b8    00000004     rfExamples_pem3.oem3 (.const:ti_sysbios_heaps_HeapMem_Module__gateObj__C)

.const:ti_sysbios_heaps_HeapMem_Object__count__C 
*          0    000013bc    00000004     
                  000013bc    00000004     rfExamples_pem3.oem3 (.const:ti_sysbios_heaps_HeapMem_Object__count__C)

.const:ti_sysbios_heaps_HeapMem_Object__table__C 
*          0    000013c0    00000004     
                  000013c0    00000004     rfExamples_pem3.oem3 (.const:ti_sysbios_heaps_HeapMem_Object__table__C)

.const:ti_sysbios_heaps_HeapMem_reqAlign__C 
*          0    000013c4    00000004     
                  000013c4    00000004     rfExamples_pem3.oem3 (.const:ti_sysbios_heaps_HeapMem_reqAlign__C)

.const:ti_sysbios_knl_Clock_serviceMargin__C 
*          0    000013c8    00000004     
                  000013c8    00000004     rfExamples_pem3.oem3 (.const:ti_sysbios_knl_Clock_serviceMargin__C)

.const:ti_sysbios_knl_Mailbox_Object__count__C 
*          0    000013cc    00000004     
                  000013cc    00000004     rfExamples_pem3.oem3 (.const:ti_sysbios_knl_Mailbox_Object__count__C)

.const:ti_sysbios_knl_Mailbox_Object__table__C 
*          0    000013d0    00000004     
                  000013d0    00000004     rfExamples_pem3.oem3 (.const:ti_sysbios_knl_Mailbox_Object__table__C)

.const:ti_sysbios_knl_Mailbox_maxTypeAlign__C 
*          0    000013d4    00000004     
                  000013d4    00000004     rfExamples_pem3.oem3 (.const:ti_sysbios_knl_Mailbox_maxTypeAlign__C)

.const:ti_sysbios_knl_Queue_Object__count__C 
*          0    000013d8    00000004     
                  000013d8    00000004     rfExamples_pem3.oem3 (.const:ti_sysbios_knl_Queue_Object__count__C)

.const:ti_sysbios_knl_Queue_Object__table__C 
*          0    000013dc    00000004     
                  000013dc    00000004     rfExamples_pem3.oem3 (.const:ti_sysbios_knl_Queue_Object__table__C)

.const:ti_sysbios_knl_Swi_Object__count__C 
*          0    000013e0    00000004     
                  000013e0    00000004     rfExamples_pem3.oem3 (.const:ti_sysbios_knl_Swi_Object__count__C)

.const:ti_sysbios_knl_Swi_Object__table__C 
*          0    000013e4    00000004     
                  000013e4    00000004     rfExamples_pem3.oem3 (.const:ti_sysbios_knl_Swi_Object__table__C)

.const:ti_sysbios_knl_Swi_numPriorities__C 
*          0    000013e8    00000004     
                  000013e8    00000004     rfExamples_pem3.oem3 (.const:ti_sysbios_knl_Swi_numPriorities__C)

.const:ti_sysbios_knl_Task_Object__count__C 
*          0    000013ec    00000004     
                  000013ec    00000004     rfExamples_pem3.oem3 (.const:ti_sysbios_knl_Task_Object__count__C)

.const:ti_sysbios_knl_Task_Object__table__C 
*          0    000013f0    00000004     
                  000013f0    00000004     rfExamples_pem3.oem3 (.const:ti_sysbios_knl_Task_Object__table__C)

.const:ti_sysbios_knl_Task_allBlockedFunc__C 
*          0    000013f4    00000004     
                  000013f4    00000004     rfExamples_pem3.oem3 (.const:ti_sysbios_knl_Task_allBlockedFunc__C)

.const:ti_sysbios_knl_Task_defaultStackHeap__C 
*          0    000013f8    00000004     
                  000013f8    00000004     rfExamples_pem3.oem3 (.const:ti_sysbios_knl_Task_defaultStackHeap__C)

.const:ti_sysbios_knl_Task_defaultStackSize__C 
*          0    000013fc    00000004     
                  000013fc    00000004     rfExamples_pem3.oem3 (.const:ti_sysbios_knl_Task_defaultStackSize__C)

.const:ti_sysbios_knl_Task_numConstructedTasks__C 
*          0    00001400    00000004     
                  00001400    00000004     rfExamples_pem3.oem3 (.const:ti_sysbios_knl_Task_numConstructedTasks__C)

.const:ti_sysbios_family_arm_cc26xx_Timer_Module__id__C 
*          0    00001406    00000002     
                  00001406    00000002     rfExamples_pem3.oem3 (.const:ti_sysbios_family_arm_cc26xx_Timer_Module__id__C)

.const:ti_sysbios_family_arm_cc26xx_TimestampProvider_useClockTimer__C 
*          0    00001408    00000002     
                  00001408    00000002     rfExamples_pem3.oem3 (.const:ti_sysbios_family_arm_cc26xx_TimestampProvider_useClockTimer__C)

.const:ti_sysbios_family_arm_m3_Hwi_Module__id__C 
*          0    0000140a    00000002     
                  0000140a    00000002     rfExamples_pem3.oem3 (.const:ti_sysbios_family_arm_m3_Hwi_Module__id__C)

.const:ti_sysbios_gates_GateHwi_Module__id__C 
*          0    0000140c    00000002     
                  0000140c    00000002     rfExamples_pem3.oem3 (.const:ti_sysbios_gates_GateHwi_Module__id__C)

.const:ti_sysbios_gates_GateMutex_Module__id__C 
*          0    0000140e    00000002     
                  0000140e    00000002     rfExamples_pem3.oem3 (.const:ti_sysbios_gates_GateMutex_Module__id__C)

.const:ti_sysbios_heaps_HeapMem_Module__id__C 
*          0    00001410    00000002     
                  00001410    00000002     rfExamples_pem3.oem3 (.const:ti_sysbios_heaps_HeapMem_Module__id__C)

.const:ti_sysbios_knl_Task_initStackFlag__C 
*          0    00001412    00000002     
                  00001412    00000002     rfExamples_pem3.oem3 (.const:ti_sysbios_knl_Task_initStackFlag__C)

.const:ti_sysbios_knl_Clock_tickMode__C 
*          0    00001414    00000001     
                  00001414    00000001     rfExamples_pem3.oem3 (.const:ti_sysbios_knl_Clock_tickMode__C)

.const:xdc_runtime_Startup_firstFxns__C 
*          0    00001418    00000008     
                  00001418    00000008     rfExamples_pem3.oem3 (.const:xdc_runtime_Startup_firstFxns__C)

.const:xdc_runtime_Startup_lastFxns__C 
*          0    00001420    00000008     
                  00001420    00000008     rfExamples_pem3.oem3 (.const:xdc_runtime_Startup_lastFxns__C)

.const:xdc_runtime_Assert_E_assertFailed__C 
*          0    00001428    00000004     
                  00001428    00000004     rfExamples_pem3.oem3 (.const:xdc_runtime_Assert_E_assertFailed__C)

.const:xdc_runtime_Error_E_memory__C 
*          0    0000142c    00000004     
                  0000142c    00000004     rfExamples_pem3.oem3 (.const:xdc_runtime_Error_E_memory__C)

.const:xdc_runtime_Error_policyFxn__C 
*          0    00001430    00000004     
                  00001430    00000004     rfExamples_pem3.oem3 (.const:xdc_runtime_Error_policyFxn__C)

.const:xdc_runtime_IGateProvider_Interface__BASE__C 
*          0    00001434    00000004     
                  00001434    00000004     rfExamples_pem3.oem3 (.const:xdc_runtime_IGateProvider_Interface__BASE__C)

.const:xdc_runtime_IHeap_Interface__BASE__C 
*          0    00001438    00000004     
                  00001438    00000004     rfExamples_pem3.oem3 (.const:xdc_runtime_IHeap_Interface__BASE__C)

.const:xdc_runtime_IModule_Interface__BASE__C 
*          0    0000143c    00000004     
                  0000143c    00000004     rfExamples_pem3.oem3 (.const:xdc_runtime_IModule_Interface__BASE__C)

.const:xdc_runtime_Main_Module__diagsEnabled__C 
*          0    00001440    00000004     
                  00001440    00000004     rfExamples_pem3.oem3 (.const:xdc_runtime_Main_Module__diagsEnabled__C)

.const:xdc_runtime_Main_Module__diagsIncluded__C 
*          0    00001444    00000004     
                  00001444    00000004     rfExamples_pem3.oem3 (.const:xdc_runtime_Main_Module__diagsIncluded__C)

.const:xdc_runtime_Main_Module__diagsMask__C 
*          0    00001448    00000004     
                  00001448    00000004     rfExamples_pem3.oem3 (.const:xdc_runtime_Main_Module__diagsMask__C)

.const:xdc_runtime_Memory_defaultHeapInstance__C 
*          0    0000144c    00000004     
                  0000144c    00000004     rfExamples_pem3.oem3 (.const:xdc_runtime_Memory_defaultHeapInstance__C)

.const:xdc_runtime_Startup_execImpl__C 
*          0    00001450    00000004     
                  00001450    00000004     rfExamples_pem3.oem3 (.const:xdc_runtime_Startup_execImpl__C)

.const:xdc_runtime_Startup_maxPasses__C 
*          0    00001454    00000004     
                  00001454    00000004     rfExamples_pem3.oem3 (.const:xdc_runtime_Startup_maxPasses__C)

.const:xdc_runtime_Startup_sfxnRts__C 
*          0    00001458    00000004     
                  00001458    00000004     rfExamples_pem3.oem3 (.const:xdc_runtime_Startup_sfxnRts__C)

.const:xdc_runtime_Startup_sfxnTab__C 
*          0    0000145c    00000004     
                  0000145c    00000004     rfExamples_pem3.oem3 (.const:xdc_runtime_Startup_sfxnTab__C)

.const:xdc_runtime_Startup_startModsFxn__C 
*          0    00001460    00000004     
                  00001460    00000004     rfExamples_pem3.oem3 (.const:xdc_runtime_Startup_startModsFxn__C)

.const:xdc_runtime_SysCallback_abortFxn__C 
*          0    00001464    00000004     
                  00001464    00000004     rfExamples_pem3.oem3 (.const:xdc_runtime_SysCallback_abortFxn__C)

.const:xdc_runtime_SysCallback_exitFxn__C 
*          0    00001468    00000004     
                  00001468    00000004     rfExamples_pem3.oem3 (.const:xdc_runtime_SysCallback_exitFxn__C)

.const:xdc_runtime_System_abortFxn__C 
*          0    0000146c    00000004     
                  0000146c    00000004     rfExamples_pem3.oem3 (.const:xdc_runtime_System_abortFxn__C)

.const:xdc_runtime_System_exitFxn__C 
*          0    00001470    00000004     
                  00001470    00000004     rfExamples_pem3.oem3 (.const:xdc_runtime_System_exitFxn__C)

.const:xdc_runtime_System_maxAtexitHandlers__C 
*          0    00001474    00000004     
                  00001474    00000004     rfExamples_pem3.oem3 (.const:xdc_runtime_System_maxAtexitHandlers__C)

.const:xdc_runtime_Text_charTab__C 
*          0    00001478    00000004     
                  00001478    00000004     rfExamples_pem3.oem3 (.const:xdc_runtime_Text_charTab__C)

.const:xdc_runtime_Text_nameEmpty__C 
*          0    0000147c    00000004     
                  0000147c    00000004     rfExamples_pem3.oem3 (.const:xdc_runtime_Text_nameEmpty__C)

.const:xdc_runtime_Text_nameStatic__C 
*          0    00001480    00000004     
                  00001480    00000004     rfExamples_pem3.oem3 (.const:xdc_runtime_Text_nameStatic__C)

.const:xdc_runtime_Text_nameUnknown__C 
*          0    00001484    00000004     
                  00001484    00000004     rfExamples_pem3.oem3 (.const:xdc_runtime_Text_nameUnknown__C)

.const:xdc_runtime_Main_Module__id__C 
*          0    00001488    00000002     
                  00001488    00000002     rfExamples_pem3.oem3 (.const:xdc_runtime_Main_Module__id__C)

.const:xdc_runtime_Memory_Module__id__C 
*          0    0000148a    00000002     
                  0000148a    00000002     rfExamples_pem3.oem3 (.const:xdc_runtime_Memory_Module__id__C)

.const:xdc_runtime_Text_charCnt__C 
*          0    0000148c    00000002     
                  0000148c    00000002     rfExamples_pem3.oem3 (.const:xdc_runtime_Text_charCnt__C)

.const:xdc_runtime_Text_isLoaded__C 
*          0    0000148e    00000002     
                  0000148e    00000002     rfExamples_pem3.oem3 (.const:xdc_runtime_Text_isLoaded__C)

.const:xdc_runtime_Error_policy__C 
*          0    00001490    00000001     
                  00001490    00000001     rfExamples_pem3.oem3 (.const:xdc_runtime_Error_policy__C)

.const:ti_sysbios_rom_ROM_AONRTCChannelEnable 
*          0    00001494    00000004     
                  00001494    00000004     rfExamples_pem3.oem3 (.const:ti_sysbios_rom_ROM_AONRTCChannelEnable)

.const:ti_sysbios_rom_ROM_AONRTCCompareValueSet 
*          0    00001498    00000004     
                  00001498    00000004     rfExamples_pem3.oem3 (.const:ti_sysbios_rom_ROM_AONRTCCompareValueSet)

.const:ti_sysbios_rom_ROM_AONRTCCurrentCompareValueGet 
*          0    0000149c    00000004     
                  0000149c    00000004     rfExamples_pem3.oem3 (.const:ti_sysbios_rom_ROM_AONRTCCurrentCompareValueGet)

.const:ti_sysbios_rom_ROM_AONRTCEventClear 
*          0    000014a0    00000004     
                  000014a0    00000004     rfExamples_pem3.oem3 (.const:ti_sysbios_rom_ROM_AONRTCEventClear)

.const:ti_sysbios_rom_ROM_ti_sysbios_family_arm_cc26xx_Timer_getCount64__E 
*          0    000014a4    00000004     
                  000014a4    00000004     rfExamples_pem3.oem3 (.const:ti_sysbios_rom_ROM_ti_sysbios_family_arm_cc26xx_Timer_getCount64__E)

.const:ti_sysbios_rom_ROM_ti_sysbios_family_arm_cc26xx_Timer_getCurrentTick__E 
*          0    000014a8    00000004     
                  000014a8    00000004     rfExamples_pem3.oem3 (.const:ti_sysbios_rom_ROM_ti_sysbios_family_arm_cc26xx_Timer_getCurrentTick__E)

.const:ti_sysbios_rom_ROM_ti_sysbios_family_arm_cc26xx_Timer_getMaxTicks__E 
*          0    000014ac    00000004     
                  000014ac    00000004     rfExamples_pem3.oem3 (.const:ti_sysbios_rom_ROM_ti_sysbios_family_arm_cc26xx_Timer_getMaxTicks__E)

.const:ti_sysbios_rom_ROM_ti_sysbios_family_arm_cc26xx_Timer_initDevice__I 
*          0    000014b0    00000004     
                  000014b0    00000004     rfExamples_pem3.oem3 (.const:ti_sysbios_rom_ROM_ti_sysbios_family_arm_cc26xx_Timer_initDevice__I)

.const:ti_sysbios_rom_ROM_ti_sysbios_family_arm_cc26xx_Timer_setNextTick__E 
*          0    000014b4    00000004     
                  000014b4    00000004     rfExamples_pem3.oem3 (.const:ti_sysbios_rom_ROM_ti_sysbios_family_arm_cc26xx_Timer_setNextTick__E)

.const:ti_sysbios_rom_ROM_ti_sysbios_family_arm_cc26xx_Timer_setThreshold__I 
*          0    000014b8    00000004     
                  000014b8    00000004     rfExamples_pem3.oem3 (.const:ti_sysbios_rom_ROM_ti_sysbios_family_arm_cc26xx_Timer_setThreshold__I)

.const:ti_sysbios_rom_ROM_ti_sysbios_family_arm_cc26xx_Timer_start__E 
*          0    000014bc    00000004     
                  000014bc    00000004     rfExamples_pem3.oem3 (.const:ti_sysbios_rom_ROM_ti_sysbios_family_arm_cc26xx_Timer_start__E)

.const:ti_sysbios_rom_ROM_ti_sysbios_family_arm_cc26xx_TimestampProvider_get32__E 
*          0    000014c0    00000004     
                  000014c0    00000004     rfExamples_pem3.oem3 (.const:ti_sysbios_rom_ROM_ti_sysbios_family_arm_cc26xx_TimestampProvider_get32__E)

.const:ti_sysbios_rom_ROM_xdc_runtime_Startup_getState__I 
*          0    000014c4    00000004     
                  000014c4    00000004     rfExamples_pem3.oem3 (.const:ti_sysbios_rom_ROM_xdc_runtime_Startup_getState__I)

.const:ti_sysbios_rom_ROM_xdc_runtime_System_SupportProxy_abort__E 
*          0    000014c8    00000004     
                  000014c8    00000004     rfExamples_pem3.oem3 (.const:ti_sysbios_rom_ROM_xdc_runtime_System_SupportProxy_abort__E)

.const:ti_sysbios_rom_ROM_xdc_runtime_System_SupportProxy_exit__E 
*          0    000014cc    00000004     
                  000014cc    00000004     rfExamples_pem3.oem3 (.const:ti_sysbios_rom_ROM_xdc_runtime_System_SupportProxy_exit__E)

.const:ti_sysbios_gates_GateMutex_Instance_State_sem__O 
*          0    000014d0    00000004     
                  000014d0    00000004     rfExamples_pem3.oem3 (.const:ti_sysbios_gates_GateMutex_Instance_State_sem__O)

.const:ti_sysbios_knl_Clock_Module_State_clockQ__O 
*          0    000014d4    00000004     
                  000014d4    00000004     rfExamples_pem3.oem3 (.const:ti_sysbios_knl_Clock_Module_State_clockQ__O)

.const:ti_sysbios_knl_Mailbox_Instance_State_dataQue__O 
*          0    000014d8    00000004     
                  000014d8    00000004     rfExamples_pem3.oem3 (.const:ti_sysbios_knl_Mailbox_Instance_State_dataQue__O)

.const:ti_sysbios_knl_Mailbox_Instance_State_dataSem__O 
*          0    000014dc    00000004     
                  000014dc    00000004     rfExamples_pem3.oem3 (.const:ti_sysbios_knl_Mailbox_Instance_State_dataSem__O)

.const:ti_sysbios_knl_Mailbox_Instance_State_freeQue__O 
*          0    000014e0    00000004     
                  000014e0    00000004     rfExamples_pem3.oem3 (.const:ti_sysbios_knl_Mailbox_Instance_State_freeQue__O)

.const:ti_sysbios_knl_Mailbox_Instance_State_freeSem__O 
*          0    000014e4    00000004     
                  000014e4    00000004     rfExamples_pem3.oem3 (.const:ti_sysbios_knl_Mailbox_Instance_State_freeSem__O)

.const:ti_sysbios_knl_Semaphore_Instance_State_pendQ__O 
*          0    000014e8    00000004     
                  000014e8    00000004     rfExamples_pem3.oem3 (.const:ti_sysbios_knl_Semaphore_Instance_State_pendQ__O)

.const:ti_sysbios_knl_Task_Module_State_inactiveQ__O 
*          0    000014ec    00000004     
                  000014ec    00000004     rfExamples_pem3.oem3 (.const:ti_sysbios_knl_Task_Module_State_inactiveQ__O)

.ccfg      0    0001ffa8    00000058     
                  0001ffa8    00000058     ccfg.obj (.ccfg:retain)

.vecs      0    20000000    000000c8     NOLOAD SECTION
                  20000000    000000c8     rfExamples_pem3.oem3 (.vecs)

.data:ti_sysbios_knl_Task_Module__state__V 
*          0    20000100    00000044     UNINITIALIZED
                  20000100    00000044     rfExamples_pem3.oem3 (.data:ti_sysbios_knl_Task_Module__state__V)

.data:ti_sysbios_family_arm_m3_Hwi_Module__state__V 
*          0    20000144    00000034     UNINITIALIZED
                  20000144    00000034     rfExamples_pem3.oem3 (.data:ti_sysbios_family_arm_m3_Hwi_Module__state__V)

.data:ti_sysbios_knl_Clock_Module__state__V 
*          0    20000178    0000002c     UNINITIALIZED
                  20000178    0000002c     rfExamples_pem3.oem3 (.data:ti_sysbios_knl_Clock_Module__state__V)

.data:ti_sysbios_BIOS_Module__state__V 
*          0    200001a4    00000024     UNINITIALIZED
                  200001a4    00000024     rfExamples_pem3.oem3 (.data:ti_sysbios_BIOS_Module__state__V)

.data:ti_sysbios_knl_Swi_Module__state__V 
*          0    200001c8    0000001c     UNINITIALIZED
                  200001c8    0000001c     rfExamples_pem3.oem3 (.data:ti_sysbios_knl_Swi_Module__state__V)

.data:ti_sysbios_family_arm_cc26xx_Timer_Module__state__V 
*          0    200001e4    00000008     UNINITIALIZED
                  200001e4    00000008     rfExamples_pem3.oem3 (.data:ti_sysbios_family_arm_cc26xx_Timer_Module__state__V)

.data:ti_sysbios_family_arm_cc26xx_TimestampProvider_Module__state__V 
*          0    200001ec    00000004     UNINITIALIZED
                  200001ec    00000004     rfExamples_pem3.oem3 (.data:ti_sysbios_family_arm_cc26xx_TimestampProvider_Module__state__V)

.data:xdc_runtime_Startup_Module__state__V 
*          0    200001f0    00000008     UNINITIALIZED
                  200001f0    00000008     rfExamples_pem3.oem3 (.data:xdc_runtime_Startup_Module__state__V)

.data:xdc_runtime_System_Module__state__V 
*          0    200001f8    00000008     UNINITIALIZED
                  200001f8    00000008     rfExamples_pem3.oem3 (.data:xdc_runtime_System_Module__state__V)

.data:xdc_runtime_Memory_Module__state__V 
*          0    20000200    00000004     UNINITIALIZED
                  20000200    00000004     rfExamples_pem3.oem3 (.data:xdc_runtime_Memory_Module__state__V)

.bss       0    20000208    00001855     UNINITIALIZED
                  20000208    00000400     rfPacketRx.obj (.bss:rxTaskStack)
                  20000608    00000400     rfPacketRx.obj (.bss:txTaskStack)
                  20000a08    00000400     (.common:ti_sysbios_heaps_HeapMem_Instance_State_0_buf__A)
                  20000e08    00000200     rfExamples_pem3.oem3 (.bss:taskStackSection)
                  20001008    00000200     (.common:myTaskStack)
                  20001208    00000100     rf_singleMode_cc13xxware.aem3 : RFCC26XX_singleMode.oem3 (.bss:aCmdPool)
                  20001308    000000c8     (.common:ti_sysbios_family_arm_m3_Hwi_dispatchTable)
                  200013d0    000000c0     rfPacketRx.obj (.bss:rfObject_RX)
                  20001490    000000c0     rfPacketRx.obj (.bss:rfObject_TX)
                  20001550    0000007c     drivers_cc13xxware.aem3 : PINCC26XX.oem3 (.bss:PIN_HandleTable)
                  200015cc    00000058     rfPacketRx.obj (.bss:rxDataEntryBuffer)
                  20001624    00000050     (.common:myTask)
                  20001674    00000050     (.common:rxTask)
                  200016c4    00000050     (.common:txTask)
                  20001714    0000003c     rfPacketRx.obj (.bss:rxTaskParams)
                  20001750    0000003c     rfPacketRx.obj (.bss:txTaskParams)
                  2000178c    0000003c     (.common:taskParams)
                  200017c8    00000036     rfPacketRx.obj (.bss)
                  200017fe    00000001     (.common:bInitAvailRatCh)
                  200017ff    00000001     (.common:bPowerDownActive)
                  20001800    00000034     drivers_cc13xxware.aem3 : PINCC26XX.oem3 (.bss:PinSwi)
                  20001834    00000034     rf_singleMode_cc13xxware.aem3 : RFCC26XX_singleMode.oem3 (.bss:swiFsm)
                  20001868    00000034                                   : RFCC26XX_singleMode.oem3 (.bss:swiHw)
                  2000189c    00000024                                   : RFCC26XX_singleMode.oem3 (.bss:clkPowerUp)
                  200018c0    00000020     rfPacketRx.obj (.bss:packet_RX)
                  200018e0    00000020     rfPacketRx.obj (.bss:packet_TX)
                  20001900    00000020     (.common:PinGpioConfigTable)
                  20001920    0000001c     (.common:PinHwi)
                  2000193c    0000001c     (.common:PinSem)
                  20001958    0000001c     (.common:hwiCpe0)
                  20001974    0000001c     (.common:hwiHw)
                  20001990    00000018     (.common:cmdDirImm)
                  200019a8    00000014     driverlib.lib : osc.obj (.bss:oscHfGlobals)
                  200019bc    00000014     (.common:cmdQ)
                  200019d0    00000014     (.common:opRatSync)
                  200019e4    0000000c     rfPacketRx.obj (.bss:buttonPinState)
                  200019f0    0000000c     rfPacketRx.obj (.bss:ledPinState_LED3)
                  200019fc    0000000c     rfPacketRx.obj (.bss:ledPinState_LED4)
                  20001a08    0000000c     rfPacketRx.obj (.bss:ledPinState_RX)
                  20001a14    0000000c     rfPacketRx.obj (.bss:ledPinState_TX)
                  20001a20    00000008     rfPacketRx.obj (.bss:dataQueue)
                  20001a28    00000008     driverlib.lib : sys_ctrl.obj (.bss:powerQualGlobals)
                  20001a30    00000004     (.common:PIN_NumPins)
                  20001a34    00000004     (.common:activeTimeInUs)
                  20001a38    00000004     (.common:dispatchInUs)
                  20001a3c    00000004     (.common:nRtc1)
                  20001a40    00000004     (.common:nRtc3)
                  20001a44    00000004     (.common:pCurrClient)
                  20001a48    00000004     (.common:pFsmState)
                  20001a4c    00000004     (.common:pPinGpio)
                  20001a50    00000004     (.common:readEntry)
                  20001a54    00000001     (.common:bPowerUpActive)
                  20001a55    00000001     (.common:bRadioActive)
                  20001a56    00000001     (.common:bRestart)
                  20001a57    00000001     (.common:bStart)
                  20001a58    00000001     (.common:bYieldPwrDnCalled)
                  20001a59    00000001     (.common:bYieldPwrDnCancel)
                  20001a5a    00000001     (.common:driverlib_release_0_47020)
                  20001a5b    00000001     (.common:nActiveClients)
                  20001a5c    00000001     (.common:nClients)

.data      0    20001a60    00000435     UNINITIALIZED
                  20001a60    00000110     drivers_cc13xxware.aem3 : PowerCC26XX.oem3 (.data:PowerCC26XX_module)
                  20001b70    00000058     smartrf_settings.obj (.data:pOverrides)
                  20001bc8    0000004c     rfExamples_pem3.oem3 (.data:ti_sysbios_knl_Task_Object__table__V)
                  20001c14    00000004     rtsv7M3_T_le_eabi.lib : rand.obj (.data)
                  20001c18    00000048     rfExamples_pem3.oem3 (.data:ti_sysbios_family_arm_cc26xx_Timer_Object__table__V)
                  20001c60    00000038     rfExamples_pem3.oem3 (.data:ti_sysbios_gates_GateMutex_Object__table__V)
                  20001c98    00000030     rfExamples_pem3.oem3 (.data:ti_sysbios_knl_Swi_Module_State_0_readyQ__A)
                  20001cc8    00000030     rfExamples_pem3.oem3 (.data:ti_sysbios_knl_Swi_Object__table__V)
                  20001cf8    00000028     smartrf_settings.obj (.data:RF_cmdPropRadioDivSetup)
                  20001d20    00000024     smartrf_settings.obj (.data:RF_cmdPropRx)
                  20001d44    00000020     rfExamples_pem3.oem3 (.data:ti_sysbios_knl_Clock_Object__table__V)
                  20001d64    00000020     rfExamples_pem3.oem3 (.data:ti_sysbios_knl_Task_Module_State_0_readyQ__A)
                  20001d84    00000018     smartrf_settings.obj (.data:RF_cmdFs)
                  20001d9c    00000018     smartrf_settings.obj (.data:RF_cmdPropTx)
                  20001db4    00000018     rfExamples_pem3.oem3 (.data:ti_sysbios_family_arm_m3_Hwi_Object__table__V)
                  20001dcc    00000018     rfExamples_pem3.oem3 (.data:ti_sysbios_heaps_HeapMem_Object__table__V)
                  20001de4    00000010     smartrf_settings.obj (.data:RF_prop)
                  20001df4    0000000c     rfPacketRx.obj (.data:buttonPinTable)
                  20001e00    00000008     rtsv7M3_T_le_eabi.lib : _lock.obj (.data:$O1$$)
                  20001e08    00000008     rfPacketRx.obj (.data:pinTable_LED3)
                  20001e10    00000008     rfPacketRx.obj (.data:pinTable_LED4)
                  20001e18    00000008     rfPacketRx.obj (.data:pinTable_RX)
                  20001e20    00000008     rfPacketRx.obj (.data:pinTable_TX)
                  20001e28    00000008     rfExamples_pem3.oem3 (.data:ti_sysbios_family_arm_m3_Hwi_Module__root__V)
                  20001e30    00000008     rfExamples_pem3.oem3 (.data:ti_sysbios_gates_GateHwi_Module__root__V)
                  20001e38    00000008     rfExamples_pem3.oem3 (.data:ti_sysbios_gates_GateMutex_Module__root__V)
                  20001e40    00000008     rfExamples_pem3.oem3 (.data:ti_sysbios_hal_Hwi_Module__root__V)
                  20001e48    00000008     rfExamples_pem3.oem3 (.data:ti_sysbios_heaps_HeapMem_Module__root__V)
                  20001e50    00000008     rfExamples_pem3.oem3 (.data:ti_sysbios_knl_Clock_Module__root__V)
                  20001e58    00000008     rfExamples_pem3.oem3 (.data:ti_sysbios_knl_Mailbox_Module__root__V)
                  20001e60    00000008     rfExamples_pem3.oem3 (.data:ti_sysbios_knl_Queue_Module__root__V)
                  20001e68    00000008     rfExamples_pem3.oem3 (.data:ti_sysbios_knl_Semaphore_Module__root__V)
                  20001e70    00000008     rfExamples_pem3.oem3 (.data:ti_sysbios_knl_Swi_Module__root__V)
                  20001e78    00000008     rfExamples_pem3.oem3 (.data:ti_sysbios_knl_Task_Module__root__V)
                  20001e80    00000004     rtsv7M3_T_le_eabi.lib : stkdepth_vars.obj (.data)
[...]
1001c1bd  ti_sysbios_knl_Semaphore_Params__init__S                                  
1001c1c9  ti_sysbios_knl_Swi_Params__init__S                                        
1001c1d5  ti_sysbios_knl_Task_Params__init__S                                       
1001c1e1  ti_sysbios_knl_Task_self__E                                               
1001c1ed  ti_sysbios_hal_Hwi_Instance_finalize__E                                   
1001c1f7  ti_sysbios_family_arm_m3_Hwi_doSwiRestore__I                              
1001c1ff  ti_sysbios_family_arm_m3_Hwi_startup__E                                   
1001c207  ti_sysbios_knl_Idle_loop__E                                               
1001c20f  ti_sysbios_family_arm_m3_Hwi_doTaskRestore__I                             
1001c215  ti_sysbios_family_arm_m3_Hwi_restoreFxn__E                                
1001c21b  ti_sysbios_gates_GateHwi_leave__E                                         
1001c227  ti_sysbios_knl_Queue_Instance_init__E                                     
1001c22d  ti_sysbios_knl_Queue_elemClear__E                                         
1001c233  ti_sysbios_knl_Swi_Module_startup__E                                      
1001c239  ti_sysbios_knl_Swi_startup__E                                             
1001c23f  ti_sysbios_knl_Task_enable__E                                             
1001c245  ti_sysbios_BIOS_RtsGateProxy_enter__E                                     
1001c249  ti_sysbios_BIOS_RtsGateProxy_leave__E                                     
1001c24d  ti_sysbios_family_arm_cc26xx_Timer_getExpiredTicks__E                     
1001c251  ti_sysbios_family_arm_cc26xx_Timer_getPeriod__E                           
1001c255  ti_sysbios_family_arm_cc26xx_Timer_setPeriod__E                           
1001c259  ti_sysbios_family_arm_m3_Hwi_delete                                       
1001c25d  ti_sysbios_family_arm_m3_Hwi_destruct                                     
1001c261  ti_sysbios_family_arm_m3_TaskSupport_Module__startupDone__S               
1001c265  ti_sysbios_gates_GateHwi_query__E                                         
1001c265  xdc_runtime_System_Module_GateProxy_query__E                              
1001c269  ti_sysbios_gates_GateMutex_delete                                         
1001c26d  ti_sysbios_gates_GateMutex_destruct                                       
1001c271  ti_sysbios_BIOS_RtsGateProxy_query__E                                     
1001c271  ti_sysbios_gates_GateMutex_query__E                                       
1001c271  ti_sysbios_heaps_HeapMem_Module_GateProxy_query__E                        
1001c275  ti_sysbios_hal_Hwi_HwiProxy_Module__startupDone__S                        
1001c279  ti_sysbios_hal_Hwi_HwiProxy_delete                                        
1001c27d  ti_sysbios_hal_Hwi_HwiProxy_disableInterrupt__E                           
1001c27d  ti_sysbios_hal_Hwi_disableInterrupt__E                                    
1001c281  ti_sysbios_hal_Hwi_HwiProxy_enableInterrupt__E                            
1001c281  ti_sysbios_hal_Hwi_enableInterrupt__E                                     
1001c285  ti_sysbios_hal_Hwi_HwiProxy_getStackInfo__E                               
1001c285  ti_sysbios_hal_Hwi_getStackInfo__E                                        
1001c289  ti_sysbios_hal_Hwi_HwiProxy_startup__E                                    
1001c289  ti_sysbios_hal_Hwi_startup__E                                             
1001c28d  ti_sysbios_hal_Hwi_HwiProxy_switchFromBootStack__E                        
1001c291  ti_sysbios_hal_Hwi_delete                                                 
1001c295  ti_sysbios_hal_Hwi_switchFromBootStack__E                                 
1001c299  ti_sysbios_heaps_HeapMem_Module_GateProxy_enter__E                        
1001c29d  ti_sysbios_heaps_HeapMem_Module_GateProxy_leave__E                        
1001c2a1  ti_sysbios_heaps_HeapMem_isBlocking__E                                    
1001c2a5  ti_sysbios_knl_Clock_TimerProxy_Module__startupDone__S                    
1001c2a9  ti_sysbios_knl_Clock_TimerProxy_getExpiredTicks__E                        
1001c2ad  ti_sysbios_knl_Clock_TimerProxy_getPeriod__E                              
1001c2b1  ti_sysbios_knl_Clock_delete                                               
1001c2b5  ti_sysbios_knl_Clock_destruct                                             
1001c2b9  ti_sysbios_knl_Clock_removeI__E                                           
1001c2bd  ti_sysbios_knl_Clock_setTimeout__E                                        
1001c2c1  ti_sysbios_knl_Mailbox_delete                                             
1001c2c5  ti_sysbios_knl_Mailbox_destruct                                           
1001c2c9  ti_sysbios_knl_Queue_delete                                               
1001c2cd  ti_sysbios_knl_Queue_destruct                                             
1001c2d1  ti_sysbios_knl_Queue_head__E                                              
1001c2d5  ti_sysbios_knl_Queue_next__E                                              
1001c2d9  ti_sysbios_knl_Semaphore_delete                                           
1001c2dd  ti_sysbios_knl_Semaphore_destruct                                         
1001c2e1  ti_sysbios_knl_Swi_delete                                                 
1001c2e5  ti_sysbios_knl_Swi_destruct                                               
1001c2e9  ti_sysbios_knl_Swi_postInit__I                                            
1001c2ed  ti_sysbios_knl_Task_SupportProxy_Module__startupDone__S                   
1001c2f1  ti_sysbios_knl_Task_SupportProxy_getStackAlignment__E                     
1001c2f5  ti_sysbios_knl_Task_SupportProxy_start__E                                 
1001c2f9  ti_sysbios_knl_Task_SupportProxy_swap__E                                  
1001c2fd  ti_sysbios_knl_Task_delete                                                
1001c301  ti_sysbios_knl_Task_destruct                                              
1001c305  ti_sysbios_knl_Task_startup__E                                            
1001c309  xdc_runtime_Startup_startMods__I                                          
1001c401  xdc_runtime_Core_createObject__I                                          
1001c483  xdc_runtime_Error_policySpin__E                                           
1001c485  xdc_runtime_Memory_alloc__E                                               
1001c4f5  xdc_runtime_Core_deleteObject__I                                          
1001c555  xdc_runtime_Startup_exec__E                                               
1001c5a5  xdc_runtime_Assert_raise__I                                               
1001c5ed  xdc_runtime_Core_assignParams__I                                          
1001c635  xdc_runtime_Core_constructObject__I                                       
1001c67d  xdc_runtime_System_atexit__E                                              
1001c6b5  xdc_runtime_System_processAtExit__E                                       
1001c6e9  xdc_runtime_Core_assignLabel__I                                           
1001c719  xdc_runtime_Text_cordText__E                                              
1001c745  xdc_runtime_System_abort__E                                               
1001c765  xdc_runtime_Error_raiseX__E                                               
1001c781  xdc_runtime_Memory_valloc__E                                              
1001c79d  xdc_runtime_Core_destructObject__I                                        
1001c7b5  xdc_runtime_Error_check__E                                                
1001c7cd  xdc_runtime_System_exit__E                                                
1001c7e5  xdc_runtime_Text_ropeText__E                                              
1001c7fd  xdc_runtime_Memory_free__E                                                
1001c80d  xdc_runtime_SysCallback_abort__E                                          
1001c81d  xdc_runtime_SysCallback_exit__E                                           
1001c82d  xdc_runtime_Timestamp_SupportProxy_get32__E                               
1001c82d  xdc_runtime_Timestamp_get32__E                                            
1001c83d  xdc_runtime_Error_init__E                                                 
1001c849  xdc_runtime_Memory_calloc__E                                              
1001c855  xdc_runtime_Memory_getMaxDefaultTypeAlign__E                              
1001c875  xdc_runtime_Gate_leaveSystem__E                                           
1001c87b  xdc_runtime_System_Module_startup__E                                      
1001c881  xdc_runtime_Gate_enterSystem__E                                           
1001c885  xdc_runtime_Memory_HeapProxy_alloc__E                                     
1001c889  xdc_runtime_Memory_HeapProxy_free__E                                      
1001c88d  xdc_runtime_System_Module_GateProxy_enter__E                              
1001c891  xdc_runtime_System_Module_GateProxy_leave__E                              
1001c895  xdc_runtime_System_abortSpin__E                                           
1001c897  xdc_runtime_System_exitSpin__E                                            
1001c899  ti_sysbios_family_arm_m3_Hwi_dispatch__I                                  
1001c969  ti_sysbios_family_arm_m3_TaskSupport_buildTaskStack                       
1001c9b5  ti_sysbios_family_arm_m3_Hwi_initStacks__E                                
1001c9fd  ti_sysbios_family_arm_m3_Hwi_excHandlerAsm__I                             
1001ca1d  ti_sysbios_family_xxx_Hwi_switchAndRunFunc                                
1001ca3b  ti_sysbios_family_arm_m3_Hwi_pendSV__I                                    
1001ca53  ti_sysbios_family_arm_m3_Hwi_return                                       
1001ca55  ti_sysbios_family_arm_m3_TaskSupport_glue                                 
1001ca65  ti_sysbios_family_arm_m3_TaskSupport_swap__E                              
1001ca6d  ti_sysbios_knl_Task_swapReturn                                            
1001ca97  ti_sysbios_rom_cortexm_cc13xx_CC13xx_getRevision__E                       
20000000  ti_sysbios_family_arm_m3_Hwi_ramVectors                                   
20000100  ti_sysbios_knl_Task_Module__state__V                                      
20000144  ti_sysbios_family_arm_m3_Hwi_Module__state__V                             
20000178  ti_sysbios_knl_Clock_Module__state__V                                     
200001a4  ti_sysbios_BIOS_Module__state__V                                          
200001c8  ti_sysbios_knl_Swi_Module__state__V                                       
200001e4  ti_sysbios_family_arm_cc26xx_Timer_Module__state__V                       
200001ec  ti_sysbios_family_arm_cc26xx_TimestampProvider_Module__state__V           
200001f0  xdc_runtime_Startup_Module__state__V                                      
200001f8  xdc_runtime_System_Module__state__V                                       
20000200  xdc_runtime_Memory_Module__state__V                                       
20000a08  ti_sysbios_heaps_HeapMem_Instance_State_0_buf__A                          
20000e08  ti_sysbios_knl_Task_Instance_State_0_stack__A                             
20001008  myTaskStack                                                               
20001308  ti_sysbios_family_arm_m3_Hwi_dispatchTable                                
20001550  PIN_HandleTable                                                           
20001624  myTask                                                                    
20001674  rxTask                                                                    
200016c4  txTask                                                                    
2000178c  taskParams                                                                
20001a30  PIN_NumPins                                                               
20001a50  readEntry                                                                 
20001a5a  driverlib_release_0_47020                                                 
20001a60  PowerCC26XX_module                                                        
20001bc8  ti_sysbios_knl_Task_Object__table__V                                      
20001c18  ti_sysbios_family_arm_cc26xx_Timer_Object__table__V                       
20001c60  ti_sysbios_gates_GateMutex_Object__table__V                               
20001c98  ti_sysbios_knl_Swi_Module_State_0_readyQ__A                               
20001cc8  ti_sysbios_knl_Swi_Object__table__V                                       
20001cf8  RF_cmdPropRadioDivSetup                                                   
20001d20  RF_cmdPropRx                                                              
20001d44  ti_sysbios_knl_Clock_Object__table__V                                     
20001d64  ti_sysbios_knl_Task_Module_State_0_readyQ__A                              
20001d84  RF_cmdFs                                                                  
20001d9c  RF_cmdPropTx                                                              
20001db4  ti_sysbios_family_arm_m3_Hwi_Object__table__V                             
20001dcc  ti_sysbios_heaps_HeapMem_Object__table__V                                 
20001de4  RF_prop                                                                   
20001df4  buttonPinTable                                                            
20001e00  _lock                                                                     
20001e04  _unlock                                                                   
20001e08  pinTable_LED3                                                             
20001e10  pinTable_LED4                                                             
20001e18  pinTable_RX                                                               
20001e20  pinTable_TX                                                               
20001e28  ti_sysbios_family_arm_m3_Hwi_Module__root__V                              
20001e30  ti_sysbios_gates_GateHwi_Module__root__V                                  
20001e38  ti_sysbios_gates_GateMutex_Module__root__V                                
20001e40  ti_sysbios_hal_Hwi_Module__root__V                                        
20001e48  ti_sysbios_heaps_HeapMem_Module__root__V                                  
20001e50  ti_sysbios_knl_Clock_Module__root__V                                      
20001e58  ti_sysbios_knl_Mailbox_Module__root__V                                    
20001e60  ti_sysbios_knl_Queue_Module__root__V                                      
20001e68  ti_sysbios_knl_Semaphore_Module__root__V                                  
20001e70  ti_sysbios_knl_Swi_Module__root__V                                        
20001e78  ti_sysbios_knl_Task_Module__root__V                                       
20001e80  main_func_sp                                                              
20001e84  ti_sysbios_family_arm_m3_Hwi_Module_State_0_excContext__A                 
20001e88  ti_sysbios_family_arm_m3_Hwi_Module_State_0_excStack__A                   
20001e8c  ti_sysbios_knl_Task_Module_State_0_idleTask__A                            
20001e92  ti_sysbios_family_arm_m3_Hwi_Module_State_0_excActive__A                  
20004d00  __stack                                                                   
20005000  __STACK_END                                                               
e000e000  ti_sysbios_family_arm_m3_Hwi_nvic                                         
ffffffff  __TI_pprof_out_hndl                                                       
ffffffff  __TI_prof_data_size                                                       
ffffffff  __TI_prof_data_start                                                      
ffffffff  __binit__                                                                 
ffffffff  __c_args__                                                                
ffffffff  binit                                                                     
UNDEFED   HwiP_restore                                                              
UNDEFED   SHT$$INIT_ARRAY$$Base                                                     
UNDEFED   SHT$$INIT_ARRAY$$Limit                                                    
UNDEFED   ti_sysbios_BIOS_RtsGateProxy_Handle__label__S__mangled__                  
UNDEFED   ti_sysbios_BIOS_RtsGateProxy_Object__delete__S__mangled__                 
UNDEFED   ti_sysbios_BIOS_RtsGateProxy_Params__init__S__mangled__                   
UNDEFED   ti_sysbios_BIOS_RtsGateProxy_query__E__mangled__                          
UNDEFED   ti_sysbios_hal_Hwi_HwiProxy_Module__startupDone__S__mangled__             
UNDEFED   ti_sysbios_hal_Hwi_HwiProxy_Object__delete__S__mangled__                  
UNDEFED   ti_sysbios_hal_Hwi_HwiProxy_Params__init__S__mangled__                    
UNDEFED   ti_sysbios_hal_Hwi_HwiProxy_disableInterrupt__E__mangled__                
UNDEFED   ti_sysbios_hal_Hwi_HwiProxy_enableInterrupt__E__mangled__                 
UNDEFED   ti_sysbios_hal_Hwi_HwiProxy_getStackInfo__E__mangled__                    
UNDEFED   ti_sysbios_hal_Hwi_HwiProxy_startup__E__mangled__                         
UNDEFED   ti_sysbios_hal_Hwi_HwiProxy_switchFromBootStack__E__mangled__             
UNDEFED   ti_sysbios_hal_Hwi_disableInterrupt__E                                    
UNDEFED   ti_sysbios_hal_Hwi_enableInterrupt__E                                     
UNDEFED   ti_sysbios_hal_Hwi_getStackInfo__E                                        
UNDEFED   ti_sysbios_hal_Hwi_startup__E                                             
UNDEFED   ti_sysbios_hal_Hwi_switchFromBootStack__E                                 
UNDEFED   ti_sysbios_heaps_HeapMem_Module_GateProxy_Handle__label__S__mangled__     
UNDEFED   ti_sysbios_heaps_HeapMem_Module_GateProxy_Object__delete__S__mangled__    
UNDEFED   ti_sysbios_heaps_HeapMem_Module_GateProxy_Params__init__S__mangled__      
UNDEFED   ti_sysbios_heaps_HeapMem_Module_GateProxy_query__E__mangled__             
UNDEFED   ti_sysbios_knl_Clock_TimerProxy_Module__startupDone__S__mangled__         
UNDEFED   ti_sysbios_knl_Clock_TimerProxy_startup__E__mangled__                     
UNDEFED   ti_sysbios_knl_Task_SupportProxy_Module__startupDone__S__mangled__        
UNDEFED   ti_sysbios_knl_Task_SupportProxy_getStackAlignment__E__mangled__          
UNDEFED   ti_sysbios_knl_Task_SupportProxy_start__E__mangled__                      
UNDEFED   ti_sysbios_knl_Task_SupportProxy_swap__E__mangled__                       
UNDEFED   xdc_runtime_Main_Module_GateProxy_Handle__label__S                        
UNDEFED   xdc_runtime_Main_Module_GateProxy_Object__delete__S                       
UNDEFED   xdc_runtime_Main_Module_GateProxy_query__E                                
UNDEFED   xdc_runtime_Memory_HeapProxy_Handle__label__S__mangled__                  
UNDEFED   xdc_runtime_Memory_HeapProxy_Object__delete__S__mangled__                 
UNDEFED   xdc_runtime_System_Module_GateProxy_Handle__label__S__mangled__           
UNDEFED   xdc_runtime_System_Module_GateProxy_Object__delete__S__mangled__          
UNDEFED   xdc_runtime_System_Module_GateProxy_query__E__mangled__                   
UNDEFED   xdc_runtime_System_SupportProxy_abort__E                                  
UNDEFED   xdc_runtime_System_SupportProxy_exit__E                                   
UNDEFED   xdc_runtime_Timestamp_SupportProxy_get64__E__mangled__                    
UNDEFED   xdc_runtime_Timestamp_SupportProxy_getFreq__E__mangled__                  
UNDEFED   xdc_runtime_Timestamp_get32__E                                            
UNDEFED   xdc_runtime_Timestamp_get64__E                                            
UNDEFED   xdc_runtime_Timestamp_getFreq__E                                          

[718 symbols]
