<?xml version="1.0"?>
<link_info>
   <banner>TI ARM Linker PC v16.9.7.LTS</banner>
   <copyright>Copyright (c) 1996-2017 Texas Instruments Incorporated</copyright>
   <link_time>0x5a8bf963</link_time>
   <link_errors>0x0</link_errors>
   <output_file>gpiointerrupt_CC1310_LAUNCHXL_nortos_ccs.out</output_file>
   <entry_point>
      <name>resetISR</name>
      <address>0x311d</address>
   </entry_point>
   <input_file_list>
      <input_file id="fl-2">
         <path>.\</path>
         <kind>object</kind>
         <file>CC1310_LAUNCHXL.obj</file>
         <name>CC1310_LAUNCHXL.obj</name>
      </input_file>
      <input_file id="fl-3">
         <path>.\</path>
         <kind>object</kind>
         <file>ccfg.obj</file>
         <name>ccfg.obj</name>
      </input_file>
      <input_file id="fl-4">
         <path>.\</path>
         <kind>object</kind>
         <file>gpiointerrupt.obj</file>
         <name>gpiointerrupt.obj</name>
      </input_file>
      <input_file id="fl-5">
         <path>.\</path>
         <kind>object</kind>
         <file>main_nortos.obj</file>
         <name>main_nortos.obj</name>
      </input_file>
      <input_file id="fl-10">
         <kind>object</kind>
         <file>&lt;internal&gt;</file>
         <name>&lt;internal&gt;</name>
      </input_file>
      <input_file id="fl-11">
         <path>C:\ti\simplelink_cc13x0_sdk_1_60_00_21\source\ti\display\lib\</path>
         <kind>archive</kind>
         <file>display.aem3</file>
         <name>DisplayUart.oem3</name>
      </input_file>
      <input_file id="fl-12">
         <path>C:\ti\simplelink_cc13x0_sdk_1_60_00_21\source\ti\drivers\lib\</path>
         <kind>archive</kind>
         <file>drivers_cc13x0.aem3</file>
         <name>NVSSPI25X.oem3</name>
      </input_file>
      <input_file id="fl-13">
         <path>C:\ti\simplelink_cc13x0_sdk_1_60_00_21\source\ti\drivers\lib\</path>
         <kind>archive</kind>
         <file>drivers_cc13x0.aem3</file>
         <name>SDSPI.oem3</name>
      </input_file>
      <input_file id="fl-14">
         <path>C:\ti\simplelink_cc13x0_sdk_1_60_00_21\source\ti\drivers\lib\</path>
         <kind>archive</kind>
         <file>drivers_cc13x0.aem3</file>
         <name>ADCCC26XX.oem3</name>
      </input_file>
      <input_file id="fl-15">
         <path>C:\ti\simplelink_cc13x0_sdk_1_60_00_21\source\ti\drivers\lib\</path>
         <kind>archive</kind>
         <file>drivers_cc13x0.aem3</file>
         <name>ADCBufCC26XX.oem3</name>
      </input_file>
      <input_file id="fl-16">
         <path>C:\ti\simplelink_cc13x0_sdk_1_60_00_21\source\ti\drivers\lib\</path>
         <kind>archive</kind>
         <file>drivers_cc13x0.aem3</file>
         <name>UDMACC26XX.oem3</name>
      </input_file>
      <input_file id="fl-17">
         <path>C:\ti\simplelink_cc13x0_sdk_1_60_00_21\source\ti\drivers\lib\</path>
         <kind>archive</kind>
         <file>drivers_cc13x0.aem3</file>
         <name>GPIOCC26XX.oem3</name>
      </input_file>
      <input_file id="fl-18">
         <path>C:\ti\simplelink_cc13x0_sdk_1_60_00_21\source\ti\drivers\lib\</path>
         <kind>archive</kind>
         <file>drivers_cc13x0.aem3</file>
         <name>I2CCC26XX.oem3</name>
      </input_file>
      <input_file id="fl-19">
         <path>C:\ti\simplelink_cc13x0_sdk_1_60_00_21\source\ti\drivers\lib\</path>
         <kind>archive</kind>
         <file>drivers_cc13x0.aem3</file>
         <name>NVSCC26XX.oem3</name>
      </input_file>
      <input_file id="fl-1a">
         <path>C:\ti\simplelink_cc13x0_sdk_1_60_00_21\source\ti\drivers\lib\</path>
         <kind>archive</kind>
         <file>drivers_cc13x0.aem3</file>
         <name>PINCC26XX.oem3</name>
      </input_file>
      <input_file id="fl-1b">
         <path>C:\ti\simplelink_cc13x0_sdk_1_60_00_21\source\ti\drivers\lib\</path>
         <kind>archive</kind>
         <file>drivers_cc13x0.aem3</file>
         <name>PowerCC26XX.oem3</name>
      </input_file>
      <input_file id="fl-1c">
         <path>C:\ti\simplelink_cc13x0_sdk_1_60_00_21\source\ti\drivers\lib\</path>
         <kind>archive</kind>
         <file>drivers_cc13x0.aem3</file>
         <name>PowerCC26XX_calibrateRCOSC.oem3</name>
      </input_file>
      <input_file id="fl-1d">
         <path>C:\ti\simplelink_cc13x0_sdk_1_60_00_21\source\ti\drivers\lib\</path>
         <kind>archive</kind>
         <file>drivers_cc13x0.aem3</file>
         <name>PWMTimerCC26XX.oem3</name>
      </input_file>
      <input_file id="fl-1e">
         <path>C:\ti\simplelink_cc13x0_sdk_1_60_00_21\source\ti\drivers\lib\</path>
         <kind>archive</kind>
         <file>drivers_cc13x0.aem3</file>
         <name>SPI.oem3</name>
      </input_file>
      <input_file id="fl-1f">
         <path>C:\ti\simplelink_cc13x0_sdk_1_60_00_21\source\ti\drivers\lib\</path>
         <kind>archive</kind>
         <file>drivers_cc13x0.aem3</file>
         <name>SPICC26XXDMA.oem3</name>
      </input_file>
      <input_file id="fl-20">
         <path>C:\ti\simplelink_cc13x0_sdk_1_60_00_21\source\ti\drivers\lib\</path>
         <kind>archive</kind>
         <file>drivers_cc13x0.aem3</file>
         <name>GPTimerCC26XX.oem3</name>
      </input_file>
      <input_file id="fl-21">
         <path>C:\ti\simplelink_cc13x0_sdk_1_60_00_21\source\ti\drivers\lib\</path>
         <kind>archive</kind>
         <file>drivers_cc13x0.aem3</file>
         <name>UART.oem3</name>
      </input_file>
      <input_file id="fl-22">
         <path>C:\ti\simplelink_cc13x0_sdk_1_60_00_21\source\ti\drivers\lib\</path>
         <kind>archive</kind>
         <file>drivers_cc13x0.aem3</file>
         <name>UARTCC26XX.oem3</name>
      </input_file>
      <input_file id="fl-23">
         <path>C:\ti\simplelink_cc13x0_sdk_1_60_00_21\source\ti\drivers\lib\</path>
         <kind>archive</kind>
         <file>drivers_cc13x0.aem3</file>
         <name>WatchdogCC26XX.oem3</name>
      </input_file>
      <input_file id="fl-24">
         <path>C:\ti\simplelink_cc13x0_sdk_1_60_00_21\source\ti\drivers\lib\</path>
         <kind>archive</kind>
         <file>drivers_cc13x0.aem3</file>
         <name>List.oem3</name>
      </input_file>
      <input_file id="fl-25">
         <path>C:\ti\simplelink_cc13x0_sdk_1_60_00_21\source\ti\drivers\lib\</path>
         <kind>archive</kind>
         <file>drivers_cc13x0.aem3</file>
         <name>RingBuf.oem3</name>
      </input_file>
      <input_file id="fl-26">
         <path>C:\ti\simplelink_cc13x0_sdk_1_60_00_21\source\ti\drivers\lib\</path>
         <kind>archive</kind>
         <file>drivers_cc13x0.aem3</file>
         <name>ADCBuf.oem3</name>
      </input_file>
      <input_file id="fl-27">
         <path>C:\ti\simplelink_cc13x0_sdk_1_60_00_21\kernel\nortos\lib\</path>
         <kind>archive</kind>
         <file>nortos_cc13x0.aem3</file>
         <name>SemaphoreP_nortos.oem3</name>
      </input_file>
      <input_file id="fl-28">
         <path>C:\ti\simplelink_cc13x0_sdk_1_60_00_21\kernel\nortos\lib\</path>
         <kind>archive</kind>
         <file>nortos_cc13x0.aem3</file>
         <name>SwiP_nortos.oem3</name>
      </input_file>
      <input_file id="fl-29">
         <path>C:\ti\simplelink_cc13x0_sdk_1_60_00_21\kernel\nortos\lib\</path>
         <kind>archive</kind>
         <file>nortos_cc13x0.aem3</file>
         <name>SystemP_nortos.oem3</name>
      </input_file>
      <input_file id="fl-2a">
         <path>C:\ti\simplelink_cc13x0_sdk_1_60_00_21\kernel\nortos\lib\</path>
         <kind>archive</kind>
         <file>nortos_cc13x0.aem3</file>
         <name>ClockPTimer_nortos.oem3</name>
      </input_file>
      <input_file id="fl-2b">
         <path>C:\ti\simplelink_cc13x0_sdk_1_60_00_21\kernel\nortos\lib\</path>
         <kind>archive</kind>
         <file>nortos_cc13x0.aem3</file>
         <name>TimerPCC26XX_nortos.oem3</name>
      </input_file>
      <input_file id="fl-2c">
         <path>C:\ti\simplelink_cc13x0_sdk_1_60_00_21\kernel\nortos\lib\</path>
         <kind>archive</kind>
         <file>nortos_cc13x0.aem3</file>
         <name>HwiPCC26XX_nortos.oem3</name>
      </input_file>
      <input_file id="fl-2d">
         <path>C:\ti\simplelink_cc13x0_sdk_1_60_00_21\kernel\nortos\lib\</path>
         <kind>archive</kind>
         <file>nortos_cc13x0.aem3</file>
         <name>PowerCC26XX_nortos.oem3</name>
      </input_file>
      <input_file id="fl-2e">
         <path>C:\ti\simplelink_cc13x0_sdk_1_60_00_21\kernel\nortos\lib\</path>
         <kind>archive</kind>
         <file>nortos_cc13x0.aem3</file>
         <name>startup_cc13xx_cc26xx_ccs.oem3</name>
      </input_file>
      <input_file id="fl-2f">
         <path>C:\ti\simplelink_cc13x0_sdk_1_60_00_21\kernel\nortos\lib\</path>
         <kind>archive</kind>
         <file>nortos_cc13x0.aem3</file>
         <name>QueueP_nortos.oem3</name>
      </input_file>
      <input_file id="fl-30">
         <path>C:\ti\simplelink_cc13x0_sdk_1_60_00_21\source\ti\devices\cc13x0\driverlib\bin\ccs\</path>
         <kind>archive</kind>
         <file>driverlib.lib</file>
         <name>adi.obj</name>
      </input_file>
      <input_file id="fl-31">
         <path>C:\ti\simplelink_cc13x0_sdk_1_60_00_21\source\ti\devices\cc13x0\driverlib\bin\ccs\</path>
         <kind>archive</kind>
         <file>driverlib.lib</file>
         <name>aon_batmon.obj</name>
      </input_file>
      <input_file id="fl-32">
         <path>C:\ti\simplelink_cc13x0_sdk_1_60_00_21\source\ti\devices\cc13x0\driverlib\bin\ccs\</path>
         <kind>archive</kind>
         <file>driverlib.lib</file>
         <name>aon_rtc.obj</name>
      </input_file>
      <input_file id="fl-33">
         <path>C:\ti\simplelink_cc13x0_sdk_1_60_00_21\source\ti\devices\cc13x0\driverlib\bin\ccs\</path>
         <kind>archive</kind>
         <file>driverlib.lib</file>
         <name>aux_adc.obj</name>
      </input_file>
      <input_file id="fl-34">
         <path>C:\ti\simplelink_cc13x0_sdk_1_60_00_21\source\ti\devices\cc13x0\driverlib\bin\ccs\</path>
         <kind>archive</kind>
         <file>driverlib.lib</file>
         <name>chipinfo.obj</name>
      </input_file>
      <input_file id="fl-35">
         <path>C:\ti\simplelink_cc13x0_sdk_1_60_00_21\source\ti\devices\cc13x0\driverlib\bin\ccs\</path>
         <kind>archive</kind>
         <file>driverlib.lib</file>
         <name>cpu.obj</name>
      </input_file>
      <input_file id="fl-36">
         <path>C:\ti\simplelink_cc13x0_sdk_1_60_00_21\source\ti\devices\cc13x0\driverlib\bin\ccs\</path>
         <kind>archive</kind>
         <file>driverlib.lib</file>
         <name>driverlib_release.obj</name>
      </input_file>
      <input_file id="fl-37">
         <path>C:\ti\simplelink_cc13x0_sdk_1_60_00_21\source\ti\devices\cc13x0\driverlib\bin\ccs\</path>
         <kind>archive</kind>
         <file>driverlib.lib</file>
         <name>flash.obj</name>
      </input_file>
      <input_file id="fl-38">
         <path>C:\ti\simplelink_cc13x0_sdk_1_60_00_21\source\ti\devices\cc13x0\driverlib\bin\ccs\</path>
         <kind>archive</kind>
         <file>driverlib.lib</file>
         <name>interrupt.obj</name>
      </input_file>
      <input_file id="fl-39">
         <path>C:\ti\simplelink_cc13x0_sdk_1_60_00_21\source\ti\devices\cc13x0\driverlib\bin\ccs\</path>
         <kind>archive</kind>
         <file>driverlib.lib</file>
         <name>osc.obj</name>
      </input_file>
      <input_file id="fl-3a">
         <path>C:\ti\simplelink_cc13x0_sdk_1_60_00_21\source\ti\devices\cc13x0\driverlib\bin\ccs\</path>
         <kind>archive</kind>
         <file>driverlib.lib</file>
         <name>setup.obj</name>
      </input_file>
      <input_file id="fl-3b">
         <path>C:\ti\simplelink_cc13x0_sdk_1_60_00_21\source\ti\devices\cc13x0\driverlib\bin\ccs\</path>
         <kind>archive</kind>
         <file>driverlib.lib</file>
         <name>setup_rom.obj</name>
      </input_file>
      <input_file id="fl-3c">
         <path>C:\ti\simplelink_cc13x0_sdk_1_60_00_21\source\ti\devices\cc13x0\driverlib\bin\ccs\</path>
         <kind>archive</kind>
         <file>driverlib.lib</file>
         <name>sys_ctrl.obj</name>
      </input_file>
      <input_file id="fl-3d">
         <path>C:\ti\simplelink_cc13x0_sdk_1_60_00_21\source\ti\devices\cc13x0\driverlib\bin\ccs\</path>
         <kind>archive</kind>
         <file>driverlib.lib</file>
         <name>vims.obj</name>
      </input_file>
      <input_file id="fl-3e">
         <path>C:\ti\simplelink_cc13x0_sdk_1_60_00_21\source\ti\devices\cc13x0\driverlib\bin\ccs\</path>
         <kind>archive</kind>
         <file>driverlib.lib</file>
         <name>ddi.obj</name>
      </input_file>
      <input_file id="fl-f4">
         <path>C:\ti\ccsv7\tools\compiler\ti-cgt-arm_16.9.7.LTS\lib\</path>
         <kind>archive</kind>
         <file>rtsv7M3_T_le_eabi.lib</file>
         <name>boot.obj</name>
      </input_file>
      <input_file id="fl-f5">
         <path>C:\ti\ccsv7\tools\compiler\ti-cgt-arm_16.9.7.LTS\lib\</path>
         <kind>archive</kind>
         <file>rtsv7M3_T_le_eabi.lib</file>
         <name>copy_decompress_lzss.obj</name>
      </input_file>
      <input_file id="fl-f6">
         <path>C:\ti\ccsv7\tools\compiler\ti-cgt-arm_16.9.7.LTS\lib\</path>
         <kind>archive</kind>
         <file>rtsv7M3_T_le_eabi.lib</file>
         <name>copy_decompress_none.obj</name>
      </input_file>
      <input_file id="fl-f7">
         <path>C:\ti\ccsv7\tools\compiler\ti-cgt-arm_16.9.7.LTS\lib\</path>
         <kind>archive</kind>
         <file>rtsv7M3_T_le_eabi.lib</file>
         <name>copy_zero_init.obj</name>
      </input_file>
      <input_file id="fl-f8">
         <path>C:\ti\ccsv7\tools\compiler\ti-cgt-arm_16.9.7.LTS\lib\</path>
         <kind>archive</kind>
         <file>rtsv7M3_T_le_eabi.lib</file>
         <name>exit.obj</name>
      </input_file>
      <input_file id="fl-f9">
         <path>C:\ti\ccsv7\tools\compiler\ti-cgt-arm_16.9.7.LTS\lib\</path>
         <kind>archive</kind>
         <file>rtsv7M3_T_le_eabi.lib</file>
         <name>fd_add_t2.obj</name>
      </input_file>
      <input_file id="fl-fa">
         <path>C:\ti\ccsv7\tools\compiler\ti-cgt-arm_16.9.7.LTS\lib\</path>
         <kind>archive</kind>
         <file>rtsv7M3_T_le_eabi.lib</file>
         <name>fd_cmp_t2.obj</name>
      </input_file>
      <input_file id="fl-fb">
         <path>C:\ti\ccsv7\tools\compiler\ti-cgt-arm_16.9.7.LTS\lib\</path>
         <kind>archive</kind>
         <file>rtsv7M3_T_le_eabi.lib</file>
         <name>fd_mul_t2.obj</name>
      </input_file>
      <input_file id="fl-fc">
         <path>C:\ti\ccsv7\tools\compiler\ti-cgt-arm_16.9.7.LTS\lib\</path>
         <kind>archive</kind>
         <file>rtsv7M3_T_le_eabi.lib</file>
         <name>fd_toi_t2.obj</name>
      </input_file>
      <input_file id="fl-fd">
         <path>C:\ti\ccsv7\tools\compiler\ti-cgt-arm_16.9.7.LTS\lib\</path>
         <kind>archive</kind>
         <file>rtsv7M3_T_le_eabi.lib</file>
         <name>fd_tou_t2.obj</name>
      </input_file>
      <input_file id="fl-fe">
         <path>C:\ti\ccsv7\tools\compiler\ti-cgt-arm_16.9.7.LTS\lib\</path>
         <kind>archive</kind>
         <file>rtsv7M3_T_le_eabi.lib</file>
         <name>i_tofd_t2.obj</name>
      </input_file>
      <input_file id="fl-ff">
         <path>C:\ti\ccsv7\tools\compiler\ti-cgt-arm_16.9.7.LTS\lib\</path>
         <kind>archive</kind>
         <file>rtsv7M3_T_le_eabi.lib</file>
         <name>ll_mul_t2.obj</name>
      </input_file>
      <input_file id="fl-100">
         <path>C:\ti\ccsv7\tools\compiler\ti-cgt-arm_16.9.7.LTS\lib\</path>
         <kind>archive</kind>
         <file>rtsv7M3_T_le_eabi.lib</file>
         <name>memcpy_t2.obj</name>
      </input_file>
      <input_file id="fl-101">
         <path>C:\ti\ccsv7\tools\compiler\ti-cgt-arm_16.9.7.LTS\lib\</path>
         <kind>archive</kind>
         <file>rtsv7M3_T_le_eabi.lib</file>
         <name>memory.obj</name>
      </input_file>
      <input_file id="fl-102">
         <path>C:\ti\ccsv7\tools\compiler\ti-cgt-arm_16.9.7.LTS\lib\</path>
         <kind>archive</kind>
         <file>rtsv7M3_T_le_eabi.lib</file>
         <name>memset_t2.obj</name>
      </input_file>
      <input_file id="fl-103">
         <path>C:\ti\ccsv7\tools\compiler\ti-cgt-arm_16.9.7.LTS\lib\</path>
         <kind>archive</kind>
         <file>rtsv7M3_T_le_eabi.lib</file>
         <name>mpu_init.obj</name>
      </input_file>
      <input_file id="fl-104">
         <path>C:\ti\ccsv7\tools\compiler\ti-cgt-arm_16.9.7.LTS\lib\</path>
         <kind>archive</kind>
         <file>rtsv7M3_T_le_eabi.lib</file>
         <name>pre_init.obj</name>
      </input_file>
      <input_file id="fl-105">
         <path>C:\ti\ccsv7\tools\compiler\ti-cgt-arm_16.9.7.LTS\lib\</path>
         <kind>archive</kind>
         <file>rtsv7M3_T_le_eabi.lib</file>
         <name>stkdepth_vars.obj</name>
      </input_file>
      <input_file id="fl-106">
         <path>C:\ti\ccsv7\tools\compiler\ti-cgt-arm_16.9.7.LTS\lib\</path>
         <kind>archive</kind>
         <file>rtsv7M3_T_le_eabi.lib</file>
         <name>strlen.obj</name>
      </input_file>
      <input_file id="fl-107">
         <path>C:\ti\ccsv7\tools\compiler\ti-cgt-arm_16.9.7.LTS\lib\</path>
         <kind>archive</kind>
         <file>rtsv7M3_T_le_eabi.lib</file>
         <name>u_divt2.obj</name>
      </input_file>
      <input_file id="fl-108">
         <path>C:\ti\ccsv7\tools\compiler\ti-cgt-arm_16.9.7.LTS\lib\</path>
         <kind>archive</kind>
         <file>rtsv7M3_T_le_eabi.lib</file>
         <name>ull_div_t2.obj</name>
      </input_file>
      <input_file id="fl-109">
         <path>C:\ti\ccsv7\tools\compiler\ti-cgt-arm_16.9.7.LTS\lib\</path>
         <kind>archive</kind>
         <file>rtsv7M3_T_le_eabi.lib</file>
         <name>_lock.obj</name>
      </input_file>
      <input_file id="fl-10a">
         <path>C:\ti\ccsv7\tools\compiler\ti-cgt-arm_16.9.7.LTS\lib\</path>
         <kind>archive</kind>
         <file>rtsv7M3_T_le_eabi.lib</file>
         <name>args_main.obj</name>
      </input_file>
      <input_file id="fl-10b">
         <path>C:\ti\ccsv7\tools\compiler\ti-cgt-arm_16.9.7.LTS\lib\</path>
         <kind>archive</kind>
         <file>rtsv7M3_T_le_eabi.lib</file>
         <name>autoinit.obj</name>
      </input_file>
      <input_file id="fl-10c">
         <path>C:\ti\ccsv7\tools\compiler\ti-cgt-arm_16.9.7.LTS\lib\</path>
         <kind>archive</kind>
         <file>rtsv7M3_T_le_eabi.lib</file>
         <name>cpy_tbl.obj</name>
      </input_file>
      <input_file id="fl-10d">
         <path>C:\ti\ccsv7\tools\compiler\ti-cgt-arm_16.9.7.LTS\lib\</path>
         <kind>archive</kind>
         <file>rtsv7M3_T_le_eabi.lib</file>
         <name>i_div0.obj</name>
      </input_file>
      <input_file id="fl-10e">
         <path>C:\ti\ccsv7\tools\compiler\ti-cgt-arm_16.9.7.LTS\lib\</path>
         <kind>archive</kind>
         <file>rtsv7M3_T_le_eabi.lib</file>
         <name>startup.obj</name>
      </input_file>
   </input_file_list>
   <object_component_list>
      <object_component id="oc-15">
         <name>.intvecs</name>
         <load_address>0x0</load_address>
         <run_address>0x0</run_address>
         <size>0xc8</size>
         <input_file_ref idref="fl-2e"/>
      </object_component>
      <object_component id="oc-5e5">
         <name>.text:PowerCC26XX_auxISR</name>
         <load_address>0xc8</load_address>
         <run_address>0xc8</run_address>
         <size>0x30c</size>
         <input_file_ref idref="fl-1c"/>
      </object_component>
      <object_component id="oc-693">
         <name>.text:NOROM_SysCtrlSetRechargeBeforePowerDown</name>
         <load_address>0x3d4</load_address>
         <run_address>0x3d4</run_address>
         <size>0x228</size>
         <input_file_ref idref="fl-3c"/>
      </object_component>
      <object_component id="oc-5ba">
         <name>.text:Power_sleep</name>
         <load_address>0x5fc</load_address>
         <run_address>0x5fc</run_address>
         <size>0x224</size>
         <input_file_ref idref="fl-1b"/>
      </object_component>
      <object_component id="oc-593">
         <name>.text</name>
         <load_address>0x820</load_address>
         <run_address>0x820</run_address>
         <size>0x1f4</size>
         <input_file_ref idref="fl-108"/>
      </object_component>
      <object_component id="oc-1d1">
         <name>.text:PIN_init</name>
         <load_address>0xa14</load_address>
         <run_address>0xa14</run_address>
         <size>0x1bc</size>
         <input_file_ref idref="fl-1a"/>
      </object_component>
      <object_component id="oc-5d3">
         <name>.text:PowerCC26XX_doCalibrate</name>
         <load_address>0xbd0</load_address>
         <run_address>0xbd0</run_address>
         <size>0x190</size>
         <input_file_ref idref="fl-1c"/>
      </object_component>
      <object_component id="oc-112">
         <name>.text:NOROM_SetupAfterColdResetWakeupFromShutDownCfg3</name>
         <load_address>0xd60</load_address>
         <run_address>0xd60</run_address>
         <size>0x124</size>
         <input_file_ref idref="fl-3b"/>
      </object_component>
      <object_component id="oc-22a">
         <name>.text:Power_init</name>
         <load_address>0xe84</load_address>
         <run_address>0xe84</run_address>
         <size>0x114</size>
         <input_file_ref idref="fl-1b"/>
      </object_component>
      <object_component id="oc-4a0">
         <name>.text:PowerCC26XX_standbyPolicy</name>
         <load_address>0xf98</load_address>
         <run_address>0xf98</run_address>
         <size>0x100</size>
         <input_file_ref idref="fl-2d"/>
      </object_component>
      <object_component id="oc-10c">
         <name>.text:NOROM_SetupAfterColdResetWakeupFromShutDownCfg2</name>
         <load_address>0x1098</load_address>
         <run_address>0x1098</run_address>
         <size>0xf0</size>
         <input_file_ref idref="fl-3b"/>
      </object_component>
      <object_component id="oc-255">
         <name>.text:PINCC26XX_setIoCfg</name>
         <load_address>0x1188</load_address>
         <run_address>0x1188</run_address>
         <size>0xdc</size>
         <input_file_ref idref="fl-1a"/>
      </object_component>
      <object_component id="oc-273">
         <name>.text:SwiP_construct</name>
         <load_address>0x1264</load_address>
         <run_address>0x1264</run_address>
         <size>0xd8</size>
         <input_file_ref idref="fl-28"/>
      </object_component>
      <object_component id="oc-ba">
         <name>.text:TrimAfterColdResetWakeupFromShutDown</name>
         <load_address>0x133c</load_address>
         <run_address>0x133c</run_address>
         <size>0xc4</size>
         <input_file_ref idref="fl-3a"/>
      </object_component>
      <object_component id="oc-6aa">
         <name>.text:Power_releaseDependency</name>
         <load_address>0x1400</load_address>
         <run_address>0x1400</run_address>
         <size>0xbc</size>
         <input_file_ref idref="fl-1b"/>
      </object_component>
      <object_component id="oc-249">
         <name>.text:Power_setDependency</name>
         <load_address>0x14bc</load_address>
         <run_address>0x14bc</run_address>
         <size>0xb4</size>
         <input_file_ref idref="fl-1b"/>
      </object_component>
      <object_component id="oc-56d">
         <name>.text:TimerP_construct</name>
         <load_address>0x1570</load_address>
         <run_address>0x1570</run_address>
         <size>0xb0</size>
         <input_file_ref idref="fl-2b"/>
      </object_component>
      <object_component id="oc-57f">
         <name>.text:ClockP_workFuncDynamic</name>
         <load_address>0x1620</load_address>
         <run_address>0x1620</run_address>
         <size>0xa8</size>
         <input_file_ref idref="fl-2a"/>
      </object_component>
      <object_component id="oc-75">
         <name>.text:NOROM_SetupTrimDevice</name>
         <load_address>0x16c8</load_address>
         <run_address>0x16c8</run_address>
         <size>0xa8</size>
         <input_file_ref idref="fl-3a"/>
      </object_component>
      <object_component id="oc-106">
         <name>.text:NOROM_SetupAfterColdResetWakeupFromShutDownCfg1</name>
         <load_address>0x1770</load_address>
         <run_address>0x1770</run_address>
         <size>0xa4</size>
         <input_file_ref idref="fl-3b"/>
      </object_component>
      <object_component id="oc-2ed">
         <name>.text:switchXOSCHFclockFunc</name>
         <load_address>0x1814</load_address>
         <run_address>0x1814</run_address>
         <size>0xa4</size>
         <input_file_ref idref="fl-1b"/>
      </object_component>
      <object_component id="oc-537">
         <name>.text:SwiP_dispatch</name>
         <load_address>0x18b8</load_address>
         <run_address>0x18b8</run_address>
         <size>0xa0</size>
         <input_file_ref idref="fl-28"/>
      </object_component>
      <object_component id="oc-47d">
         <name>.text:ClockP_startup</name>
         <load_address>0x1958</load_address>
         <run_address>0x1958</run_address>
         <size>0x9c</size>
         <input_file_ref idref="fl-2a"/>
      </object_component>
      <object_component id="oc-57">
         <name>.text</name>
         <load_address>0x19f4</load_address>
         <run_address>0x19f4</run_address>
         <size>0x9c</size>
         <input_file_ref idref="fl-100"/>
      </object_component>
      <object_component id="oc-1d7">
         <name>.text:PIN_open</name>
         <load_address>0x1a90</load_address>
         <run_address>0x1a90</run_address>
         <size>0x98</size>
         <input_file_ref idref="fl-1a"/>
      </object_component>
      <object_component id="oc-29b">
         <name>.text:SemaphoreP_pend</name>
         <load_address>0x1b28</load_address>
         <run_address>0x1b28</run_address>
         <size>0x98</size>
         <input_file_ref idref="fl-27"/>
      </object_component>
      <object_component id="oc-30b">
         <name>.text:CC1310_LAUNCHXL_sendExtFlashByte</name>
         <load_address>0x1bc0</load_address>
         <run_address>0x1bc0</run_address>
         <size>0x84</size>
         <input_file_ref idref="fl-2"/>
      </object_component>
      <object_component id="oc-2de">
         <name>.text:ClockP_start</name>
         <load_address>0x1c44</load_address>
         <run_address>0x1c44</run_address>
         <size>0x80</size>
         <input_file_ref idref="fl-2a"/>
      </object_component>
      <object_component id="oc-63">
         <name>.text</name>
         <load_address>0x1cc4</load_address>
         <run_address>0x1cc4</run_address>
         <size>0x7a</size>
         <input_file_ref idref="fl-102"/>
      </object_component>
      <object_component id="oc-3ac">
         <name>.text:clkFxn</name>
         <load_address>0x1d3e</load_address>
         <run_address>0x1d3e</run_address>
         <size>0x2</size>
         <input_file_ref idref="fl-27"/>
      </object_component>
      <object_component id="oc-267">
         <name>.text:HwiP_construct</name>
         <load_address>0x1d40</load_address>
         <run_address>0x1d40</run_address>
         <size>0x78</size>
         <input_file_ref idref="fl-2c"/>
      </object_component>
      <object_component id="oc-12a">
         <name>.text:main</name>
         <load_address>0x1db8</load_address>
         <run_address>0x1db8</run_address>
         <size>0x78</size>
         <input_file_ref idref="fl-5"/>
      </object_component>
      <object_component id="oc-659">
         <name>.text:ClockP_walkQueueDynamic</name>
         <load_address>0x1e30</load_address>
         <run_address>0x1e30</run_address>
         <size>0x74</size>
         <input_file_ref idref="fl-2a"/>
      </object_component>
      <object_component id="oc-144">
         <name>.text:NOROM_SetupSetVddrLevel</name>
         <load_address>0x1ea4</load_address>
         <run_address>0x1ea4</run_address>
         <size>0x74</size>
         <input_file_ref idref="fl-3b"/>
      </object_component>
      <object_component id="oc-6e8">
         <name>.text:TimerP_start</name>
         <load_address>0x1f18</load_address>
         <run_address>0x1f18</run_address>
         <size>0x70</size>
         <input_file_ref idref="fl-2b"/>
      </object_component>
      <object_component id="oc-cd">
         <name>.text</name>
         <load_address>0x1f88</load_address>
         <run_address>0x1f88</run_address>
         <size>0x70</size>
         <input_file_ref idref="fl-10b"/>
      </object_component>
      <object_component id="oc-5d9">
         <name>.text:PowerCC26XX_initiateCalibration</name>
         <load_address>0x1ff8</load_address>
         <run_address>0x1ff8</run_address>
         <size>0x6c</size>
         <input_file_ref idref="fl-1c"/>
      </object_component>
      <object_component id="oc-16f">
         <name>.text:NOROM_SetupGetTrimForAmpcompCtrl</name>
         <load_address>0x2064</load_address>
         <run_address>0x2064</run_address>
         <size>0x68</size>
         <input_file_ref idref="fl-3b"/>
      </object_component>
      <object_component id="oc-14b">
         <name>.text:NOROM_SetupGetTrimForAnabypassValue1</name>
         <load_address>0x20cc</load_address>
         <run_address>0x20cc</run_address>
         <size>0x68</size>
         <input_file_ref idref="fl-3b"/>
      </object_component>
      <object_component id="oc-69f">
         <name>.text:NOROM_SysCtrlAdjustRechargeAfterPowerDown</name>
         <load_address>0x2134</load_address>
         <run_address>0x2134</run_address>
         <size>0x68</size>
         <input_file_ref idref="fl-3c"/>
      </object_component>
      <object_component id="oc-5a8">
         <name>.text:NOROM_SysCtrl_DCDC_VoltageConditionalControl</name>
         <load_address>0x219c</load_address>
         <run_address>0x219c</run_address>
         <size>0x68</size>
         <input_file_ref idref="fl-3c"/>
      </object_component>
      <object_component id="oc-53e">
         <name>.text:SwiP_post</name>
         <load_address>0x2204</load_address>
         <run_address>0x2204</run_address>
         <size>0x68</size>
         <input_file_ref idref="fl-28"/>
      </object_component>
      <object_component id="oc-18">
         <name>.text:decompress:lzss</name>
         <load_address>0x226c</load_address>
         <run_address>0x226c</run_address>
         <size>0x68</size>
         <input_file_ref idref="fl-f5"/>
      </object_component>
      <object_component id="oc-2f3">
         <name>.text:lfClockReadyCallback</name>
         <load_address>0x22d4</load_address>
         <run_address>0x22d4</run_address>
         <size>0x68</size>
         <input_file_ref idref="fl-1b"/>
      </object_component>
      <object_component id="oc-4bb">
         <name>.text:NOROM_OSCHF_AttemptToSwitchToXosc</name>
         <load_address>0x233c</load_address>
         <run_address>0x233c</run_address>
         <size>0x64</size>
         <input_file_ref idref="fl-39"/>
      </object_component>
      <object_component id="oc-4db">
         <name>.text:configureXOSCHF</name>
         <load_address>0x23a0</load_address>
         <run_address>0x23a0</run_address>
         <size>0x64</size>
         <input_file_ref idref="fl-1b"/>
      </object_component>
      <object_component id="oc-1ad">
         <name>.text:NOROM_OSCClockSourceSet</name>
         <load_address>0x2404</load_address>
         <run_address>0x2404</run_address>
         <size>0x60</size>
         <input_file_ref idref="fl-39"/>
      </object_component>
      <object_component id="oc-5df">
         <name>.text:PowerCC26XX_RCOSC_clockFunc</name>
         <load_address>0x2464</load_address>
         <run_address>0x2464</run_address>
         <size>0x5c</size>
         <input_file_ref idref="fl-1c"/>
      </object_component>
      <object_component id="oc-4a6">
         <name>.text:PowerCC26XX_calibrate</name>
         <load_address>0x24c0</load_address>
         <run_address>0x24c0</run_address>
         <size>0x5c</size>
         <input_file_ref idref="fl-1b"/>
      </object_component>
      <object_component id="oc-4ef">
         <name>.text:PIN_remove</name>
         <load_address>0x251c</load_address>
         <run_address>0x251c</run_address>
         <size>0x58</size>
         <input_file_ref idref="fl-1a"/>
      </object_component>
      <object_component id="oc-d9">
         <name>.text</name>
         <load_address>0x2574</load_address>
         <run_address>0x2574</run_address>
         <size>0x54</size>
         <input_file_ref idref="fl-f8"/>
      </object_component>
      <object_component id="oc-b4">
         <name>.text:NOROM_SetupSetCacheModeAccordingToCcfgSetting</name>
         <load_address>0x25c8</load_address>
         <run_address>0x25c8</run_address>
         <size>0x50</size>
         <input_file_ref idref="fl-3b"/>
      </object_component>
      <object_component id="oc-335">
         <name>.text:SemaphoreP_construct</name>
         <load_address>0x2618</load_address>
         <run_address>0x2618</run_address>
         <size>0x50</size>
         <input_file_ref idref="fl-27"/>
      </object_component>
      <object_component id="oc-305">
         <name>.text:CC1310_LAUNCHXL_wakeUpExtFlash</name>
         <load_address>0x2668</load_address>
         <run_address>0x2668</run_address>
         <size>0x4c</size>
         <input_file_ref idref="fl-2"/>
      </object_component>
      <object_component id="oc-11c">
         <name>.text</name>
         <load_address>0x26b4</load_address>
         <run_address>0x26b4</run_address>
         <size>0x4c</size>
         <input_file_ref idref="fl-10c"/>
      </object_component>
      <object_component id="oc-2c6">
         <name>.text:ClockP_construct</name>
         <load_address>0x2700</load_address>
         <run_address>0x2700</run_address>
         <size>0x48</size>
         <input_file_ref idref="fl-2a"/>
      </object_component>
      <object_component id="oc-699">
         <name>.text:SwiP_restore</name>
         <load_address>0x2748</load_address>
         <run_address>0x2748</run_address>
         <size>0x44</size>
         <input_file_ref idref="fl-28"/>
      </object_component>
      <object_component id="oc-4af">
         <name>.text:notify</name>
         <load_address>0x278c</load_address>
         <run_address>0x278c</run_address>
         <size>0x44</size>
         <input_file_ref idref="fl-1b"/>
      </object_component>
      <object_component id="oc-230">
         <name>.text:CC1310_LAUNCHXL_shutDownExtFlash</name>
         <load_address>0x27d0</load_address>
         <run_address>0x27d0</run_address>
         <size>0x40</size>
         <input_file_ref idref="fl-2"/>
      </object_component>
      <object_component id="oc-288">
         <name>.text:PIN_swi</name>
         <load_address>0x2810</load_address>
         <run_address>0x2810</run_address>
         <size>0x40</size>
         <input_file_ref idref="fl-1a"/>
      </object_component>
      <object_component id="oc-7b">
         <name>.text</name>
         <load_address>0x2850</load_address>
         <run_address>0x2850</run_address>
         <size>0x40</size>
         <input_file_ref idref="fl-f4"/>
      </object_component>
      <object_component id="oc-fe">
         <name>.text:NOROM_ChipInfo_GetHwRevision</name>
         <load_address>0x2890</load_address>
         <run_address>0x2890</run_address>
         <size>0x3c</size>
         <input_file_ref idref="fl-34"/>
      </object_component>
      <object_component id="oc-6b9">
         <name>.text:NOROM_OSC_HPOSCRelativeFrequencyOffsetGet</name>
         <load_address>0x28cc</load_address>
         <run_address>0x28cc</run_address>
         <size>0x3c</size>
         <input_file_ref idref="fl-39"/>
      </object_component>
      <object_component id="oc-2a7">
         <name>.text:SemaphoreP_post</name>
         <load_address>0x2908</load_address>
         <run_address>0x2908</run_address>
         <size>0x3c</size>
         <input_file_ref idref="fl-27"/>
      </object_component>
      <object_component id="oc-2d2">
         <name>.text:disableLfClkQualifiersEnableClkLoss</name>
         <load_address>0x2944</load_address>
         <run_address>0x2944</run_address>
         <size>0x3c</size>
         <input_file_ref idref="fl-1b"/>
      </object_component>
      <object_component id="oc-1dd">
         <name>.text:PIN_setOutputValue</name>
         <load_address>0x2980</load_address>
         <run_address>0x2980</run_address>
         <size>0x38</size>
         <input_file_ref idref="fl-1a"/>
      </object_component>
      <object_component id="oc-5ae">
         <name>.text:ClockP_getTicksUntilInterrupt</name>
         <load_address>0x29b8</load_address>
         <run_address>0x29b8</run_address>
         <size>0x34</size>
         <input_file_ref idref="fl-2a"/>
      </object_component>
      <object_component id="oc-348">
         <name>.text:NOROM_IntRegister</name>
         <load_address>0x29ec</load_address>
         <run_address>0x29ec</run_address>
         <size>0x34</size>
         <input_file_ref idref="fl-38"/>
      </object_component>
      <object_component id="oc-618">
         <name>.text:NOROM_OSCHF_SwitchToRcOscTurnOffXosc</name>
         <load_address>0x2a20</load_address>
         <run_address>0x2a20</run_address>
         <size>0x34</size>
         <input_file_ref idref="fl-39"/>
      </object_component>
      <object_component id="oc-2a1">
         <name>.text:PIN_setConfig</name>
         <load_address>0x2a54</load_address>
         <run_address>0x2a54</run_address>
         <size>0x34</size>
         <input_file_ref idref="fl-1a"/>
      </object_component>
      <object_component id="oc-4c2">
         <name>.text:Power_releaseConstraint</name>
         <load_address>0x2a88</load_address>
         <run_address>0x2a88</run_address>
         <size>0x34</size>
         <input_file_ref idref="fl-1b"/>
      </object_component>
      <object_component id="oc-644">
         <name>.text:TimerP_initDevice</name>
         <load_address>0x2abc</load_address>
         <run_address>0x2abc</run_address>
         <size>0x34</size>
         <input_file_ref idref="fl-2b"/>
      </object_component>
      <object_component id="oc-5a0">
         <name>.text:TimerP_setNextTick</name>
         <load_address>0x2af0</load_address>
         <run_address>0x2af0</run_address>
         <size>0x32</size>
         <input_file_ref idref="fl-2b"/>
      </object_component>
      <object_component id="oc-2e7">
         <name>.text:emptyClockFunc</name>
         <load_address>0x2b22</load_address>
         <run_address>0x2b22</run_address>
         <size>0x2</size>
         <input_file_ref idref="fl-1b"/>
      </object_component>
      <object_component id="oc-237">
         <name>.text:NOROM_ChipInfo_GetChipType</name>
         <load_address>0x2b24</load_address>
         <run_address>0x2b24</run_address>
         <size>0x30</size>
         <input_file_ref idref="fl-34"/>
      </object_component>
      <object_component id="oc-1b3">
         <name>.text:NOROM_SetupSetAonRtcSubSecInc</name>
         <load_address>0x2b54</load_address>
         <run_address>0x2b54</run_address>
         <size>0x30</size>
         <input_file_ref idref="fl-3b"/>
      </object_component>
      <object_component id="oc-2cc">
         <name>.text:Power_setConstraint</name>
         <load_address>0x2b84</load_address>
         <run_address>0x2b84</run_address>
         <size>0x30</size>
         <input_file_ref idref="fl-1b"/>
      </object_component>
      <object_component id="oc-48d">
         <name>.text:TimerP_getCurrentTick</name>
         <load_address>0x2bb4</load_address>
         <run_address>0x2bb4</run_address>
         <size>0x30</size>
         <input_file_ref idref="fl-2b"/>
      </object_component>
      <object_component id="oc-671">
         <name>.text:TimerP_setThreshold</name>
         <load_address>0x2be4</load_address>
         <run_address>0x2be4</run_address>
         <size>0x30</size>
         <input_file_ref idref="fl-2b"/>
      </object_component>
      <object_component id="oc-34e">
         <name>.text:HwiP_dispatch</name>
         <load_address>0x2c14</load_address>
         <run_address>0x2c14</run_address>
         <size>0x2c</size>
         <input_file_ref idref="fl-2c"/>
      </object_component>
      <object_component id="oc-151">
         <name>.text:NOROM_DDI32RegWrite</name>
         <load_address>0x2c40</load_address>
         <run_address>0x2c40</run_address>
         <size>0x2c</size>
         <input_file_ref idref="fl-3e"/>
      </object_component>
      <object_component id="oc-1a7">
         <name>.text:NOROM_OSCClockSourceGet</name>
         <load_address>0x2c6c</load_address>
         <run_address>0x2c6c</run_address>
         <size>0x2c</size>
         <input_file_ref idref="fl-39"/>
      </object_component>
      <object_component id="oc-199">
         <name>.text:NOROM_SetupGetTrimForRadcExtCfg</name>
         <load_address>0x2c98</load_address>
         <run_address>0x2c98</run_address>
         <size>0x2c</size>
         <input_file_ref idref="fl-3b"/>
      </object_component>
      <object_component id="oc-6b3">
         <name>.text:NOROM_AONBatMonTemperatureGetDegC</name>
         <load_address>0x2cc4</load_address>
         <run_address>0x2cc4</run_address>
         <size>0x28</size>
         <input_file_ref idref="fl-31"/>
      </object_component>
      <object_component id="oc-600">
         <name>.text:SafeHapiVoid</name>
         <load_address>0x2cec</load_address>
         <run_address>0x2cec</run_address>
         <size>0x28</size>
         <input_file_ref idref="fl-30"/>
      </object_component>
      <object_component id="oc-499">
         <name>.text:ClockP_getTicks</name>
         <load_address>0x2d14</load_address>
         <run_address>0x2d14</run_address>
         <size>0x24</size>
         <input_file_ref idref="fl-2a"/>
      </object_component>
      <object_component id="oc-493">
         <name>.text:ClockP_scheduleNextTick</name>
         <load_address>0x2d38</load_address>
         <run_address>0x2d38</run_address>
         <size>0x24</size>
         <input_file_ref idref="fl-2a"/>
      </object_component>
      <object_component id="oc-573">
         <name>.text:TimerP_getMaxTicks</name>
         <load_address>0x2d5c</load_address>
         <run_address>0x2d5c</run_address>
         <size>0x24</size>
         <input_file_ref idref="fl-2b"/>
      </object_component>
      <object_component id="oc-394">
         <name>.text:ClockP_add</name>
         <load_address>0x2d80</load_address>
         <run_address>0x2d80</run_address>
         <size>0x20</size>
         <input_file_ref idref="fl-2a"/>
      </object_component>
      <object_component id="oc-181">
         <name>.text:NOROM_SetupGetTrimForXoscHfCtl</name>
         <load_address>0x2da0</load_address>
         <run_address>0x2da0</run_address>
         <size>0x20</size>
         <input_file_ref idref="fl-3b"/>
      </object_component>
      <object_component id="oc-311">
         <name>.text:PIN_close</name>
         <load_address>0x2dc0</load_address>
         <run_address>0x2dc0</run_address>
         <size>0x1e</size>
         <input_file_ref idref="fl-1a"/>
      </object_component>
      <object_component id="oc-5b4">
         <name>.text:Power_getTransitionLatency</name>
         <load_address>0x2dde</load_address>
         <run_address>0x2dde</run_address>
         <size>0x1e</size>
         <input_file_ref idref="fl-1b"/>
      </object_component>
      <object_component id="oc-24f">
         <name>.text:SemaphoreP_constructBinary</name>
         <load_address>0x2dfc</load_address>
         <run_address>0x2dfc</run_address>
         <size>0x1e</size>
         <input_file_ref idref="fl-27"/>
      </object_component>
      <object_component id="oc-3d">
         <name>.text:faultISR</name>
         <load_address>0x2e1a</load_address>
         <run_address>0x2e1a</run_address>
         <size>0x2</size>
         <input_file_ref idref="fl-2e"/>
      </object_component>
      <object_component id="oc-1cb">
         <name>.text:CC1310_LAUNCHXL_initGeneral</name>
         <load_address>0x2e1c</load_address>
         <run_address>0x2e1c</run_address>
         <size>0x1c</size>
         <input_file_ref idref="fl-2"/>
      </object_component>
      <object_component id="oc-f8">
         <name>.text:NOROM_ChipInfo_GetChipFamily</name>
         <load_address>0x2e38</load_address>
         <run_address>0x2e38</run_address>
         <size>0x1c</size>
         <input_file_ref idref="fl-34"/>
      </object_component>
      <object_component id="oc-163">
         <name>.text:NOROM_SetupGetTrimForAmpcompTh2</name>
         <load_address>0x2e54</load_address>
         <run_address>0x2e54</run_address>
         <size>0x1c</size>
         <input_file_ref idref="fl-3b"/>
      </object_component>
      <object_component id="oc-157">
         <name>.text:NOROM_SetupGetTrimForRcOscLfRtuneCtuneTrim</name>
         <load_address>0x2e70</load_address>
         <run_address>0x2e70</run_address>
         <size>0x1c</size>
         <input_file_ref idref="fl-3b"/>
      </object_component>
      <object_component id="oc-25b">
         <name>.text:PINCC26XX_setIoCfgMux</name>
         <load_address>0x2e8c</load_address>
         <run_address>0x2e8c</run_address>
         <size>0x1c</size>
         <input_file_ref idref="fl-1a"/>
      </object_component>
      <object_component id="oc-282">
         <name>.text:PIN_hwi</name>
         <load_address>0x2ea8</load_address>
         <run_address>0x2ea8</run_address>
         <size>0x1c</size>
         <input_file_ref idref="fl-1a"/>
      </object_component>
      <object_component id="oc-483">
         <name>.text:QueueP_put</name>
         <load_address>0x2ec4</load_address>
         <run_address>0x2ec4</run_address>
         <size>0x1c</size>
         <input_file_ref idref="fl-2f"/>
      </object_component>
      <object_component id="oc-687">
         <name>.text:SwiP_disable</name>
         <load_address>0x2ee0</load_address>
         <run_address>0x2ee0</run_address>
         <size>0x1c</size>
         <input_file_ref idref="fl-28"/>
      </object_component>
      <object_component id="oc-37a">
         <name>.text:SwiP_or</name>
         <load_address>0x2efc</load_address>
         <run_address>0x2efc</run_address>
         <size>0x1c</size>
         <input_file_ref idref="fl-28"/>
      </object_component>
      <object_component id="oc-650">
         <name>.text:TimerP_dynamicStub</name>
         <load_address>0x2f18</load_address>
         <run_address>0x2f18</run_address>
         <size>0x1c</size>
         <input_file_ref idref="fl-2b"/>
      </object_component>
      <object_component id="oc-629">
         <name>.text:QueueP_get</name>
         <load_address>0x2f34</load_address>
         <run_address>0x2f34</run_address>
         <size>0x1a</size>
         <input_file_ref idref="fl-2f"/>
      </object_component>
      <object_component id="oc-3a6">
         <name>.text:ClockP_destruct</name>
         <load_address>0x2f4e</load_address>
         <run_address>0x2f4e</run_address>
         <size>0x18</size>
         <input_file_ref idref="fl-2a"/>
      </object_component>
      <object_component id="oc-43">
         <name>.text:intDefaultHandler</name>
         <load_address>0x2f66</load_address>
         <run_address>0x2f66</run_address>
         <size>0x2</size>
         <input_file_ref idref="fl-2e"/>
      </object_component>
      <object_component id="oc-3b7">
         <name>.text:HwiP_inISR</name>
         <load_address>0x2f68</load_address>
         <run_address>0x2f68</run_address>
         <size>0x18</size>
         <input_file_ref idref="fl-2c"/>
      </object_component>
      <object_component id="oc-606">
         <name>.text:NOROM_AONRTCCurrentCompareValueGet</name>
         <load_address>0x2f80</load_address>
         <run_address>0x2f80</run_address>
         <size>0x18</size>
         <input_file_ref idref="fl-32"/>
      </object_component>
      <object_component id="oc-23d">
         <name>.text:NOROM_ChipInfo_GetPackageType</name>
         <load_address>0x2f98</load_address>
         <run_address>0x2f98</run_address>
         <size>0x18</size>
         <input_file_ref idref="fl-34"/>
      </object_component>
      <object_component id="oc-612">
         <name>.text:NOROM_OSCHF_TurnOnXosc</name>
         <load_address>0x2fb0</load_address>
         <run_address>0x2fb0</run_address>
         <size>0x18</size>
         <input_file_ref idref="fl-39"/>
      </object_component>
      <object_component id="oc-175">
         <name>.text:NOROM_SetupGetTrimForAdcShModeEn</name>
         <load_address>0x2fc8</load_address>
         <run_address>0x2fc8</run_address>
         <size>0x18</size>
         <input_file_ref idref="fl-3b"/>
      </object_component>
      <object_component id="oc-17b">
         <name>.text:NOROM_SetupGetTrimForAdcShVbufEn</name>
         <load_address>0x2fe0</load_address>
         <run_address>0x2fe0</run_address>
         <size>0x18</size>
         <input_file_ref idref="fl-3b"/>
      </object_component>
      <object_component id="oc-169">
         <name>.text:NOROM_SetupGetTrimForAmpcompTh1</name>
         <load_address>0x2ff8</load_address>
         <run_address>0x2ff8</run_address>
         <size>0x18</size>
         <input_file_ref idref="fl-3b"/>
      </object_component>
      <object_component id="oc-187">
         <name>.text:NOROM_SetupGetTrimForDblrLoopFilterResetVoltage</name>
         <load_address>0x3010</load_address>
         <run_address>0x3010</run_address>
         <size>0x18</size>
         <input_file_ref idref="fl-3b"/>
      </object_component>
      <object_component id="oc-18d">
         <name>.text:NOROM_SetupGetTrimForRcOscLfIBiasTrim</name>
         <load_address>0x3028</load_address>
         <run_address>0x3028</run_address>
         <size>0x18</size>
         <input_file_ref idref="fl-3b"/>
      </object_component>
      <object_component id="oc-193">
         <name>.text:NOROM_SetupGetTrimForXoscLfRegulatorAndCmirrwrRatio</name>
         <load_address>0x3040</load_address>
         <run_address>0x3040</run_address>
         <size>0x18</size>
         <input_file_ref idref="fl-3b"/>
      </object_component>
      <object_component id="oc-551">
         <name>.text:Power_idleFunc</name>
         <load_address>0x3058</load_address>
         <run_address>0x3058</run_address>
         <size>0x18</size>
         <input_file_ref idref="fl-1b"/>
      </object_component>
      <object_component id="oc-d3">
         <name>.text</name>
         <load_address>0x3070</load_address>
         <run_address>0x3070</run_address>
         <size>0x18</size>
         <input_file_ref idref="fl-10a"/>
      </object_component>
      <object_component id="oc-598">
         <name>.text</name>
         <load_address>0x3088</load_address>
         <run_address>0x3088</run_address>
         <size>0x18</size>
         <input_file_ref idref="fl-ff"/>
      </object_component>
      <object_component id="oc-ae">
         <name>.text:NOROM_ThisLibraryIsFor_CC13x0_HwRev20AndLater_HaltIfViolated</name>
         <load_address>0x30a0</load_address>
         <run_address>0x30a0</run_address>
         <size>0x16</size>
         <input_file_ref idref="fl-34"/>
      </object_component>
      <object_component id="oc-37">
         <name>.text:nmiISR</name>
         <load_address>0x30b6</load_address>
         <run_address>0x30b6</run_address>
         <size>0x2</size>
         <input_file_ref idref="fl-2e"/>
      </object_component>
      <object_component id="oc-661">
         <name>.text:NOROM_AONRTCCurrent64BitValueGet</name>
         <load_address>0x30b8</load_address>
         <run_address>0x30b8</run_address>
         <size>0x14</size>
         <input_file_ref idref="fl-32"/>
      </object_component>
      <object_component id="oc-3bd">
         <name>.text:Power_disablePolicy</name>
         <load_address>0x30cc</load_address>
         <run_address>0x30cc</run_address>
         <size>0x14</size>
         <input_file_ref idref="fl-1b"/>
      </object_component>
      <object_component id="oc-36d">
         <name>.text:SwiP_handleHwi</name>
         <load_address>0x30e0</load_address>
         <run_address>0x30e0</run_address>
         <size>0x14</size>
         <input_file_ref idref="fl-28"/>
      </object_component>
      <object_component id="oc-64a">
         <name>.text:TimerP_startup</name>
         <load_address>0x30f4</load_address>
         <run_address>0x30f4</run_address>
         <size>0x14</size>
         <input_file_ref idref="fl-2b"/>
      </object_component>
      <object_component id="oc-4d5">
         <name>.text:configureRFCoreClocks</name>
         <load_address>0x3108</load_address>
         <run_address>0x3108</run_address>
         <size>0x14</size>
         <input_file_ref idref="fl-1b"/>
      </object_component>
      <object_component id="oc-2a">
         <name>.text:resetISR</name>
         <load_address>0x311c</load_address>
         <run_address>0x311c</run_address>
         <size>0x14</size>
         <input_file_ref idref="fl-2e"/>
      </object_component>
      <object_component id="oc-1f5">
         <name>.text</name>
         <load_address>0x3130</load_address>
         <run_address>0x3130</run_address>
         <size>0x14</size>
         <input_file_ref idref="fl-109"/>
      </object_component>
      <object_component id="oc-261">
         <name>.text:HwiP_Params_init</name>
         <load_address>0x3144</load_address>
         <run_address>0x3144</run_address>
         <size>0x12</size>
         <input_file_ref idref="fl-2c"/>
      </object_component>
      <object_component id="oc-c1">
         <name>.text</name>
         <load_address>0x3156</load_address>
         <run_address>0x3156</run_address>
         <size>0x2</size>
         <input_file_ref idref="fl-103"/>
      </object_component>
      <object_component id="oc-2c0">
         <name>.text:ClockP_Params_init</name>
         <load_address>0x3158</load_address>
         <run_address>0x3158</run_address>
         <size>0x10</size>
         <input_file_ref idref="fl-2a"/>
      </object_component>
      <object_component id="oc-31e">
         <name>.text:HwiP_disable</name>
         <load_address>0x3168</load_address>
         <run_address>0x3168</run_address>
         <size>0x10</size>
         <input_file_ref idref="fl-2c"/>
      </object_component>
      <object_component id="oc-636">
         <name>.text:HwiP_post</name>
         <load_address>0x3178</load_address>
         <run_address>0x3178</run_address>
         <size>0x10</size>
         <input_file_ref idref="fl-2c"/>
      </object_component>
      <object_component id="oc-1a1">
         <name>.text:NOROM_SetupGetTrimForXoscHfFastStart</name>
         <load_address>0x3188</load_address>
         <run_address>0x3188</run_address>
         <size>0x10</size>
         <input_file_ref idref="fl-3b"/>
      </object_component>
      <object_component id="oc-15d">
         <name>.text:NOROM_SetupGetTrimForXoscHfIbiastherm</name>
         <load_address>0x3198</load_address>
         <run_address>0x3198</run_address>
         <size>0x10</size>
         <input_file_ref idref="fl-3b"/>
      </object_component>
      <object_component id="oc-243">
         <name>.text:PINCC26XX_getPinCount</name>
         <load_address>0x31a8</load_address>
         <run_address>0x31a8</run_address>
         <size>0x10</size>
         <input_file_ref idref="fl-1a"/>
      </object_component>
      <object_component id="oc-67b">
         <name>.text:PowerCC26XX_schedulerDisable</name>
         <load_address>0x31b8</load_address>
         <run_address>0x31b8</run_address>
         <size>0x10</size>
         <input_file_ref idref="fl-2d"/>
      </object_component>
      <object_component id="oc-39a">
         <name>.text:Power_enablePolicy</name>
         <load_address>0x31c8</load_address>
         <run_address>0x31c8</run_address>
         <size>0x10</size>
         <input_file_ref idref="fl-1b"/>
      </object_component>
      <object_component id="oc-32f">
         <name>.text:SemaphoreP_Params_init</name>
         <load_address>0x31d8</load_address>
         <run_address>0x31d8</run_address>
         <size>0x10</size>
         <input_file_ref idref="fl-27"/>
      </object_component>
      <object_component id="oc-26d">
         <name>.text:SwiP_Params_init</name>
         <load_address>0x31e8</load_address>
         <run_address>0x31e8</run_address>
         <size>0x10</size>
         <input_file_ref idref="fl-28"/>
      </object_component>
      <object_component id="oc-567">
         <name>.text:TimerP_Params_init</name>
         <load_address>0x31f8</load_address>
         <run_address>0x31f8</run_address>
         <size>0x10</size>
         <input_file_ref idref="fl-2b"/>
      </object_component>
      <object_component id="oc-5c6">
         <name>.text:NOROM_VIMSModeGet</name>
         <load_address>0x3208</load_address>
         <run_address>0x3208</run_address>
         <size>0xe</size>
         <input_file_ref idref="fl-3d"/>
      </object_component>
      <object_component id="oc-62f">
         <name>.text:QueueP_empty</name>
         <load_address>0x3216</load_address>
         <run_address>0x3216</run_address>
         <size>0xe</size>
         <input_file_ref idref="fl-2f"/>
      </object_component>
      <object_component id="oc-549">
         <name>.text:QueueP_remove</name>
         <load_address>0x3224</load_address>
         <run_address>0x3224</run_address>
         <size>0xe</size>
         <input_file_ref idref="fl-2f"/>
      </object_component>
      <object_component id="oc-1e">
         <name>.text:decompress:none</name>
         <load_address>0x3232</load_address>
         <run_address>0x3232</run_address>
         <size>0xe</size>
         <input_file_ref idref="fl-f6"/>
      </object_component>
      <object_component id="oc-585">
         <name>.text:ClockP_doTick</name>
         <load_address>0x3240</load_address>
         <run_address>0x3240</run_address>
         <size>0xc</size>
         <input_file_ref idref="fl-2a"/>
      </object_component>
      <object_component id="oc-5ec">
         <name>.text:List_empty</name>
         <load_address>0x324c</load_address>
         <run_address>0x324c</run_address>
         <size>0xc</size>
         <input_file_ref idref="fl-24"/>
      </object_component>
      <object_component id="oc-6f">
         <name>.text:NOROM_CPUcpsid</name>
         <load_address>0x3258</load_address>
         <run_address>0x3258</run_address>
         <size>0xc</size>
         <input_file_ref idref="fl-35"/>
      </object_component>
      <object_component id="oc-203">
         <name>.text:NOROM_CPUcpsie</name>
         <load_address>0x3264</load_address>
         <run_address>0x3264</run_address>
         <size>0xc</size>
         <input_file_ref idref="fl-35"/>
      </object_component>
      <object_component id="oc-6bf">
         <name>.text:NOROM_OSC_HPOSCRelativeFrequencyOffsetToRFCoreFormatConvert</name>
         <load_address>0x3270</load_address>
         <run_address>0x3270</run_address>
         <size>0xc</size>
         <input_file_ref idref="fl-39"/>
      </object_component>
      <object_component id="oc-681">
         <name>.text:PowerCC26XX_schedulerRestore</name>
         <load_address>0x327c</load_address>
         <run_address>0x327c</run_address>
         <size>0xc</size>
         <input_file_ref idref="fl-2d"/>
      </object_component>
      <object_component id="oc-4b5">
         <name>.text:Power_getConstraintMask</name>
         <load_address>0x3288</load_address>
         <run_address>0x3288</run_address>
         <size>0xc</size>
         <input_file_ref idref="fl-1b"/>
      </object_component>
      <object_component id="oc-68d">
         <name>.text:Power_getDependencyCount</name>
         <load_address>0x3294</load_address>
         <run_address>0x3294</run_address>
         <size>0xc</size>
         <input_file_ref idref="fl-1b"/>
      </object_component>
      <object_component id="oc-381">
         <name>.text:SwiP_getTrigger</name>
         <load_address>0x32a0</load_address>
         <run_address>0x32a0</run_address>
         <size>0xc</size>
         <input_file_ref idref="fl-28"/>
      </object_component>
      <object_component id="oc-579">
         <name>.text:TimerP_getFreq</name>
         <load_address>0x32ac</load_address>
         <run_address>0x32ac</run_address>
         <size>0xc</size>
         <input_file_ref idref="fl-2b"/>
      </object_component>
      <object_component id="oc-24">
         <name>.text:decompress:ZI</name>
         <load_address>0x32b8</load_address>
         <run_address>0x32b8</run_address>
         <size>0xc</size>
         <input_file_ref idref="fl-f7"/>
      </object_component>
      <object_component id="oc-324">
         <name>.text:HwiP_restore</name>
         <load_address>0x32c4</load_address>
         <run_address>0x32c4</run_address>
         <size>0x8</size>
         <input_file_ref idref="fl-2c"/>
      </object_component>
      <object_component id="oc-5c0">
         <name>.text:ClockP_stop</name>
         <load_address>0x32cc</load_address>
         <run_address>0x32cc</run_address>
         <size>0x6</size>
         <input_file_ref idref="fl-2a"/>
      </object_component>
      <object_component id="oc-4e9">
         <name>.text:NOROM_CPUdelay</name>
         <load_address>0x32d2</load_address>
         <run_address>0x32d2</run_address>
         <size>0x6</size>
         <input_file_ref idref="fl-35"/>
      </object_component>
      <object_component id="oc-35e">
         <name>.text:QueueP_init</name>
         <load_address>0x32d8</load_address>
         <run_address>0x32d8</run_address>
         <size>0x6</size>
         <input_file_ref idref="fl-2f"/>
      </object_component>
      <object_component id="oc-5cc">
         <name>.text:CPUwfi</name>
         <load_address>0x32de</load_address>
         <run_address>0x32de</run_address>
         <size>0x4</size>
         <input_file_ref idref="fl-2d"/>
      </object_component>
      <object_component id="oc-3a0">
         <name>.text:ClockP_isActive</name>
         <load_address>0x32e2</load_address>
         <run_address>0x32e2</run_address>
         <size>0x4</size>
         <input_file_ref idref="fl-2a"/>
      </object_component>
      <object_component id="oc-2d8">
         <name>.text:ClockP_setTimeout</name>
         <load_address>0x32e6</load_address>
         <run_address>0x32e6</run_address>
         <size>0x4</size>
         <input_file_ref idref="fl-2a"/>
      </object_component>
      <object_component id="oc-5f2">
         <name>.text:List_head</name>
         <load_address>0x32ea</load_address>
         <run_address>0x32ea</run_address>
         <size>0x4</size>
         <input_file_ref idref="fl-24"/>
      </object_component>
      <object_component id="oc-5f8">
         <name>.text:List_next</name>
         <load_address>0x32ee</load_address>
         <run_address>0x32ee</run_address>
         <size>0x4</size>
         <input_file_ref idref="fl-24"/>
      </object_component>
      <object_component id="oc-6f0">
         <name>.text:QueueP_head</name>
         <load_address>0x32f2</load_address>
         <run_address>0x32f2</run_address>
         <size>0x4</size>
         <input_file_ref idref="fl-2f"/>
      </object_component>
      <object_component id="oc-6f6">
         <name>.text:QueueP_next</name>
         <load_address>0x32f6</load_address>
         <run_address>0x32f6</run_address>
         <size>0x4</size>
         <input_file_ref idref="fl-2f"/>
      </object_component>
      <object_component id="oc-58d">
         <name>.text:TimerP_getCount64</name>
         <load_address>0x32fa</load_address>
         <run_address>0x32fa</run_address>
         <size>0x4</size>
         <input_file_ref idref="fl-2b"/>
      </object_component>
      <object_component id="oc-4e1">
         <name>.text:nopResourceHandler</name>
         <load_address>0x32fe</load_address>
         <run_address>0x32fe</run_address>
         <size>0x4</size>
         <input_file_ref idref="fl-1b"/>
      </object_component>
      <object_component id="oc-c7">
         <name>.text</name>
         <load_address>0x3302</load_address>
         <run_address>0x3302</run_address>
         <size>0x4</size>
         <input_file_ref idref="fl-104"/>
      </object_component>
      <object_component id="oc-122">
         <name>.text</name>
         <load_address>0x3306</load_address>
         <run_address>0x3306</run_address>
         <size>0x2</size>
         <input_file_ref idref="fl-10e"/>
      </object_component>
      <object_component id="oc-32a">
         <name>.const:resourceDB</name>
         <load_address>0x3308</load_address>
         <run_address>0x3308</run_address>
         <size>0x4c</size>
         <input_file_ref idref="fl-1b"/>
      </object_component>
      <object_component id="oc-1e3">
         <name>.const:BoardGpioInitTable</name>
         <load_address>0x3354</load_address>
         <run_address>0x3354</run_address>
         <size>0x2c</size>
         <input_file_ref idref="fl-2"/>
      </object_component>
      <object_component id="oc-2e4">
         <name>.const:PowerCC26XX_config</name>
         <load_address>0x3380</load_address>
         <run_address>0x3380</run_address>
         <size>0x18</size>
         <input_file_ref idref="fl-2"/>
      </object_component>
      <object_component id="oc-317">
         <name>.const:$P$T1$2</name>
         <load_address>0x3398</load_address>
         <run_address>0x3398</run_address>
         <size>0x14</size>
         <input_file_ref idref="fl-2"/>
      </object_component>
      <object_component id="oc-358">
         <name>.const:SwiP_defaultParams</name>
         <load_address>0x33ac</load_address>
         <run_address>0x33ac</run_address>
         <size>0x10</size>
         <input_file_ref idref="fl-28"/>
      </object_component>
      <object_component id="oc-4ea">
         <name>.const:$P$T0$1</name>
         <load_address>0x33bc</load_address>
         <run_address>0x33bc</run_address>
         <size>0x8</size>
         <input_file_ref idref="fl-2"/>
      </object_component>
      <object_component id="oc-27f">
         <name>.const:PINCC26XX_hwAttrs</name>
         <load_address>0x33c4</load_address>
         <run_address>0x33c4</run_address>
         <size>0x8</size>
         <input_file_ref idref="fl-2"/>
      </object_component>
      <object_component id="oc-757">
         <name>.cinit..data.load</name>
         <load_address>0x33d8</load_address>
         <run_address>0x33d8</run_address>
         <size>0x38</size>
      </object_component>
      <object_component id="oc-754">
         <name>__TI_handler_table</name>
         <load_address>0x3410</load_address>
         <run_address>0x3410</run_address>
         <size>0xc</size>
      </object_component>
      <object_component id="oc-758">
         <name>.cinit..bss.load</name>
         <load_address>0x3420</load_address>
         <run_address>0x3420</run_address>
         <size>0x8</size>
      </object_component>
      <object_component id="oc-756">
         <name>.cinit..vtable_ram.load</name>
         <load_address>0x3428</load_address>
         <run_address>0x3428</run_address>
         <size>0x8</size>
      </object_component>
      <object_component id="oc-755">
         <name>__TI_cinit_table</name>
         <load_address>0x3430</load_address>
         <run_address>0x3430</run_address>
         <size>0x18</size>
      </object_component>
      <object_component id="oc-30">
         <name>.ccfg:retain</name>
         <load_address>0x1ffa8</load_address>
         <run_address>0x1ffa8</run_address>
         <size>0x58</size>
         <input_file_ref idref="fl-3"/>
      </object_component>
      <object_component id="oc-518">
         <name>.vtable_ram</name>
         <uninitialized>true</uninitialized>
         <run_address>0x20000600</run_address>
         <size>0xc8</size>
         <input_file_ref idref="fl-38"/>
      </object_component>
      <object_component id="oc-27c">
         <name>.data:$O1$$</name>
         <load_address>0x20000000</load_address>
         <run_address>0x20000000</run_address>
         <size>0x114</size>
         <input_file_ref idref="fl-1a"/>
      </object_component>
      <object_component id="oc-2fc">
         <name>.data:PowerCC26XX_module</name>
         <load_address>0x20000114</load_address>
         <run_address>0x20000114</run_address>
         <size>0x114</size>
         <input_file_ref idref="fl-1b"/>
      </object_component>
      <object_component id="oc-3b2">
         <name>.data:$O1$$</name>
         <load_address>0x200003e8</load_address>
         <run_address>0x200003e8</run_address>
         <size>0xc</size>
         <input_file_ref idref="fl-27"/>
      </object_component>
      <object_component id="oc-364">
         <name>.data</name>
         <load_address>0x2000040c</load_address>
         <run_address>0x2000040c</run_address>
         <size>0x1</size>
         <input_file_ref idref="fl-28"/>
      </object_component>
      <object_component id="oc-2f9">
         <name>.data:$O1$$</name>
         <load_address>0x200002f8</load_address>
         <run_address>0x200002f8</run_address>
         <size>0xc0</size>
         <input_file_ref idref="fl-2a"/>
      </object_component>
      <object_component id="oc-640">
         <name>.data:$O1$$</name>
         <load_address>0x200003b8</load_address>
         <run_address>0x200003b8</run_address>
         <size>0x30</size>
         <input_file_ref idref="fl-2b"/>
      </object_component>
      <object_component id="oc-354">
         <name>.data:$O1$$</name>
         <load_address>0x20000228</load_address>
         <run_address>0x20000228</run_address>
         <size>0xd0</size>
         <input_file_ref idref="fl-2c"/>
      </object_component>
      <object_component id="oc-132">
         <name>.data:$O1$$</name>
         <load_address>0x200003f4</load_address>
         <run_address>0x200003f4</run_address>
         <size>0xc</size>
         <input_file_ref idref="fl-f8"/>
      </object_component>
      <object_component id="oc-df">
         <name>.data</name>
         <load_address>0x20000408</load_address>
         <run_address>0x20000408</run_address>
         <size>0x4</size>
         <input_file_ref idref="fl-105"/>
      </object_component>
      <object_component id="oc-135">
         <name>.data:$O1$$</name>
         <load_address>0x20000400</load_address>
         <run_address>0x20000400</run_address>
         <size>0x8</size>
         <input_file_ref idref="fl-109"/>
      </object_component>
      <object_component id="oc-36a">
         <name>.bss</name>
         <uninitialized>true</uninitialized>
         <run_address>0x20000560</run_address>
         <size>0xd</size>
         <input_file_ref idref="fl-28"/>
      </object_component>
      <object_component id="oc-367">
         <name>.bss:$O1$$</name>
         <uninitialized>true</uninitialized>
         <run_address>0x20000510</run_address>
         <size>0x3c</size>
         <input_file_ref idref="fl-28"/>
      </object_component>
      <object_component id="oc-703">
         <name>.bss</name>
         <uninitialized>true</uninitialized>
         <run_address>0x20000578</run_address>
         <size>0x4</size>
         <input_file_ref idref="fl-2d"/>
      </object_component>
      <object_component id="oc-60c">
         <name>.bss:oscHfGlobals</name>
         <uninitialized>true</uninitialized>
         <run_address>0x2000054c</run_address>
         <size>0x14</size>
         <input_file_ref idref="fl-39"/>
      </object_component>
      <object_component id="oc-70a">
         <name>.bss:powerQualGlobals</name>
         <uninitialized>true</uninitialized>
         <run_address>0x20000570</run_address>
         <size>0x8</size>
         <input_file_ref idref="fl-3c"/>
      </object_component>
      <object_component id="oc-279">
         <name>.common:driverlib_release_0_50218</name>
         <uninitialized>true</uninitialized>
         <run_address>0x2000056d</run_address>
         <size>0x1</size>
      </object_component>
      <object_component id="oc-34">
         <name>.sysmem</name>
         <uninitialized>true</uninitialized>
         <run_address>0x20000410</run_address>
         <size>0x8</size>
         <input_file_ref idref="fl-101"/>
      </object_component>
      <object_component id="oc-75a">
         <name>.sysmem</name>
         <uninitialized>true</uninitialized>
         <run_address>0x20000410</run_address>
         <size>0x0</size>
      </object_component>
      <object_component id="oc-33">
         <name>.stack</name>
         <uninitialized>true</uninitialized>
         <run_address>0x20004c00</run_address>
         <size>0x0</size>
         <input_file_ref idref="fl-f4"/>
      </object_component>
      <object_component id="oc-759">
         <name>.stack</name>
         <uninitialized>true</uninitialized>
         <run_address>0x20004c00</run_address>
         <size>0x0</size>
      </object_component>
      <object_component id="oc-2b1">
         <name>.debug_info</name>
         <load_address>0x0</load_address>
         <run_address>0x0</run_address>
         <size>0x1864</size>
         <input_file_ref idref="fl-2"/>
      </object_component>
      <object_component id="oc-1e4">
         <name>.debug_info</name>
         <load_address>0x1864</load_address>
         <run_address>0x1864</run_address>
         <size>0x113</size>
         <input_file_ref idref="fl-2"/>
      </object_component>
      <object_component id="oc-280">
         <name>.debug_info</name>
         <load_address>0x1977</load_address>
         <run_address>0x1977</run_address>
         <size>0x111</size>
         <input_file_ref idref="fl-2"/>
      </object_component>
      <object_component id="oc-2e5">
         <name>.debug_info</name>
         <load_address>0x1a88</load_address>
         <run_address>0x1a88</run_address>
         <size>0x113</size>
         <input_file_ref idref="fl-2"/>
      </object_component>
      <object_component id="oc-4eb">
         <name>.debug_info</name>
         <load_address>0x1b9b</load_address>
         <run_address>0x1b9b</run_address>
         <size>0xfc</size>
         <input_file_ref idref="fl-2"/>
      </object_component>
      <object_component id="oc-318">
         <name>.debug_info</name>
         <load_address>0x1c97</load_address>
         <run_address>0x1c97</run_address>
         <size>0xfc</size>
         <input_file_ref idref="fl-2"/>
      </object_component>
      <object_component id="oc-306">
         <name>.debug_info</name>
         <load_address>0x1d93</load_address>
         <run_address>0x1d93</run_address>
         <size>0x268</size>
         <input_file_ref idref="fl-2"/>
      </object_component>
      <object_component id="oc-30c">
         <name>.debug_info</name>
         <load_address>0x1ffb</load_address>
         <run_address>0x1ffb</run_address>
         <size>0x297</size>
         <input_file_ref idref="fl-2"/>
      </object_component>
      <object_component id="oc-231">
         <name>.debug_info</name>
         <load_address>0x2292</load_address>
         <run_address>0x2292</run_address>
         <size>0x286</size>
         <input_file_ref idref="fl-2"/>
      </object_component>
      <object_component id="oc-1cc">
         <name>.debug_info</name>
         <load_address>0x2518</load_address>
         <run_address>0x2518</run_address>
         <size>0x1ae</size>
         <input_file_ref idref="fl-2"/>
      </object_component>
      <object_component id="oc-3c6">
         <name>.debug_info</name>
         <load_address>0x26c6</load_address>
         <run_address>0x26c6</run_address>
         <size>0x992</size>
         <input_file_ref idref="fl-2"/>
      </object_component>
      <object_component id="oc-1e7">
         <name>.debug_info</name>
         <load_address>0x3058</load_address>
         <run_address>0x3058</run_address>
         <size>0xf4</size>
         <input_file_ref idref="fl-2"/>
      </object_component>
      <object_component id="oc-3e9">
         <name>.debug_info</name>
         <load_address>0x314c</load_address>
         <run_address>0x314c</run_address>
         <size>0x20f</size>
         <input_file_ref idref="fl-2"/>
      </object_component>
      <object_component id="oc-3cb">
         <name>.debug_info</name>
         <load_address>0x335b</load_address>
         <run_address>0x335b</run_address>
         <size>0x6b</size>
         <input_file_ref idref="fl-2"/>
      </object_component>
      <object_component id="oc-475">
         <name>.debug_info</name>
         <load_address>0x33c6</load_address>
         <run_address>0x33c6</run_address>
         <size>0x208e</size>
         <input_file_ref idref="fl-2"/>
      </object_component>
      <object_component id="oc-55b">
         <name>.debug_info</name>
         <load_address>0x5454</load_address>
         <run_address>0x5454</run_address>
         <size>0x2829</size>
         <input_file_ref idref="fl-2"/>
      </object_component>
      <object_component id="oc-470">
         <name>.debug_info</name>
         <load_address>0x7c7d</load_address>
         <run_address>0x7c7d</run_address>
         <size>0x320f</size>
         <input_file_ref idref="fl-2"/>
      </object_component>
      <object_component id="oc-3d0">
         <name>.debug_info</name>
         <load_address>0xae8c</load_address>
         <run_address>0xae8c</run_address>
         <size>0x45e</size>
         <input_file_ref idref="fl-2"/>
      </object_component>
      <object_component id="oc-3d5">
         <name>.debug_info</name>
         <load_address>0xb2ea</load_address>
         <run_address>0xb2ea</run_address>
         <size>0x369</size>
         <input_file_ref idref="fl-2"/>
      </object_component>
      <object_component id="oc-3da">
         <name>.debug_info</name>
         <load_address>0xb653</load_address>
         <run_address>0xb653</run_address>
         <size>0x212</size>
         <input_file_ref idref="fl-2"/>
      </object_component>
      <object_component id="oc-3df">
         <name>.debug_info</name>
         <load_address>0xb865</load_address>
         <run_address>0xb865</run_address>
         <size>0x1b6</size>
         <input_file_ref idref="fl-2"/>
      </object_component>
      <object_component id="oc-300">
         <name>.debug_info</name>
         <load_address>0xba1b</load_address>
         <run_address>0xba1b</run_address>
         <size>0x143</size>
         <input_file_ref idref="fl-2"/>
      </object_component>
      <object_component id="oc-3e4">
         <name>.debug_info</name>
         <load_address>0xbb5e</load_address>
         <run_address>0xbb5e</run_address>
         <size>0x56a</size>
         <input_file_ref idref="fl-2"/>
      </object_component>
      <object_component id="oc-3ee">
         <name>.debug_info</name>
         <load_address>0xc0c8</load_address>
         <run_address>0xc0c8</run_address>
         <size>0x102</size>
         <input_file_ref idref="fl-2"/>
      </object_component>
      <object_component id="oc-3f3">
         <name>.debug_info</name>
         <load_address>0xc1ca</load_address>
         <run_address>0xc1ca</run_address>
         <size>0x235</size>
         <input_file_ref idref="fl-2"/>
      </object_component>
      <object_component id="oc-3f8">
         <name>.debug_info</name>
         <load_address>0xc3ff</load_address>
         <run_address>0xc3ff</run_address>
[...]
      </symbol>
      <symbol id="sm-65b">
         <name>ClockP_getTicks</name>
         <value>0x2d15</value>
         <object_component_ref idref="oc-499"/>
      </symbol>
      <symbol id="sm-65c">
         <name>ClockP_add</name>
         <value>0x2d81</value>
         <object_component_ref idref="oc-394"/>
      </symbol>
      <symbol id="sm-6f1">
         <name>TimerP_setNextTick</name>
         <value>0x2af1</value>
         <object_component_ref idref="oc-5a0"/>
      </symbol>
      <symbol id="sm-6f2">
         <name>TimerP_getCurrentTick</name>
         <value>0x2bb5</value>
         <object_component_ref idref="oc-48d"/>
      </symbol>
      <symbol id="sm-6f3">
         <name>TimerP_getCount64</name>
         <value>0x32fb</value>
         <object_component_ref idref="oc-58d"/>
      </symbol>
      <symbol id="sm-6f4">
         <name>TimerP_setThreshold</name>
         <value>0x2be5</value>
         <object_component_ref idref="oc-671"/>
      </symbol>
      <symbol id="sm-6f5">
         <name>TimerP_dynamicStub</name>
         <value>0x2f19</value>
         <object_component_ref idref="oc-650"/>
      </symbol>
      <symbol id="sm-6f6">
         <name>TimerP_getMaxTicks</name>
         <value>0x2d5d</value>
         <object_component_ref idref="oc-573"/>
      </symbol>
      <symbol id="sm-6f7">
         <name>TimerP_construct</name>
         <value>0x1571</value>
         <object_component_ref idref="oc-56d"/>
      </symbol>
      <symbol id="sm-6f8">
         <name>TimerP_getFreq</name>
         <value>0x32ad</value>
         <object_component_ref idref="oc-579"/>
      </symbol>
      <symbol id="sm-6f9">
         <name>TimerP_initDevice</name>
         <value>0x2abd</value>
         <object_component_ref idref="oc-644"/>
      </symbol>
      <symbol id="sm-6fa">
         <name>TimerP_startup</name>
         <value>0x30f5</value>
         <object_component_ref idref="oc-64a"/>
      </symbol>
      <symbol id="sm-6fb">
         <name>TimerP_start</name>
         <value>0x1f19</value>
         <object_component_ref idref="oc-6e8"/>
      </symbol>
      <symbol id="sm-6fc">
         <name>TimerP_Params_init</name>
         <value>0x31f9</value>
         <object_component_ref idref="oc-567"/>
      </symbol>
      <symbol id="sm-75b">
         <name>HwiP_construct</name>
         <value>0x1d41</value>
         <object_component_ref idref="oc-267"/>
      </symbol>
      <symbol id="sm-75c">
         <name>HwiP_inISR</name>
         <value>0x2f69</value>
         <object_component_ref idref="oc-3b7"/>
      </symbol>
      <symbol id="sm-75d">
         <name>HwiP_swiPIntNum</name>
         <value>0x2000022c</value>
         <object_component_ref idref="oc-354"/>
      </symbol>
      <symbol id="sm-75e">
         <name>HwiP_Params_init</name>
         <value>0x3145</value>
         <object_component_ref idref="oc-261"/>
      </symbol>
      <symbol id="sm-75f">
         <name>HwiP_disable</name>
         <value>0x3169</value>
         <object_component_ref idref="oc-31e"/>
      </symbol>
      <symbol id="sm-760">
         <name>HwiP_post</name>
         <value>0x3179</value>
         <object_component_ref idref="oc-636"/>
      </symbol>
      <symbol id="sm-761">
         <name>HwiP_restore</name>
         <value>0x32c5</value>
         <object_component_ref idref="oc-324"/>
      </symbol>
      <symbol id="sm-79c">
         <name>PowerCC26XX_schedulerDisable</name>
         <value>0x31b9</value>
         <object_component_ref idref="oc-67b"/>
      </symbol>
      <symbol id="sm-79d">
         <name>PowerCC26XX_schedulerRestore</name>
         <value>0x327d</value>
         <object_component_ref idref="oc-681"/>
      </symbol>
      <symbol id="sm-79e">
         <name>PowerCC26XX_standbyPolicy</name>
         <value>0xf99</value>
         <object_component_ref idref="oc-4a0"/>
      </symbol>
      <symbol id="sm-7cf">
         <name>resetISR</name>
         <value>0x311d</value>
         <object_component_ref idref="oc-2a"/>
      </symbol>
      <symbol id="sm-7d0">
         <name>g_pfnVectors</name>
         <value>0x0</value>
         <object_component_ref idref="oc-15"/>
      </symbol>
      <symbol id="sm-80d">
         <name>QueueP_next</name>
         <value>0x32f7</value>
         <object_component_ref idref="oc-6f6"/>
      </symbol>
      <symbol id="sm-80e">
         <name>QueueP_put</name>
         <value>0x2ec5</value>
         <object_component_ref idref="oc-483"/>
      </symbol>
      <symbol id="sm-80f">
         <name>QueueP_remove</name>
         <value>0x3225</value>
         <object_component_ref idref="oc-549"/>
      </symbol>
      <symbol id="sm-810">
         <name>QueueP_head</name>
         <value>0x32f3</value>
         <object_component_ref idref="oc-6f0"/>
      </symbol>
      <symbol id="sm-811">
         <name>QueueP_init</name>
         <value>0x32d9</value>
         <object_component_ref idref="oc-35e"/>
      </symbol>
      <symbol id="sm-812">
         <name>QueueP_empty</name>
         <value>0x3217</value>
         <object_component_ref idref="oc-62f"/>
      </symbol>
      <symbol id="sm-813">
         <name>QueueP_get</name>
         <value>0x2f35</value>
         <object_component_ref idref="oc-629"/>
      </symbol>
      <symbol id="sm-825">
         <name>SafeHapiVoid</name>
         <value>0x2ced</value>
         <object_component_ref idref="oc-600"/>
      </symbol>
      <symbol id="sm-832">
         <name>NOROM_AONBatMonTemperatureGetDegC</name>
         <value>0x2cc5</value>
         <object_component_ref idref="oc-6b3"/>
      </symbol>
      <symbol id="sm-851">
         <name>NOROM_AONRTCCurrentCompareValueGet</name>
         <value>0x2f81</value>
         <object_component_ref idref="oc-606"/>
      </symbol>
      <symbol id="sm-852">
         <name>NOROM_AONRTCCurrent64BitValueGet</name>
         <value>0x30b9</value>
         <object_component_ref idref="oc-661"/>
      </symbol>
      <symbol id="sm-88b">
         <name>NOROM_ChipInfo_GetChipType</name>
         <value>0x2b25</value>
         <object_component_ref idref="oc-237"/>
      </symbol>
      <symbol id="sm-88c">
         <name>NOROM_ChipInfo_GetHwRevision</name>
         <value>0x2891</value>
         <object_component_ref idref="oc-fe"/>
      </symbol>
      <symbol id="sm-88d">
         <name>NOROM_ThisLibraryIsFor_CC13x0_HwRev20AndLater_HaltIfViolated</name>
         <value>0x30a1</value>
         <object_component_ref idref="oc-ae"/>
      </symbol>
      <symbol id="sm-88e">
         <name>NOROM_ChipInfo_GetChipFamily</name>
         <value>0x2e39</value>
         <object_component_ref idref="oc-f8"/>
      </symbol>
      <symbol id="sm-88f">
         <name>NOROM_ChipInfo_GetPackageType</name>
         <value>0x2f99</value>
         <object_component_ref idref="oc-23d"/>
      </symbol>
      <symbol id="sm-8a3">
         <name>NOROM_CPUdelay</name>
         <value>0x32d3</value>
         <object_component_ref idref="oc-4e9"/>
      </symbol>
      <symbol id="sm-8a4">
         <name>NOROM_CPUcpsie</name>
         <value>0x3265</value>
         <object_component_ref idref="oc-203"/>
      </symbol>
      <symbol id="sm-8a5">
         <name>NOROM_CPUcpsid</name>
         <value>0x3259</value>
         <object_component_ref idref="oc-6f"/>
      </symbol>
      <symbol id="sm-8ab">
         <name>driverlib_release_0_50218</name>
         <value>0x2000056d</value>
      </symbol>
      <symbol id="sm-8c4">
         <name>NOROM_IntRegister</name>
         <value>0x29ed</value>
         <object_component_ref idref="oc-348"/>
      </symbol>
      <symbol id="sm-8c5">
         <name>g_pfnRAMVectors</name>
         <value>0x20000600</value>
         <object_component_ref idref="oc-518"/>
      </symbol>
      <symbol id="sm-925">
         <name>NOROM_OSCHF_TurnOnXosc</name>
         <value>0x2fb1</value>
         <object_component_ref idref="oc-612"/>
      </symbol>
      <symbol id="sm-926">
         <name>NOROM_OSC_HPOSCRelativeFrequencyOffsetToRFCoreFormatConvert</name>
         <value>0x3271</value>
         <object_component_ref idref="oc-6bf"/>
      </symbol>
      <symbol id="sm-927">
         <name>NOROM_OSCHF_AttemptToSwitchToXosc</name>
         <value>0x233d</value>
         <object_component_ref idref="oc-4bb"/>
      </symbol>
      <symbol id="sm-928">
         <name>NOROM_OSCClockSourceSet</name>
         <value>0x2405</value>
         <object_component_ref idref="oc-1ad"/>
      </symbol>
      <symbol id="sm-929">
         <name>NOROM_OSCClockSourceGet</name>
         <value>0x2c6d</value>
         <object_component_ref idref="oc-1a7"/>
      </symbol>
      <symbol id="sm-92a">
         <name>NOROM_OSCHF_SwitchToRcOscTurnOffXosc</name>
         <value>0x2a21</value>
         <object_component_ref idref="oc-618"/>
      </symbol>
      <symbol id="sm-92b">
         <name>NOROM_OSC_HPOSCRelativeFrequencyOffsetGet</name>
         <value>0x28cd</value>
         <object_component_ref idref="oc-6b9"/>
      </symbol>
      <symbol id="sm-95f">
         <name>NOROM_SetupTrimDevice</name>
         <value>0x16c9</value>
         <object_component_ref idref="oc-75"/>
      </symbol>
      <symbol id="sm-a6e">
         <name>NOROM_SetupGetTrimForRadcExtCfg</name>
         <value>0x2c99</value>
         <object_component_ref idref="oc-199"/>
      </symbol>
      <symbol id="sm-a6f">
         <name>NOROM_SetupGetTrimForAmpcompCtrl</name>
         <value>0x2065</value>
         <object_component_ref idref="oc-16f"/>
      </symbol>
      <symbol id="sm-a70">
         <name>NOROM_SetupSetAonRtcSubSecInc</name>
         <value>0x2b55</value>
         <object_component_ref idref="oc-1b3"/>
      </symbol>
      <symbol id="sm-a71">
         <name>NOROM_SetupGetTrimForAnabypassValue1</name>
         <value>0x20cd</value>
         <object_component_ref idref="oc-14b"/>
      </symbol>
      <symbol id="sm-a72">
         <name>NOROM_SetupGetTrimForXoscHfIbiastherm</name>
         <value>0x3199</value>
         <object_component_ref idref="oc-15d"/>
      </symbol>
      <symbol id="sm-a73">
         <name>NOROM_SetupGetTrimForRcOscLfIBiasTrim</name>
         <value>0x3029</value>
         <object_component_ref idref="oc-18d"/>
      </symbol>
      <symbol id="sm-a74">
         <name>NOROM_SetupSetCacheModeAccordingToCcfgSetting</name>
         <value>0x25c9</value>
         <object_component_ref idref="oc-b4"/>
      </symbol>
      <symbol id="sm-a75">
         <name>NOROM_SetupAfterColdResetWakeupFromShutDownCfg1</name>
         <value>0x1771</value>
         <object_component_ref idref="oc-106"/>
      </symbol>
      <symbol id="sm-a76">
         <name>NOROM_SetupAfterColdResetWakeupFromShutDownCfg3</name>
         <value>0xd61</value>
         <object_component_ref idref="oc-112"/>
      </symbol>
      <symbol id="sm-a77">
         <name>NOROM_SetupAfterColdResetWakeupFromShutDownCfg2</name>
         <value>0x1099</value>
         <object_component_ref idref="oc-10c"/>
      </symbol>
      <symbol id="sm-a78">
         <name>NOROM_SetupGetTrimForRcOscLfRtuneCtuneTrim</name>
         <value>0x2e71</value>
         <object_component_ref idref="oc-157"/>
      </symbol>
      <symbol id="sm-a79">
         <name>NOROM_SetupGetTrimForXoscHfFastStart</name>
         <value>0x3189</value>
         <object_component_ref idref="oc-1a1"/>
      </symbol>
      <symbol id="sm-a7a">
         <name>NOROM_SetupGetTrimForXoscLfRegulatorAndCmirrwrRatio</name>
         <value>0x3041</value>
         <object_component_ref idref="oc-193"/>
      </symbol>
      <symbol id="sm-a7b">
         <name>NOROM_SetupGetTrimForXoscHfCtl</name>
         <value>0x2da1</value>
         <object_component_ref idref="oc-181"/>
      </symbol>
      <symbol id="sm-a7c">
         <name>NOROM_SetupGetTrimForDblrLoopFilterResetVoltage</name>
         <value>0x3011</value>
         <object_component_ref idref="oc-187"/>
      </symbol>
      <symbol id="sm-a7d">
         <name>NOROM_SetupGetTrimForAdcShModeEn</name>
         <value>0x2fc9</value>
         <object_component_ref idref="oc-175"/>
      </symbol>
      <symbol id="sm-a7e">
         <name>NOROM_SetupGetTrimForAdcShVbufEn</name>
         <value>0x2fe1</value>
         <object_component_ref idref="oc-17b"/>
      </symbol>
      <symbol id="sm-a7f">
         <name>NOROM_SetupSetVddrLevel</name>
         <value>0x1ea5</value>
         <object_component_ref idref="oc-144"/>
      </symbol>
      <symbol id="sm-a80">
         <name>NOROM_SetupGetTrimForAmpcompTh1</name>
         <value>0x2ff9</value>
         <object_component_ref idref="oc-169"/>
      </symbol>
      <symbol id="sm-a81">
         <name>NOROM_SetupGetTrimForAmpcompTh2</name>
         <value>0x2e55</value>
         <object_component_ref idref="oc-163"/>
      </symbol>
      <symbol id="sm-ad3">
         <name>NOROM_SysCtrl_DCDC_VoltageConditionalControl</name>
         <value>0x219d</value>
         <object_component_ref idref="oc-5a8"/>
      </symbol>
      <symbol id="sm-ad4">
         <name>NOROM_SysCtrlAdjustRechargeAfterPowerDown</name>
         <value>0x2135</value>
         <object_component_ref idref="oc-69f"/>
      </symbol>
      <symbol id="sm-ad5">
         <name>NOROM_SysCtrlSetRechargeBeforePowerDown</name>
         <value>0x3d5</value>
         <object_component_ref idref="oc-693"/>
      </symbol>
      <symbol id="sm-ae2">
         <name>NOROM_VIMSModeGet</name>
         <value>0x3209</value>
         <object_component_ref idref="oc-5c6"/>
      </symbol>
      <symbol id="sm-af4">
         <name>NOROM_DDI32RegWrite</name>
         <value>0x2c41</value>
         <object_component_ref idref="oc-151"/>
      </symbol>
      <symbol id="sm-b04">
         <name>_c_int00</name>
         <value>0x2851</value>
         <object_component_ref idref="oc-7b"/>
      </symbol>
      <symbol id="sm-b05">
         <name>__stack</name>
         <value>0x20004c00</value>
         <object_component_ref idref="oc-33"/>
      </symbol>
      <symbol id="sm-b23">
         <name>__TI_decompress_lzss</name>
         <value>0x226d</value>
         <object_component_ref idref="oc-18"/>
      </symbol>
      <symbol id="sm-b3a">
         <name>__TI_decompress_none</name>
         <value>0x3233</value>
         <object_component_ref idref="oc-1e"/>
      </symbol>
      <symbol id="sm-b51">
         <name>__TI_zero_init</name>
         <value>0x32b9</value>
         <object_component_ref idref="oc-24"/>
      </symbol>
      <symbol id="sm-b72">
         <name>C$$EXIT</name>
         <value>0x2575</value>
         <object_component_ref idref="oc-d9"/>
      </symbol>
      <symbol id="sm-b73">
         <name>abort</name>
         <value>0x2579</value>
         <object_component_ref idref="oc-d9"/>
      </symbol>
      <symbol id="sm-b74">
         <name>exit</name>
         <value>0x2581</value>
         <object_component_ref idref="oc-d9"/>
      </symbol>
      <symbol id="sm-b75">
         <name>__TI_dtors_ptr</name>
         <value>0x200003f8</value>
         <object_component_ref idref="oc-132"/>
      </symbol>
      <symbol id="sm-b76">
         <name>__TI_cleanup_ptr</name>
         <value>0x200003f4</value>
         <object_component_ref idref="oc-132"/>
      </symbol>
      <symbol id="sm-b77">
         <name>__TI_enable_exit_profile_output</name>
         <value>0x200003fc</value>
         <object_component_ref idref="oc-132"/>
      </symbol>
      <symbol id="sm-b86">
         <name>__aeabi_lmul</name>
         <value>0x3089</value>
         <object_component_ref idref="oc-598"/>
      </symbol>
      <symbol id="sm-ba1">
         <name>memcpy</name>
         <value>0x19f5</value>
         <object_component_ref idref="oc-57"/>
      </symbol>
      <symbol id="sm-ba2">
         <name>__aeabi_memcpy</name>
         <value>0x19f5</value>
         <object_component_ref idref="oc-57"/>
      </symbol>
      <symbol id="sm-ba3">
         <name>__aeabi_memcpy8</name>
         <value>0x19f5</value>
         <object_component_ref idref="oc-57"/>
      </symbol>
      <symbol id="sm-ba4">
         <name>__aeabi_memcpy4</name>
         <value>0x19f5</value>
         <object_component_ref idref="oc-57"/>
      </symbol>
      <symbol id="sm-bb9">
         <name>_sys_memory</name>
         <value>0x20000410</value>
         <object_component_ref idref="oc-34"/>
      </symbol>
      <symbol id="sm-bc8">
         <name>__aeabi_memset</name>
         <value>0x1cc7</value>
         <object_component_ref idref="oc-63"/>
      </symbol>
      <symbol id="sm-bc9">
         <name>memset</name>
         <value>0x1ccd</value>
         <object_component_ref idref="oc-63"/>
      </symbol>
      <symbol id="sm-bca">
         <name>__aeabi_memset8</name>
         <value>0x1cc7</value>
         <object_component_ref idref="oc-63"/>
      </symbol>
      <symbol id="sm-bcb">
         <name>__aeabi_memset4</name>
         <value>0x1cc7</value>
         <object_component_ref idref="oc-63"/>
      </symbol>
      <symbol id="sm-bcc">
         <name>__aeabi_memclr8</name>
         <value>0x1cc5</value>
         <object_component_ref idref="oc-63"/>
      </symbol>
      <symbol id="sm-bcd">
         <name>__aeabi_memclr4</name>
         <value>0x1cc5</value>
         <object_component_ref idref="oc-63"/>
      </symbol>
      <symbol id="sm-bce">
         <name>__aeabi_memclr</name>
         <value>0x1cc5</value>
         <object_component_ref idref="oc-63"/>
      </symbol>
      <symbol id="sm-bd8">
         <name>__mpu_init</name>
         <value>0x3157</value>
         <object_component_ref idref="oc-c1"/>
      </symbol>
      <symbol id="sm-be2">
         <name>_system_pre_init</name>
         <value>0x3303</value>
         <object_component_ref idref="oc-c7"/>
      </symbol>
      <symbol id="sm-bea">
         <name>main_func_sp</name>
         <value>0x20000408</value>
         <object_component_ref idref="oc-df"/>
      </symbol>
      <symbol id="sm-c08">
         <name>__aeabi_uldivmod</name>
         <value>0x821</value>
         <object_component_ref idref="oc-593"/>
      </symbol>
      <symbol id="sm-c21">
         <name>_nop</name>
         <value>0x313f</value>
         <object_component_ref idref="oc-1f5"/>
      </symbol>
      <symbol id="sm-c22">
         <name>_lock</name>
         <value>0x20000400</value>
         <object_component_ref idref="oc-135"/>
      </symbol>
      <symbol id="sm-c23">
         <name>_unlock</name>
         <value>0x20000404</value>
         <object_component_ref idref="oc-135"/>
      </symbol>
      <symbol id="sm-c24">
         <name>_register_lock</name>
         <value>0x3137</value>
         <object_component_ref idref="oc-1f5"/>
      </symbol>
      <symbol id="sm-c25">
         <name>_register_unlock</name>
         <value>0x3131</value>
         <object_component_ref idref="oc-1f5"/>
      </symbol>
      <symbol id="sm-c39">
         <name>_args_main</name>
         <value>0x3071</value>
         <object_component_ref idref="oc-d3"/>
      </symbol>
      <symbol id="sm-c63">
         <name>__TI_auto_init</name>
         <value>0x1f89</value>
         <object_component_ref idref="oc-cd"/>
      </symbol>
      <symbol id="sm-c7d">
         <name>copy_in</name>
         <value>0x26b5</value>
         <object_component_ref idref="oc-11c"/>
      </symbol>
      <symbol id="sm-c88">
         <name>_system_post_cinit</name>
         <value>0x3307</value>
         <object_component_ref idref="oc-122"/>
      </symbol>
      <symbol id="sm-c89">
         <name>__TI_static_base__</name>
         <value>0x0</value>
      </symbol>
      <symbol id="sm-c8c">
         <name>SHT$$INIT_ARRAY$$Limit</name>
         <value>0x0</value>
      </symbol>
      <symbol id="sm-c8d">
         <name>SHT$$INIT_ARRAY$$Base</name>
         <value>0x0</value>
      </symbol>
   </symbol_table>
   <title>Link successful</title>
</link_info>
