###############################################################################
#
# IAR ELF Linker V7.50.2.10312/W32 for ARM                25/Nov/2016  14:54:20
# Copyright 2007-2015 IAR Systems AB.
#
#    Output file  =  
#        C:\igs_svn_data\PROJECT_01\02_FW\02_WSCM\02_CC2538_PER_TEST\ide\srf06eb_cc2538\iar\per_test.out
#    Map file     =  
#        C:\igs_svn_data\PROJECT_01\02_FW\02_WSCM\02_CC2538_PER_TEST\ide\srf06eb_cc2538\iar\temp\per_test.map
#    Command line =  
#        C:\igs_svn_data\PROJECT_01\02_FW\02_WSCM\02_CC2538_PER_TEST\ide\srf06eb_cc2538\iar\temp\per_test\CC2538\basic_rf.o
#        C:\igs_svn_data\PROJECT_01\02_FW\02_WSCM\02_CC2538_PER_TEST\ide\srf06eb_cc2538\iar\temp\per_test\CC2538\bsp.o
#        C:\igs_svn_data\PROJECT_01\02_FW\02_WSCM\02_CC2538_PER_TEST\ide\srf06eb_cc2538\iar\temp\per_test\CC2538\bsp_key.o
#        C:\igs_svn_data\PROJECT_01\02_FW\02_WSCM\02_CC2538_PER_TEST\ide\srf06eb_cc2538\iar\temp\per_test\CC2538\bsp_led.o
#        C:\igs_svn_data\PROJECT_01\02_FW\02_WSCM\02_CC2538_PER_TEST\ide\srf06eb_cc2538\iar\temp\per_test\CC2538\cpu.o
#        C:\igs_svn_data\PROJECT_01\02_FW\02_WSCM\02_CC2538_PER_TEST\ide\srf06eb_cc2538\iar\temp\per_test\CC2538\gpio.o
#        C:\igs_svn_data\PROJECT_01\02_FW\02_WSCM\02_CC2538_PER_TEST\ide\srf06eb_cc2538\iar\temp\per_test\CC2538\gptimer.o
#        C:\igs_svn_data\PROJECT_01\02_FW\02_WSCM\02_CC2538_PER_TEST\ide\srf06eb_cc2538\iar\temp\per_test\CC2538\hal_int.o
#        C:\igs_svn_data\PROJECT_01\02_FW\02_WSCM\02_CC2538_PER_TEST\ide\srf06eb_cc2538\iar\temp\per_test\CC2538\hal_rf.o
#        C:\igs_svn_data\PROJECT_01\02_FW\02_WSCM\02_CC2538_PER_TEST\ide\srf06eb_cc2538\iar\temp\per_test\CC2538\hal_timer_32k.o
#        C:\igs_svn_data\PROJECT_01\02_FW\02_WSCM\02_CC2538_PER_TEST\ide\srf06eb_cc2538\iar\temp\per_test\CC2538\interrupt.o
#        C:\igs_svn_data\PROJECT_01\02_FW\02_WSCM\02_CC2538_PER_TEST\ide\srf06eb_cc2538\iar\temp\per_test\CC2538\io_pin_int.o
#        C:\igs_svn_data\PROJECT_01\02_FW\02_WSCM\02_CC2538_PER_TEST\ide\srf06eb_cc2538\iar\temp\per_test\CC2538\ioc.o
#        C:\igs_svn_data\PROJECT_01\02_FW\02_WSCM\02_CC2538_PER_TEST\ide\srf06eb_cc2538\iar\temp\per_test\CC2538\lcd_dogm128_6.o
#        C:\igs_svn_data\PROJECT_01\02_FW\02_WSCM\02_CC2538_PER_TEST\ide\srf06eb_cc2538\iar\temp\per_test\CC2538\lcd_dogm128_6_alphabet.o
#        C:\igs_svn_data\PROJECT_01\02_FW\02_WSCM\02_CC2538_PER_TEST\ide\srf06eb_cc2538\iar\temp\per_test\CC2538\lcd_dogm128_6_ti_logo.o
#        C:\igs_svn_data\PROJECT_01\02_FW\02_WSCM\02_CC2538_PER_TEST\ide\srf06eb_cc2538\iar\temp\per_test\CC2538\lcd_srf06eb.o
#        C:\igs_svn_data\PROJECT_01\02_FW\02_WSCM\02_CC2538_PER_TEST\ide\srf06eb_cc2538\iar\temp\per_test\CC2538\per_test.o
#        C:\igs_svn_data\PROJECT_01\02_FW\02_WSCM\02_CC2538_PER_TEST\ide\srf06eb_cc2538\iar\temp\per_test\CC2538\per_test_menu.o
#        C:\igs_svn_data\PROJECT_01\02_FW\02_WSCM\02_CC2538_PER_TEST\ide\srf06eb_cc2538\iar\temp\per_test\CC2538\setup.o
#        C:\igs_svn_data\PROJECT_01\02_FW\02_WSCM\02_CC2538_PER_TEST\ide\srf06eb_cc2538\iar\temp\per_test\CC2538\sleepmode.o
#        C:\igs_svn_data\PROJECT_01\02_FW\02_WSCM\02_CC2538_PER_TEST\ide\srf06eb_cc2538\iar\temp\per_test\CC2538\ssi.o
#        C:\igs_svn_data\PROJECT_01\02_FW\02_WSCM\02_CC2538_PER_TEST\ide\srf06eb_cc2538\iar\temp\per_test\CC2538\startup_iar.o
#        C:\igs_svn_data\PROJECT_01\02_FW\02_WSCM\02_CC2538_PER_TEST\ide\srf06eb_cc2538\iar\temp\per_test\CC2538\sys_ctrl.o
#        C:\igs_svn_data\PROJECT_01\02_FW\02_WSCM\02_CC2538_PER_TEST\ide\srf06eb_cc2538\iar\temp\per_test\CC2538\util_menu_driver.o
#        C:\igs_svn_data\PROJECT_01\02_FW\02_WSCM\02_CC2538_PER_TEST\ide\srf06eb_cc2538\iar\temp\per_test\CC2538\util_menu_system.o
#        C:\igs_svn_data\PROJECT_01\02_FW\02_WSCM\02_CC2538_PER_TEST\ide\srf06eb_cc2538\iar\temp\per_test\CC2538\watchdog.o
#        -o
#        C:\igs_svn_data\PROJECT_01\02_FW\02_WSCM\02_CC2538_PER_TEST\ide\srf06eb_cc2538\iar\per_test.out
#        --map
#        C:\igs_svn_data\PROJECT_01\02_FW\02_WSCM\02_CC2538_PER_TEST\ide\srf06eb_cc2538\iar\temp\per_test.map
#        --config "C:\Program Files (x86)\IAR Systems\Embedded Workbench
#        7.3\arm\config\linker\TexasInstruments\cx2538xf53.icf" --semihosting
#        --entry __iar_program_start --vfe
#
###############################################################################

*******************************************************************************
*** RUNTIME MODEL ATTRIBUTES
***

CppFlavor       = *
__SystemLibrary = DLib


*******************************************************************************
*** PLACEMENT SUMMARY
***

"A1":  place at 0x00200000 { ro section .intvec };
"A2":  place at start of [0x0027ffd4-0x0027ffdf] { ro section .flashcca };
"P1":  place in [from 0x00200000 to 0x0027ffd3] { ro };
"A3":  place at start of [0x20004000-0x20007fff] { section VTABLE };
"P2":  place in [from 0x20004000 to 0x20007fff] { rw, block HEAP };
"A4":  place at end of [0x20004000-0x20007fff] { block CSTACK };

  Section            Kind        Address    Size  Object
  -------            ----        -------    ----  ------
"A1":                                      0x100
  .intvec            const    0x00200000   0x100  startup_iar.o [1]
                            - 0x00200100   0x100

"P1":                                     0x5550
  .text              ro code  0x00200100   0x8d0  util_menu_driver.o [1]
  .text              ro code  0x002009d0   0x734  lcd_dogm128_6.o [1]
  .text              ro code  0x00201104   0x226  util_menu_system.o [1]
  .text              ro code  0x0020132a    0x76  lz77_init_single.o [5]
  .text              ro code  0x002013a0    0x24  FltCmpLe.o [4]
  .text              ro code  0x002013c4    0xd8  FltMul.o [4]
  .text              ro code  0x0020149c    0x44  FltToS32.o [4]
  .text              ro code  0x002014e0    0x32  I32ToFlt.o [4]
  .rodata            const    0x00201512     0x2  per_test_menu.o [1]
  .text              ro code  0x00201514    0xe6  FltSub.o [4]
  .rodata            const    0x002015fa     0x2  per_test_menu.o [1]
  .text              ro code  0x002015fc    0x4e  FltToDbl.o [4]
  .rodata            const    0x0020164a     0x2  per_test_menu.o [1]
  .text              ro code  0x0020164c   0x1a2  DblMul.o [4]
  .rodata            const    0x002017ee     0x2  per_test_menu.o [1]
  .text              ro code  0x002017f0    0x4c  DblToI32.o [4]
  .text              ro code  0x0020183c   0x180  DblSub.o [4]
  .text              ro code  0x002019bc    0x2e  DblCmpGe.o [4]
  .rodata            const    0x002019ea     0x2  per_test_menu.o [1]
  .text              ro code  0x002019ec   0x114  lcd_srf06eb.o [1]
  .text              ro code  0x00201b00    0x90  DblToFlt.o [4]
  .text              ro code  0x00201b90    0x24  FltCmpGe.o [4]
  .text              ro code  0x00201bb4    0x74  FltAdd.o [4]
  .text              ro code  0x00201c28    0xd4  DblAdd.o [4]
  .text              ro code  0x00201cfc   0x21c  bsp.o [1]
  .text              ro code  0x00201f18   0x1bc  gpio.o [1]
  .text              ro code  0x002020d4   0x170  sys_ctrl.o [1]
  .text              ro code  0x00202244    0x8e  ssi.o [1]
  .rodata            const    0x002022d2     0x2  per_test_menu.o [1]
  .text              ro code  0x002022d4   0x1c4  interrupt.o [1]
  .text              ro code  0x00202498   0x23c  ioc.o [1]
  .text              ro code  0x002026d4    0x10  cpu.o [1]
  .text              ro code  0x002026e4   0x764  per_test.o [1]
  .text              ro code  0x00202e48   0x39e  bsp_key.o [1]
  .text              ro code  0x002031e6    0x10  hal_int.o [1]
  .rodata            const    0x002031f6     0x2  per_test_menu.o [1]
  .text              ro code  0x002031f8   0x2f4  basic_rf.o [1]
  .text              ro code  0x002034ec   0x3a8  hal_rf.o [1]
  .text              ro code  0x00203894    0x38  bsp_led.o [1]
  .text              ro code  0x002038cc    0xfc  FltDiv.o [4]
  .text              ro code  0x002039c8     0x6  ABImemclr4.o [5]
  .rodata            const    0x002039ce     0x2  per_test_menu.o [1]
  .text              ro code  0x002039d0    0x88  hal_timer_32k.o [1]
  .text              ro code  0x00203a58   0x460  io_pin_int.o [1]
  .text              ro code  0x00203eb8    0x32  ABImemset48.o [5]
  .rodata            const    0x00203eea     0x2  per_test_menu.o [1]
  .text              ro code  0x00203eec    0x6c  sleepmode.o [1]
  .rodata            const    0x00203f58   0x400  lcd_dogm128_6_ti_logo.o [1]
  .rodata            const    0x00204358   0x220  per_test_menu.o [1]
  .rodata            const    0x00204578   0x1d8  lcd_dogm128_6_alphabet.o [1]
  .rodata            const    0x00204750   0x100  per_test_menu.o [1]
  .rodata            const    0x00204850    0xe0  per_test_menu.o [1]
  .rodata            const    0x00204930    0xe0  per_test_menu.o [1]
  .rodata            const    0x00204a10    0xe0  per_test_menu.o [1]
  .text              ro code  0x00204af0    0xd0  per_test_menu.o [1]
  .rodata            const    0x00204bc0    0xc0  per_test_menu.o [1]
  .rodata            const    0x00204c80    0xa4  interrupt.o [1]
  .rodata            const    0x00204d24    0xa0  per_test_menu.o [1]
  .rodata            const    0x00204dc4    0x60  per_test_menu.o [1]
  .rodata            const    0x00204e24    0x60  per_test_menu.o [1]
  .rodata            const    0x00204e84    0x60  per_test_menu.o [1]
  .text              ro code  0x00204ee4    0x40  zero_init3.o [5]
  .text              ro code  0x00204f24    0x3e  startup_iar.o [1]
  .text              ro code  0x00204f62     0xc  cstartup_M.o [5]
  .rodata            const    0x00204f6e     0x1  per_test_menu.o [1]
  .text              ro code  0x00204f70    0x1a  cmain.o [5]
  .text              ro code  0x00204f8a     0x4  low_level_init.o [3]
  .text              ro code  0x00204f90    0x28  data_init.o [5]
  .text              ro code  0x00204fb8     0x4  exit.o [3]
  .text              ro code  0x00204fbc     0xa  cexit.o [5]
  .text              ro code  0x00204fc8    0x14  exit.o [6]
  .iar.init_table    const    0x00204fdc    0x28  - Linker created -
  .rodata            const    0x00205004    0x20  ioc.o [1]
  .rodata            const    0x00205024    0x20  ioc.o [1]
  .rodata            const    0x00205044    0x20  ioc.o [1]
  .rodata            const    0x00205064    0x20  ioc.o [1]
  .rodata            const    0x00205084    0x20  ioc.o [1]
  .rodata            const    0x002050a4    0x20  ioc.o [1]
  .rodata            const    0x002050c4    0x20  ioc.o [1]
  .rodata            const    0x002050e4    0x20  ioc.o [1]
  .rodata            const    0x00205104    0x18  per_test.o [1]
  .rodata            const    0x0020511c    0x18  sys_ctrl.o [1]
  .rodata            const    0x00205134    0x14  interrupt.o [1]
  .rodata            const    0x00205148    0x14  interrupt.o [1]
  .rodata            const    0x0020515c    0x14  interrupt.o [1]
  .rodata            const    0x00205170    0x14  lcd_srf06eb.o [1]
  .rodata            const    0x00205184    0x14  per_test.o [1]
  .rodata            const    0x00205198    0x14  per_test.o [1]
  .rodata            const    0x002051ac    0x14  per_test.o [1]
  .rodata            const    0x002051c0    0x14  per_test.o [1]
  .rodata            const    0x002051d4    0x14  per_test.o [1]
  .rodata            const    0x002051e8    0x14  per_test.o [1]
  .rodata            const    0x002051fc    0x14  per_test_menu.o [1]
  .rodata            const    0x00205210    0x14  per_test_menu.o [1]
  .rodata            const    0x00205224    0x14  per_test_menu.o [1]
  .rodata            const    0x00205238    0x14  per_test_menu.o [1]
  .rodata            const    0x0020524c    0x14  per_test_menu.o [1]
  .rodata            const    0x00205260    0x14  per_test_menu.o [1]
  .rodata            const    0x00205274    0x14  per_test_menu.o [1]
  .rodata            const    0x00205288    0x14  per_test_menu.o [1]
  .rodata            const    0x0020529c    0x14  per_test_menu.o [1]
  .rodata            const    0x002052b0    0x14  per_test_menu.o [1]
  .rodata            const    0x002052c4    0x14  per_test_menu.o [1]
  .rodata            const    0x002052d8    0x14  per_test_menu.o [1]
  .rodata            const    0x002052ec    0x14  per_test_menu.o [1]
  .rodata            const    0x00205300    0x14  per_test_menu.o [1]
  .rodata            const    0x00205314    0x14  per_test_menu.o [1]
  .rodata            const    0x00205328    0x14  per_test_menu.o [1]
  .rodata            const    0x0020533c    0x14  per_test_menu.o [1]
  .rodata            const    0x00205350    0x14  per_test_menu.o [1]
  .rodata            const    0x00205364    0x14  per_test_menu.o [1]
  .rodata            const    0x00205378    0x10  per_test.o [1]
  .rodata            const    0x00205388    0x10  per_test.o [1]
  .rodata            const    0x00205398    0x10  per_test.o [1]
  .rodata            const    0x002053a8    0x10  per_test.o [1]
  .rodata            const    0x002053b8    0x10  per_test_menu.o [1]
  .rodata            const    0x002053c8    0x10  per_test_menu.o [1]
  .rodata            const    0x002053d8    0x10  per_test_menu.o [1]
  .rodata            const    0x002053e8    0x10  per_test_menu.o [1]
  .rodata            const    0x002053f8    0x10  per_test_menu.o [1]
  .rodata            const    0x00205408    0x10  per_test_menu.o [1]
  .rodata            const    0x00205418    0x10  per_test_menu.o [1]
  .rodata            const    0x00205428    0x10  per_test_menu.o [1]
  .rodata            const    0x00205438    0x10  per_test_menu.o [1]
  .rodata            const    0x00205448    0x10  per_test_menu.o [1]
  .rodata            const    0x00205458    0x10  per_test_menu.o [1]
  .rodata            const    0x00205468    0x10  per_test_menu.o [1]
  .rodata            const    0x00205478    0x10  per_test_menu.o [1]
  .rodata            const    0x00205488    0x10  per_test_menu.o [1]
  .rodata            const    0x00205498    0x10  per_test_menu.o [1]
  .rodata            const    0x002054a8    0x10  per_test_menu.o [1]
  .rodata            const    0x002054b8    0x10  per_test_menu.o [1]
  .rodata            const    0x002054c8     0xc  per_test.o [1]
  .rodata            const    0x002054d4     0xc  per_test.o [1]
  .rodata            const    0x002054e0     0xc  per_test.o [1]
  .rodata            const    0x002054ec     0xc  per_test.o [1]
  .rodata            const    0x002054f8     0xc  per_test_menu.o [1]
  .rodata            const    0x00205504     0xc  per_test_menu.o [1]
  .rodata            const    0x00205510     0xc  per_test_menu.o [1]
  .rodata            const    0x0020551c     0xc  per_test_menu.o [1]
  .rodata            const    0x00205528     0xc  per_test_menu.o [1]
  .rodata            const    0x00205534     0xc  per_test_menu.o [1]
  .rodata            const    0x00205540     0xc  util_menu_driver.o [1]
  .rodata            const    0x0020554c     0x8  per_test_menu.o [1]
  .rodata            const    0x00205554     0x8  per_test_menu.o [1]
  .rodata            const    0x0020555c     0x8  per_test_menu.o [1]
  .rodata            const    0x00205564     0x8  per_test_menu.o [1]
  .rodata            const    0x0020556c     0x8  per_test_menu.o [1]
  .rodata            const    0x00205574     0x8  per_test_menu.o [1]
  .rodata            const    0x0020557c     0x8  per_test_menu.o [1]
  .rodata            const    0x00205584     0x8  per_test_menu.o [1]
  .rodata            const    0x0020558c     0x8  per_test_menu.o [1]
  .rodata            const    0x00205594     0x8  per_test_menu.o [1]
  .rodata            const    0x0020559c     0x8  per_test_menu.o [1]
  .rodata            const    0x002055a4     0x8  per_test_menu.o [1]
  .rodata            const    0x002055ac     0x8  per_test_menu.o [1]
  .rodata            const    0x002055b4     0x8  per_test_menu.o [1]
  .rodata            const    0x002055bc     0x4  lcd_dogm128_6.o [1]
  .rodata            const    0x002055c0     0x4  per_test_menu.o [1]
  .rodata            const    0x002055c4     0x4  per_test_menu.o [1]
  .rodata            const    0x002055c8     0x4  per_test_menu.o [1]
  .rodata            const    0x002055cc     0x4  per_test_menu.o [1]
  .rodata            const    0x002055d0     0x4  per_test_menu.o [1]
  .rodata            const    0x002055d4     0x4  per_test_menu.o [1]
  .rodata            const    0x002055d8     0x4  per_test_menu.o [1]
  .rodata            const    0x002055dc     0x0  zero_init3.o [5]
  .rodata            const    0x002055dc     0x0  lz77_init_single.o [5]
  Initializer bytes  const    0x002055dc    0x74  <for P2-1>
                            - 0x00205650  0x5550

"A2":                                        0xc
  .flashcca          const    0x0027ffd4     0xc  setup.o [1]
                            - 0x0027ffe0     0xc

"A3":                                      0x100
  VTABLE             zero     0x20004000   0x100  interrupt.o [1]
                            - 0x20004100   0x100

"P2", part 1 of 2:                          0xf2
  P2-1                        0x20004100    0xf2  <Init block>
    .data            inited   0x20004100    0x10  basic_rf.o [1]
    .data            inited   0x20004110    0x1c  per_test_menu.o [1]
    .data            inited   0x2000412c    0x1c  per_test_menu.o [1]
    .data            inited   0x20004148    0x1c  per_test_menu.o [1]
    .data            inited   0x20004164    0x1c  per_test_menu.o [1]
    .data            inited   0x20004180    0x1c  per_test_menu.o [1]
    .data            inited   0x2000419c    0x1c  per_test_menu.o [1]
    .data            inited   0x200041b8    0x1c  per_test_menu.o [1]
    .data            inited   0x200041d4    0x1c  per_test_menu.o [1]
    .data            inited   0x200041f0     0x1  hal_rf.o [1]
    .data            inited   0x200041f1     0x1  per_test.o [1]
                            - 0x200041f2    0xf2

"P2", part 2 of 2:                         0x694
  .bss               zero     0x200041f4   0x400  lcd_dogm128_6.o [1]
  .bss               zero     0x200045f4    0x80  basic_rf.o [1]
  .bss               zero     0x20004674    0x74  basic_rf.o [1]
  .bss               zero     0x200046e8    0x5c  per_test.o [1]
  .bss               zero     0x20004744    0x5c  per_test.o [1]
  .bss               zero     0x200047a0    0x20  io_pin_int.o [1]
  .bss               zero     0x200047c0    0x20  io_pin_int.o [1]
  .bss               zero     0x200047e0    0x20  io_pin_int.o [1]
  .bss               zero     0x20004800    0x20  io_pin_int.o [1]
  .bss               zero     0x20004820    0x14  bsp_key.o [1]
  .bss               zero     0x20004834    0x10  per_test.o [1]
  .bss               zero     0x20004844     0x8  basic_rf.o [1]
  .bss               zero     0x2000484c     0x8  per_test.o [1]
  .bss               zero     0x20004854     0x4  basic_rf.o [1]
  .bss               zero     0x20004858     0x4  bsp_key.o [1]
  .bss               zero     0x2000485c     0x4  bsp_key.o [1]
  .bss               zero     0x20004860     0x4  bsp_key.o [1]
  .bss               zero     0x20004864     0x4  hal_rf.o [1]
  .bss               zero     0x20004868     0x4  hal_timer_32k.o [1]
  .bss               zero     0x2000486c     0x4  hal_timer_32k.o [1]
  .bss               zero     0x20004870     0x4  io_pin_int.o [1]
  .bss               zero     0x20004874     0x4  io_pin_int.o [1]
  .bss               zero     0x20004878     0x4  io_pin_int.o [1]
  .bss               zero     0x2000487c     0x4  io_pin_int.o [1]
  .bss               zero     0x20004880     0x1  bsp.o [1]
  .bss               zero     0x20004881     0x1  hal_rf.o [1]
  .bss               zero     0x20004882     0x1  per_test.o [1]
  .bss               zero     0x20004883     0x1  per_test.o [1]
  .bss               zero     0x20004884     0x1  per_test.o [1]
  .bss               zero     0x20004885     0x1  per_test_menu.o [1]
                            - 0x20004886   0x692

"A4":                                      0x800
  CSTACK                      0x20007800   0x800  <Block>
    .stack           uninit   0x20007800     0x4  startup_iar.o [1]
    CSTACK           uninit   0x20007804   0x7fc  <Block tail>
                            - 0x20008000   0x800


*******************************************************************************
*** INIT TABLE
***

          Address     Size
          -------     ----
Zero (__iar_zero_init3)
    2 destination ranges, total size 0x792:
          0x20004000  0x100
          0x200041f4  0x692

Copy/lz77 (__iar_lz77_init_single3)
    1 source range, total size 0x74 (47% of destination):
          0x002055dc   0x74
    1 destination range, total size 0xf2:
          0x20004100   0xf2



*******************************************************************************
*** MODULE SUMMARY
***

    Module                    ro code  ro data  rw data
    ------                    -------  -------  -------
C:\igs_svn_data\PROJECT_01\02_FW\02_WSCM\02_CC2538_PER_TEST\ide\srf06eb_cc2538\iar\temp\per_test\CC2538: [1]
    basic_rf.o                    756        7      272
    bsp.o                         540                 1
    bsp_key.o                     926                32
    bsp_led.o                      56
    cpu.o                          16
    gpio.o                        444
    hal_int.o                      16
    hal_rf.o                      936                 6
    hal_timer_32k.o               136                 8
    interrupt.o                   452      224      256
    io_pin_int.o                1 120               144
    ioc.o                         572      256
    lcd_dogm128_6.o             1 844        4    1 024
    lcd_dogm128_6_alphabet.o               472
    lcd_dogm128_6_ti_logo.o              1 024
    lcd_srf06eb.o                 276       20
    per_test.o                  1 892      257      212
    per_test_menu.o               208    3 103      225
    setup.o                                 12
    sleepmode.o                   108
    ssi.o                         142
    startup_iar.o                  62      256        4
    sys_ctrl.o                    368       24
    util_menu_driver.o          2 256       12
    util_menu_system.o            550
    ---------------------------------------------------
    Total:                     13 676    5 671    2 184

command line: [2]
    ---------------------------------------------------
    Total:

dl7M_tln.a: [3]
    exit.o                          4
    low_level_init.o                4
    ---------------------------------------------------
    Total:                          8

m7M_tl.a: [4]
    DblAdd.o                      212
    DblCmpGe.o                     46
    DblMul.o                      418
    DblSub.o                      384
    DblToFlt.o                    144
    DblToI32.o                     76
    FltAdd.o                      116
    FltCmpGe.o                     36
    FltCmpLe.o                     36
    FltDiv.o                      252
    FltMul.o                      216
    FltSub.o                      230
    FltToDbl.o                     78
    FltToS32.o                     68
    I32ToFlt.o                     50
    ---------------------------------------------------
    Total:                      2 362

rt7M_tl.a: [5]
    ABImemclr4.o                    6
    ABImemset48.o                  50
    cexit.o                        10
    cmain.o                        26
    cstartup_M.o                   12
    data_init.o                    40
    lz77_init_single.o            118
    zero_init3.o                   64
    ---------------------------------------------------
    Total:                        326

shb_l.a: [6]
    exit.o                         20
    ---------------------------------------------------
    Total:                         20

    Gaps                            5
    Linker created                          40    2 044
-------------------------------------------------------
    Grand Total:               16 397    5 711    4 228


*******************************************************************************
*** ENTRY LIST
***

Entry                      Address   Size  Type      Object
-----                      -------   ----  ----      ------
.iar.init_table$$Base   0x00204fdc          --   Gb  - Linker created -
.iar.init_table$$Limit  0x00205004          --   Gb  - Linker created -
?main                   0x00204f71         Code  Gb  cmain.o [5]
ADCIntHandler           0x00204f61    0x2  Code  Wk  startup_iar.o [1]
AESIntHandler           0x00204f61    0x2  Code  Wk  startup_iar.o [1]
CPUcpsid                0x002026d5    0x8  Code  Gb  cpu.o [1]
CPUcpsie                0x002026dd    0x8  Code  Gb  cpu.o [1]
CSTACK$$Base            0x20007800          --   Gb  - Linker created -
CSTACK$$Limit           0x20008000          --   Gb  - Linker created -
CompIntHandler          0x00204f61    0x2  Code  Wk  startup_iar.o [1]
FaultISR                0x00204f5f    0x2  Code  Lc  startup_iar.o [1]
FlashIntHandler         0x00204f61    0x2  Code  Wk  startup_iar.o [1]
GPIOAIntHandler         0x00204f61    0x2  Code  Wk  startup_iar.o [1]
GPIOBIntHandler         0x00204f61    0x2  Code  Wk  startup_iar.o [1]
GPIOCIntHandler         0x00204f61    0x2  Code  Wk  startup_iar.o [1]
GPIODIntHandler         0x00204f61    0x2  Code  Wk  startup_iar.o [1]
GPIODirModeSet          0x00201f4f   0x48  Code  Gb  gpio.o [1]
GPIOGetIntNumber        0x00201f19   0x36  Code  Gb  gpio.o [1]
GPIOIntTypeSet          0x00201f97   0x5c  Code  Gb  gpio.o [1]
GPIOPinIntClear         0x0020202d    0x8  Code  Gb  gpio.o [1]
GPIOPinIntDisable       0x00202005   0x14  Code  Gb  gpio.o [1]
GPIOPinIntEnable        0x00201ff3   0x12  Code  Gb  gpio.o [1]
GPIOPinIntStatus        0x00202019   0x14  Code  Gb  gpio.o [1]
GPIOPinRead             0x00202053    0x8  Code  Gb  gpio.o [1]
GPIOPinTypeGPIOInput    0x00202065   0x20  Code  Gb  gpio.o [1]
GPIOPinTypeGPIOOutput   0x00202085   0x20  Code  Gb  gpio.o [1]
GPIOPinTypeSSI          0x002020a5   0x20  Code  Gb  gpio.o [1]
GPIOPinWrite            0x0020205b    0xa  Code  Gb  gpio.o [1]
GPIOPortIntRegister     0x00202035   0x1e  Code  Gb  gpio.o [1]
I2CIntHandler           0x00204f61    0x2  Code  Wk  startup_iar.o [1]
IOCPadConfigSet         0x0020263b   0x60  Code  Gb  ioc.o [1]
IOCPinConfigPeriphInput
                        0x0020250d  0x12e  Code  Gb  ioc.o [1]
IOCPinConfigPeriphOutput
                        0x00202499   0x74  Code  Gb  ioc.o [1]
IcePickIntHandler       0x00204f61    0x2  Code  Wk  startup_iar.o [1]
IntDefaultHandler       0x00204f61    0x2  Code  Lc  startup_iar.o [1]
IntDisable              0x002023cd   0x66  Code  Gb  interrupt.o [1]
IntEnable               0x00202367   0x66  Code  Gb  interrupt.o [1]
IntMasterDisable        0x002022e9   0x14  Code  Gb  interrupt.o [1]
IntMasterEnable         0x002022d5   0x14  Code  Gb  interrupt.o [1]
IntPendClear            0x00202433   0x42  Code  Gb  interrupt.o [1]
IntPrioritySet          0x00202331   0x36  Code  Gb  interrupt.o [1]
IntRegister             0x002022fd   0x34  Code  Gb  interrupt.o [1]
MacTimerIntHandler      0x00204f61    0x2  Code  Wk  startup_iar.o [1]
NmiISR                  0x00204f5d    0x2  Code  Lc  startup_iar.o [1]
PKAIntHandler           0x00204f61    0x2  Code  Wk  startup_iar.o [1]
PendSVIntHandler        0x00204f61    0x2  Code  Wk  startup_iar.o [1]
RFCoreErrIntHandler     0x00204f61    0x2  Code  Wk  startup_iar.o [1]
RFCoreTxIntHandler      0x00204f61    0x2  Code  Wk  startup_iar.o [1]
Region$$Table$$Base     0x00204fdc          --   Gb  - Linker created -
Region$$Table$$Limit    0x00205004          --   Gb  - Linker created -
ResetISR                0x00204f25   0x28  Code  Lc  startup_iar.o [1]
SSI0IntHandler          0x00204f61    0x2  Code  Wk  startup_iar.o [1]
SSI1IntHandler          0x00204f61    0x2  Code  Wk  startup_iar.o [1]
SSIBusy                 0x002022c3    0xa  Code  Gb  ssi.o [1]
SSIClockSourceSet       0x002022cd    0x6  Code  Gb  ssi.o [1]
SSIConfigSetExpClk      0x00202245   0x4e  Code  Gb  ssi.o [1]
SSIDataGetNonBlocking   0x002022b1   0x12  Code  Gb  ssi.o [1]
SSIDataPut              0x002022a7    0xa  Code  Gb  ssi.o [1]
SSIDisable              0x0020229d    0xa  Code  Gb  ssi.o [1]
SSIEnable               0x00202293    0xa  Code  Gb  ssi.o [1]
STACK_TOP {Abs}         0x20008000          --   Gb  command line/config [2]
SleepModeIntHandler     0x00204f61    0x2  Code  Wk  startup_iar.o [1]
SleepModeIntRegister    0x00203eed   0x12  Code  Gb  sleepmode.o [1]
SleepModeTimerCompareSet
                        0x00203f1d   0x26  Code  Gb  sleepmode.o [1]
SleepModeTimerCountGet  0x00203eff   0x1e  Code  Gb  sleepmode.o [1]
SysCtrlClockGet         0x00202145   0x46  Code  Gb  sys_ctrl.o [1]
SysCtrlClockSet         0x002020d5   0x70  Code  Gb  sys_ctrl.o [1]
SysCtrlDelay            0x002021e5    0x8  Code  Gb  sys_ctrl.o [1]
SysCtrlIOClockGet       0x0020219d   0x46  Code  Gb  sys_ctrl.o [1]
SysCtrlIOClockSet       0x0020218b   0x12  Code  Gb  sys_ctrl.o [1]
SysCtrlPeripheralEnable
                        0x002021ed   0x26  Code  Gb  sys_ctrl.o [1]
SysTickIntHandler       0x00204f61    0x2  Code  Wk  startup_iar.o [1]
Timer0AIntHandler       0x00204f61    0x2  Code  Wk  startup_iar.o [1]
Timer0BIntHandler       0x00204f61    0x2  Code  Wk  startup_iar.o [1]
Timer1AIntHandler       0x00204f61    0x2  Code  Wk  startup_iar.o [1]
Timer1BIntHandler       0x00204f61    0x2  Code  Wk  startup_iar.o [1]
Timer2AIntHandler       0x00204f61    0x2  Code  Wk  startup_iar.o [1]
Timer2BIntHandler       0x00204f61    0x2  Code  Wk  startup_iar.o [1]
Timer3AIntHandler       0x00204f61    0x2  Code  Wk  startup_iar.o [1]
Timer3BIntHandler       0x00204f61    0x2  Code  Wk  startup_iar.o [1]
UART0IntHandler         0x00204f61    0x2  Code  Wk  startup_iar.o [1]
UART1IntHandler         0x00204f61    0x2  Code  Wk  startup_iar.o [1]
USBIntHandler           0x00204f61    0x2  Code  Wk  startup_iar.o [1]
WatchdogIntHandler      0x00204f61    0x2  Code  Wk  startup_iar.o [1]
__aeabi_cdrcmple        0x002019bd         Code  Gb  DblCmpGe.o [4]
__aeabi_cfcmple         0x002013a1         Code  Gb  FltCmpLe.o [4]
__aeabi_cfrcmple        0x00201b91         Code  Gb  FltCmpGe.o [4]
__aeabi_d2f             0x00201b01         Code  Gb  DblToFlt.o [4]
__aeabi_d2iz            0x002017f1         Code  Gb  DblToI32.o [4]
__aeabi_dmul            0x0020164d         Code  Gb  DblMul.o [4]
__aeabi_dsub            0x0020183d         Code  Gb  DblSub.o [4]
__aeabi_f2d             0x002015fd         Code  Gb  FltToDbl.o [4]
__aeabi_f2iz            0x0020149d         Code  Gb  FltToS32.o [4]
__aeabi_fdiv            0x002038cd         Code  Gb  FltDiv.o [4]
__aeabi_fmul            0x002013c5         Code  Gb  FltMul.o [4]
__aeabi_fsub            0x00201515         Code  Gb  FltSub.o [4]
__aeabi_i2f             0x002014e1         Code  Gb  I32ToFlt.o [4]
__aeabi_memclr4         0x002039c9         Code  Gb  ABImemclr4.o [5]
__aeabi_ui2f            0x002014f5         Code  Gb  I32ToFlt.o [4]
__cca                   0x0027ffd4    0xc  Data  Gb  setup.o [1]
__cmain                 0x00204f71         Code  Gb  cmain.o [5]
__exit                  0x00204fc9   0x14  Code  Gb  exit.o [6]
__iar_Memset4_word      0x00203eb9         Code  Gb  ABImemset48.o [5]
__iar_Memset8_word      0x00203eb9         Code  Gb  ABImemset48.o [5]
__iar_d2uiz             0x0020181d         Code  Gb  DblToI32.o [4]
__iar_dadd              0x00201c29         Code  Gb  DblAdd.o [4]
__iar_data_init3        0x00204f91   0x28  Code  Gb  data_init.o [5]
__iar_dsub              0x00201851         Code  Gb  DblSub.o [4]
__iar_dsubStart         0x00201863         Code  Gb  DblSub.o [4]
__iar_fadd              0x00201bb5         Code  Gb  FltAdd.o [4]
__iar_fsub              0x00201525         Code  Gb  FltSub.o [4]
__iar_fsubStart         0x00201535         Code  Gb  FltSub.o [4]
__iar_lz77_init_single3
                        0x0020132b   0x76  Code  Gb  lz77_init_single.o [5]
__iar_program_start     0x00204f63         Code  Gb  cstartup_M.o [5]
__iar_ui2f              0x002014f9         Code  Gb  I32ToFlt.o [4]
__iar_zero_init3        0x00204ee5   0x40  Code  Gb  zero_init3.o [5]
__low_level_init        0x00204f8b    0x4  Code  Gb  low_level_init.o [3]
__vector_table          0x00200000  0x100  Data  Gb  startup_iar.o [1]
_call_main              0x00204f7d         Code  Gb  cmain.o [5]
_exit                   0x00204fbd         Code  Gb  cexit.o [5]
_main                   0x00204f87         Code  Gb  cmain.o [5]
appActiveModeCleanup    0x00202ce3   0x32  Code  Lc  per_test.o [1]
appLedReset             0x00202da9   0x1c  Code  Lc  per_test.o [1]
appLedUpdate            0x00202d15   0x94  Code  Lc  per_test.o [1]
appReceiver             0x00202929  0x200  Code  Gb  per_test.o [1]
appTimerConfig          0x00202b6d   0x1c  Code  Lc  per_test.o [1]
appTimerIsr             0x00202b29   0x44  Code  Lc  per_test.o [1]
appTransmitter          0x002027c1  0x168  Code  Gb  per_test.o [1]
appWriteLcdRxStatics    0x00202c49   0x9a  Code  Lc  per_test.o [1]
appWriteLcdSplash       0x00202b89   0x32  Code  Lc  per_test.o [1]
appWriteLcdTxStatics    0x00202bbb   0x8e  Code  Lc  per_test.o [1]
basicRfBuildHeader      0x002031f9   0x3c  Code  Lc  basic_rf.o [1]
basicRfBuildMpdu        0x00203235   0x36  Code  Lc  basic_rf.o [1]
basicRfConfig           0x2000484c    0x8  Data  Lc  per_test.o [1]
basicRfInit             0x00203349   0x56  Code  Gb  basic_rf.o [1]
basicRfPacketIsReady    0x00203441    0x6  Code  Gb  basic_rf.o [1]
basicRfReceive          0x00203447   0x62  Code  Gb  basic_rf.o [1]
basicRfReceiveOff       0x002034b7    0xe  Code  Gb  basic_rf.o [1]
basicRfReceiveOn        0x002034a9    0xe  Code  Gb  basic_rf.o [1]
basicRfRxFrmDoneIsr     0x0020326b   0xde  Code  Lc  basic_rf.o [1]
basicRfSendPacket       0x0020339f   0xa2  Code  Gb  basic_rf.o [1]
bsp3V3DomainEnable      0x00201ec9   0x18  Code  Gb  bsp.o [1]
bspInit                 0x00201cfd  0x148  Code  Gb  bsp.o [1]
bspKeyDirPushedISR      0x00203045   0x98  Code  Lc  bsp_key.o [1]
bspKeyGetDir            0x00202fef   0x34  Code  Gb  bsp_key.o [1]
bspKeyInit              0x00202e49   0x9a  Code  Gb  bsp_key.o [1]
bspKeyIntDisabledMask   0x2000485c    0x4  Data  Lc  bsp_key.o [1]
bspKeyIntEnable         0x00203023   0x22  Code  Gb  bsp_key.o [1]
bspKeyPushed            0x00202ee3  0x10c  Code  Gb  bsp_key.o [1]
bspKeySelPushedISR      0x002030dd   0x62  Code  Lc  bsp_key.o [1]
bspKeyTimerDisable      0x002031ab    0xe  Code  Lc  bsp_key.o [1]
bspKeyTimerEnable       0x00203187   0x24  Code  Lc  bsp_key.o [1]
bspKeyTimerISR          0x00203141   0x46  Code  Lc  bsp_key.o [1]
bspKeyTimerIntRegister  0x002031d5   0x12  Code  Lc  bsp_key.o [1]
bspKeysIsrTable         0x20004820   0x14  Data  Lc  bsp_key.o [1]
bspKeysPressed          0x20004858    0x4  Data  Lc  bsp_key.o [1]
bspLedClear             0x00203895   0x10  Code  Gb  bsp_led.o [1]
bspLedToggle            0x002038a5   0x24  Code  Gb  bsp_led.o [1]
bspSpiClockSpeedSet     0x00201ea1   0x28  Code  Gb  bsp.o [1]
bspSpiInit              0x00201e45   0x5c  Code  Gb  bsp.o [1]
channelMenu             0x2000412c   0x1c  Data  Gb  per_test_menu.o [1]
channelMenuItems        0x00204358  0x220  Data  Lc  per_test_menu.o [1]
determineDecimals       0x0020071d  0x22a  Code  Lc  util_menu_driver.o [1]
determineItemsPerScreen
                        0x00200975   0x28  Code  Lc  util_menu_driver.o [1]
dummy_stack             0x20007800    0x4  Data  Lc  startup_iar.o [1]
exit                    0x00204fb9    0x4  Code  Gb  exit.o [3]
g_pfnRAMVectors         0x20004000  0x100  Data  Lc  interrupt.o [1]
g_pui32DisRegs          0x00205148   0x14  Data  Lc  interrupt.o [1]
g_pui32EnRegs           0x00205134   0x14  Data  Lc  interrupt.o [1]
g_pui32IOCPortAOverrideReg
                        0x00205004   0x20  Data  Lc  ioc.o [1]
g_pui32IOCPortASignSelectReg
                        0x00205084   0x20  Data  Lc  ioc.o [1]
g_pui32IOCPortBOverrideReg
                        0x00205024   0x20  Data  Lc  ioc.o [1]
g_pui32IOCPortBSignSelectReg
                        0x002050a4   0x20  Data  Lc  ioc.o [1]
g_pui32IOCPortCOverrideReg
                        0x00205044   0x20  Data  Lc  ioc.o [1]
g_pui32IOCPortCSignSelectReg
                        0x002050c4   0x20  Data  Lc  ioc.o [1]
g_pui32IOCPortDOverrideReg
                        0x00205064   0x20  Data  Lc  ioc.o [1]
g_pui32IOCPortDSignSelectReg
                        0x002050e4   0x20  Data  Lc  ioc.o [1]
g_pui32RCGCRegs         0x0020511c   0x18  Data  Lc  sys_ctrl.o [1]
g_pui32Regs             0x00204c80   0xa4  Data  Lc  interrupt.o [1]
g_pui32UnpendRegs       0x0020515c   0x14  Data  Lc  interrupt.o [1]
gainMenu                0x200041d4   0x1c  Data  Gb  per_test_menu.o [1]
gainMenuItems           0x00204e84   0x60  Data  Lc  per_test_menu.o [1]
getNextPage             0x0020099d   0x20  Code  Lc  util_menu_driver.o [1]
halIntOff               0x002031ef    0x8  Code  Gb  hal_int.o [1]
halIntOn                0x002031e7    0x8  Code  Gb  hal_int.o [1]
halRfDisableRxInterrupt
                        0x00203735   0x16  Code  Gb  hal_rf.o [1]
halRfEmModule           0x20004881    0x1  Data  Lc  hal_rf.o [1]
halRfEnableRxInterrupt  0x0020374b   0x16  Code  Gb  hal_rf.o [1]
halRfGetRssiOffset      0x0020356d    0x6  Code  Gb  hal_rf.o [1]
halRfInit               0x002034ed   0x80  Code  Gb  hal_rf.o [1]
halRfIsr                0x002037d1   0x44  Code  Lc  hal_rf.o [1]
halRfPaLnaInit          0x0020378f   0x40  Code  Lc  hal_rf.o [1]
halRfReadRxBuf          0x002036e7   0x14  Code  Gb  hal_rf.o [1]
halRfReceiveOff         0x00203727    0xe  Code  Gb  hal_rf.o [1]
halRfReceiveOn          0x00203719    0xe  Code  Gb  hal_rf.o [1]
halRfRxInterruptConfig  0x00203761   0x22  Code  Gb  hal_rf.o [1]
halRfSetChannel         0x00203573    0xe  Code  Gb  hal_rf.o [1]
halRfSetGain            0x00203667   0x52  Code  Gb  hal_rf.o [1]
halRfSetModule          0x00203651   0x16  Code  Gb  hal_rf.o [1]
halRfSetPanId           0x00203595   0x14  Code  Gb  hal_rf.o [1]
halRfSetShortAddr       0x00203581   0x14  Code  Gb  hal_rf.o [1]
halRfSetTxPower         0x002035a9   0xa8  Code  Gb  hal_rf.o [1]
halRfTransmit           0x002036fb   0x1e  Code  Gb  hal_rf.o [1]
halRfWaitTransceiverReady
                        0x00203783    0xc  Code  Gb  hal_rf.o [1]
halRfWriteTxBuf         0x002036b9   0x2e  Code  Gb  hal_rf.o [1]
halTimer32kInit         0x002039d1   0x1e  Code  Gb  hal_timer_32k.o [1]
halTimer32kIntConnect   0x002039ef   0x28  Code  Gb  hal_timer_32k.o [1]
halTimer32kIntDisable   0x00203a27    0xa  Code  Gb  hal_timer_32k.o [1]
halTimer32kIntEnable    0x00203a17   0x10  Code  Gb  hal_timer_32k.o [1]
halTimer32kIsr          0x00203a31   0x20  Code  Lc  hal_timer_32k.o [1]
i8Bsp3V3DomainEnableCount
                        0x20004880    0x1  Data  Lc  bsp.o [1]
ioPinIntRegister        0x00203a59  0x160  Code  Gb  io_pin_int.o [1]
ioPortAIsr              0x00203bb9   0xb2  Code  Lc  io_pin_int.o [1]
ioPortBIsr              0x00203c6d   0xb2  Code  Lc  io_pin_int.o [1]
ioPortCIsr              0x00203d21   0xb2  Code  Lc  io_pin_int.o [1]
ioPortDIsr              0x00203dd5   0xb2  Code  Lc  io_pin_int.o [1]
lcdBufferClear          0x00200a9f   0x1e  Code  Gb  lcd_dogm128_6.o [1]
lcdBufferClearHLine     0x00201085   0x5c  Code  Gb  lcd_dogm128_6.o [1]
lcdBufferClearPage      0x00200abd   0x28  Code  Gb  lcd_dogm128_6.o [1]
lcdBufferClearPart      0x00200ae5   0x4c  Code  Gb  lcd_dogm128_6.o [1]
lcdBufferInvert         0x00200b31  0x120  Code  Gb  lcd_dogm128_6.o [1]
lcdBufferInvertPage     0x00200c51   0x3c  Code  Gb  lcd_dogm128_6.o [1]
lcdBufferPrintFloat     0x00200ec7  0x162  Code  Gb  lcd_dogm128_6.o [1]
lcdBufferPrintInt       0x00200e17   0xb0  Code  Gb  lcd_dogm128_6.o [1]
lcdBufferPrintString    0x00200d29   0xa2  Code  Gb  lcd_dogm128_6.o [1]
lcdBufferPrintStringAligned
                        0x00200dcb   0x4c  Code  Gb  lcd_dogm128_6.o [1]
lcdBufferSetHLine       0x00201029   0x5c  Code  Gb  lcd_dogm128_6.o [1]
lcdDefaultBuffer        0x200041f4  0x400  Data  Gb  lcd_dogm128_6.o [1]
lcdGetFloatLength       0x00200cc9   0x60  Code  Gb  lcd_dogm128_6.o [1]
lcdGetIntLength         0x00200c9f   0x2a  Code  Gb  lcd_dogm128_6.o [1]
lcdGetStringLength      0x00200c8d   0x12  Code  Gb  lcd_dogm128_6.o [1]
lcdGotoXY               0x00200a61   0x3e  Code  Gb  lcd_dogm128_6.o [1]
lcdInit                 0x002019ed   0x5a  Code  Gb  lcd_srf06eb.o [1]
lcdInitCmd              0x00205170   0x14  Data  Lc  lcd_srf06eb.o [1]
lcdSendArray            0x00201abd   0x34  Code  Lc  lcd_srf06eb.o [1]
lcdSendBuffer           0x002009d1   0x32  Code  Gb  lcd_dogm128_6.o [1]
lcdSendBufferPart       0x00200a03   0x5e  Code  Gb  lcd_dogm128_6.o [1]
lcdSendCommand          0x00201a47   0x3c  Code  Gb  lcd_srf06eb.o [1]
lcdSendData             0x00201a83   0x3a  Code  Gb  lcd_srf06eb.o [1]
lcd_alphabet            0x00204578  0x1d8  Data  Gb  lcd_dogm128_6_alphabet.o [1]
main                    0x002026e5   0xdc  Code  Gb  per_test.o [1]
menuBack                0x002012df   0x40  Code  Gb  util_menu_system.o [1]
menuDisplay             0x00200101    0xe  Code  Gb  util_menu_driver.o [1]
menuDown                0x0020119d   0xc4  Code  Gb  util_menu_system.o [1]
menuEnter               0x00201271   0x6e  Code  Gb  util_menu_system.o [1]
menuGetScreen           0x002009bd   0x14  Code  Gb  util_menu_driver.o [1]
menuPositionTop         0x00201261   0x10  Code  Gb  util_menu_system.o [1]
menuTop                 0x0020131f    0xc  Code  Gb  util_menu_system.o [1]
menuUp                  0x00201105   0x98  Code  Gb  util_menu_system.o [1]
menuWriteBuffer         0x0020010f  0x14a  Code  Lc  util_menu_driver.o [1]
modeMenu                0x20004148   0x1c  Data  Gb  per_test_menu.o [1]
modeMenuComboItems      0x00204e24   0x60  Data  Lc  per_test_menu.o [1]
modeMenuItems           0x00204dc4   0x60  Data  Lc  per_test_menu.o [1]
pConfig                 0x20004854    0x4  Data  Lc  basic_rf.o [1]
pFptr                   0x2000486c    0x4  Data  Lc  hal_timer_32k.o [1]
pLcdTiLogo              0x00203f58  0x400  Data  Gb  lcd_dogm128_6_ti_logo.o [1]
perConfig               0x20004834   0x10  Data  Gb  per_test.o [1]
perTestSetChannel       0x00204b4f    0xa  Code  Lc  per_test_menu.o [1]
perTestSetGain          0x00204b3f   0x10  Code  Lc  per_test_menu.o [1]
perTestSetMode          0x00204b59   0x20  Code  Lc  per_test_menu.o [1]
perTestSetModule        0x00204af1   0x4e  Code  Lc  per_test_menu.o [1]
perTestSetPktCount      0x00204b83    0xa  Code  Lc  per_test_menu.o [1]
perTestSetPktRate       0x00204b8d    0xa  Code  Lc  per_test_menu.o [1]
perTestSetTxPower       0x00204b79    0xa  Code  Lc  per_test_menu.o [1]
perTestStartTx          0x00204bb9    0x8  Code  Lc  per_test_menu.o [1]
pfISR                   0x20004864    0x4  Data  Lc  hal_rf.o [1]
pfnPortAIsr             0x200047a0   0x20  Data  Lc  io_pin_int.o [1]
pfnPortBIsr             0x200047c0   0x20  Data  Lc  io_pin_int.o [1]
pfnPortCIsr             0x200047e0   0x20  Data  Lc  io_pin_int.o [1]
pfnPortDIsr             0x20004800   0x20  Data  Lc  io_pin_int.o [1]
pktCountMenu            0x20004180   0x1c  Data  Gb  per_test_menu.o [1]
pktCountMenuItems       0x00204d24   0xa0  Data  Lc  per_test_menu.o [1]
pktRateMenu             0x2000419c   0x1c  Data  Gb  per_test_menu.o [1]
pktRateMenuItems        0x00204bc0   0xc0  Data  Lc  per_test_menu.o [1]
printHeader             0x002005cf   0xc8  Code  Lc  util_menu_driver.o [1]
printItem               0x00200259  0x376  Code  Lc  util_menu_driver.o [1]
printNavNumbers         0x00200697   0x80  Code  Lc  util_menu_driver.o [1]
rssiOffset              0x200041f0    0x1  Data  Lc  hal_rf.o [1]
rxMpdu                  0x200045f4   0x80  Data  Lc  basic_rf.o [1]
rxi                     0x20004100   0x10  Data  Lc  basic_rf.o [1]
startMenu               0x20004110   0x1c  Data  Gb  per_test_menu.o [1]
startMenuItems          0x00204850   0xe0  Data  Lc  per_test_menu.o [1]
tRxPacket               0x20004744   0x5c  Data  Lc  per_test.o [1]
tTxPacket               0x200046e8   0x5c  Data  Lc  per_test.o [1]
txMpdu                  0x20004674   0x74  Data  Lc  basic_rf.o [1]
txPowerMenu             0x20004164   0x1c  Data  Gb  per_test_menu.o [1]
txPowerMenuComboItems   0x00204750  0x100  Data  Lc  per_test_menu.o [1]
txPowerMenuItems        0x00204930   0xe0  Data  Lc  per_test_menu.o [1]
txStartMenu             0x200041b8   0x1c  Data  Gb  per_test_menu.o [1]
txStartMenuItems        0x00204a10   0xe0  Data  Lc  per_test_menu.o [1]
txState                 0x20004844    0x8  Data  Lc  basic_rf.o [1]
uDMAErrIntHandler       0x00204f61    0x2  Code  Wk  startup_iar.o [1]
uDMAIntHandler          0x00204f61    0x2  Code  Wk  startup_iar.o [1]
ucLedBm                 0x20004883    0x1  Data  Lc  per_test.o [1]
ucLedPer                0x20004882    0x1  Data  Lc  per_test.o [1]
ui8BspKeyMode           0x20004860    0x4  Data  Lc  bsp_key.o [1]
ui8PortAPinHasIsr       0x20004870    0x4  Data  Lc  io_pin_int.o [1]
ui8PortBPinHasIsr       0x20004874    0x4  Data  Lc  io_pin_int.o [1]
ui8PortCPinHasIsr       0x20004878    0x4  Data  Lc  io_pin_int.o [1]
ui8PortDPinHasIsr       0x2000487c    0x4  Data  Lc  io_pin_int.o [1]
ulHalTimer32kInterval   0x20004868    0x4  Data  Lc  hal_timer_32k.o [1]


[1] = C:\igs_svn_data\PROJECT_01\02_FW\02_WSCM\02_CC2538_PER_TEST\ide\srf06eb_cc2538\iar\temp\per_test\CC2538
[2] = command line
[3] = dl7M_tln.a
[4] = m7M_tl.a
[5] = rt7M_tl.a
[6] = shb_l.a

  16 397 bytes of readonly  code memory
   5 711 bytes of readonly  data memory
   4 228 bytes of readwrite data memory

Errors: none
Warnings: none
